Archive member included to satisfy reference by file (symbol)

hw_include/libdriver.a(gpio_pintypei2c_.o)
                              gcc/osram96x16.o (GPIOPinTypeI2C)
hw_include/libdriver.a(i2c_mastercontrol_.o)
                              gcc/osram96x16.o (I2CMasterControl)
hw_include/libdriver.a(i2c_masterdataput_.o)
                              gcc/osram96x16.o (I2CMasterDataPut)
hw_include/libdriver.a(i2c_masterinit_.o)
                              gcc/osram96x16.o (I2CMasterInit)
hw_include/libdriver.a(i2c_masterintstatus_.o)
                              gcc/osram96x16.o (I2CMasterIntStatus)
hw_include/libdriver.a(i2c_masterslaveaddrset_.o)
                              gcc/osram96x16.o (I2CMasterSlaveAddrSet)
hw_include/libdriver.a(sysctl_clockget_.o)
                              hw_include/libdriver.a(i2c_masterinit_.o) (SysCtlClockGet)
hw_include/libdriver.a(sysctl_peripheralenable_.o)
                              gcc/main.o (SysCtlPeripheralEnable)
hw_include/libdriver.a(sysctl_pulrcgcregs_.o)
                              hw_include/libdriver.a(sysctl_peripheralenable_.o) (g_pulRCGCRegs)
hw_include/libdriver.a(sysctl_pulxtals_.o)
                              hw_include/libdriver.a(sysctl_clockget_.o) (g_pulXtals)
hw_include/libdriver.a(uart_charnonblockingget_.o)
                              gcc/main.o (UARTCharNonBlockingGet)
hw_include/libdriver.a(uart_charsavail_.o)
                              gcc/main.o (UARTCharsAvail)
hw_include/libdriver.a(uart_configset_.o)
                              gcc/main.o (UARTConfigSet)
hw_include/libdriver.a(uart_disable_.o)
                              hw_include/libdriver.a(uart_configset_.o) (UARTDisable)
hw_include/libdriver.a(uart_enable_.o)
                              hw_include/libdriver.a(uart_configset_.o) (UARTEnable)
hw_include/libdriver.a(gpio_dirmodeset_.o)
                              hw_include/libdriver.a(gpio_pintypei2c_.o) (GPIODirModeSet)
hw_include/libdriver.a(gpio_padconfigset_.o)
                              hw_include/libdriver.a(gpio_pintypei2c_.o) (GPIOPadConfigSet)
hw_include/libdriver.a(i2c_masterenable_.o)
                              hw_include/libdriver.a(i2c_masterinit_.o) (I2CMasterEnable)
/usr/lib/gcc/arm-none-eabi/9.2.1/../../../arm-none-eabi/lib/thumb/nofp/libc.a(lib_a-atoi.o)
                              gcc/main.o (atoi)
/usr/lib/gcc/arm-none-eabi/9.2.1/../../../arm-none-eabi/lib/thumb/nofp/libc.a(lib_a-memcpy-stub.o)
                              gcc/queue.o (memcpy)
/usr/lib/gcc/arm-none-eabi/9.2.1/../../../arm-none-eabi/lib/thumb/nofp/libc.a(lib_a-memset.o)
                              gcc/main.o (memset)
/usr/lib/gcc/arm-none-eabi/9.2.1/../../../arm-none-eabi/lib/thumb/nofp/libc.a(lib_a-strtol.o)
                              /usr/lib/gcc/arm-none-eabi/9.2.1/../../../arm-none-eabi/lib/thumb/nofp/libc.a(lib_a-atoi.o) (_strtol_r)
/usr/lib/gcc/arm-none-eabi/9.2.1/../../../arm-none-eabi/lib/thumb/nofp/libc.a(lib_a-ctype_.o)
                              /usr/lib/gcc/arm-none-eabi/9.2.1/../../../arm-none-eabi/lib/thumb/nofp/libc.a(lib_a-strtol.o) (_ctype_)
/usr/lib/gcc/arm-none-eabi/9.2.1/../../../arm-none-eabi/lib/thumb/nofp/libc.a(lib_a-errno.o)
                              /usr/lib/gcc/arm-none-eabi/9.2.1/../../../arm-none-eabi/lib/thumb/nofp/libc.a(lib_a-strtol.o) (__errno)
/usr/lib/gcc/arm-none-eabi/9.2.1/../../../arm-none-eabi/lib/thumb/nofp/libc.a(lib_a-impure.o)
                              /usr/lib/gcc/arm-none-eabi/9.2.1/../../../arm-none-eabi/lib/thumb/nofp/libc.a(lib_a-strtol.o) (_impure_ptr)
/usr/lib/gcc/arm-none-eabi/9.2.1/thumb/nofp/libgcc.a(_udivsi3.o)
                              /usr/lib/gcc/arm-none-eabi/9.2.1/../../../arm-none-eabi/lib/thumb/nofp/libc.a(lib_a-strtol.o) (__aeabi_uidivmod)
/usr/lib/gcc/arm-none-eabi/9.2.1/thumb/nofp/libgcc.a(_dvmd_tls.o)
                              /usr/lib/gcc/arm-none-eabi/9.2.1/thumb/nofp/libgcc.a(_udivsi3.o) (__aeabi_idiv0)

Allocating common symbols
Common symbol       size              file

xColaSensor         0x4               gcc/main.o
xColaPromedio       0x4               gcc/main.o

Memory Configuration

Name             Origin             Length             Attributes
FLASH            0x0000000000000000 0x0000000000010000 xr
SRAM             0x0000000020000000 0x0000000000002000 xrw
*default*        0x0000000000000000 0xffffffffffffffff

Linker script and memory map


.text           0x0000000000000000     0x318c
 *(.isr_vector)
 .isr_vector    0x0000000000000000       0xb0 gcc/startup.o
                0x0000000000000000                g_pfnVectors
 *(.text*)
 .text          0x00000000000000b0       0x68 gcc/startup.o
                0x00000000000000bc                ResetISR
 .text          0x0000000000000118      0x278 gcc/main.o
                0x00000000000002c8                actualizarArregloCircular
                0x00000000000002fc                iniciarUART
                0x000000000000031c                actualizarTamVentana
                0x0000000000000338                numeroAleatorio
                0x0000000000000360                calcularPromedio
 .text.startup  0x0000000000000390       0x8c gcc/main.o
                0x0000000000000390                main
 .text          0x000000000000041c       0x90 gcc/list.o
                0x000000000000041c                vListInitialise
                0x0000000000000434                vListInitialiseItem
                0x000000000000043c                vListInsertEnd
                0x0000000000000458                vListInsert
                0x0000000000000488                uxListRemove
 .text          0x00000000000004ac      0x814 gcc/queue.o
                0x00000000000005c4                xQueueGenericReset
                0x0000000000000648                xQueueGenericCreate
                0x000000000000068c                xQueueGenericSend
                0x00000000000007a0                xQueueGenericSendFromISR
                0x0000000000000818                xQueueGiveFromISR
                0x000000000000088c                xQueueReceive
                0x00000000000009a8                xQueueSemaphoreTake
                0x0000000000000ab0                xQueuePeek
                0x0000000000000bc0                xQueueReceiveFromISR
                0x0000000000000c3c                xQueuePeekFromISR
                0x0000000000000c70                uxQueueMessagesWaiting
                0x0000000000000c84                uxQueueSpacesAvailable
                0x0000000000000c9c                uxQueueMessagesWaitingFromISR
                0x0000000000000ca0                vQueueDelete
                0x0000000000000ca4                xQueueIsQueueEmptyFromISR
                0x0000000000000cb0                xQueueIsQueueFullFromISR
 .text          0x0000000000000cc0      0xdc4 gcc/tasks.o
                0x0000000000000e54                xTaskCreate
                0x000000000000100c                vTaskStartScheduler
                0x000000000000106c                vTaskEndScheduler
                0x000000000000108c                vTaskSuspendAll
                0x00000000000010a0                xTaskResumeAll
                0x00000000000011e8                xTaskDelayUntil
                0x0000000000001240                vTaskDelay
                0x0000000000001278                xTaskGetTickCount
                0x0000000000001284                xTaskGetTickCountFromISR
                0x0000000000001290                uxTaskGetNumberOfTasks
                0x000000000000129c                pcTaskGetName
                0x00000000000012b0                xTaskCatchUpTicks
                0x00000000000012e0                xTaskIncrementTick
                0x00000000000012fc                vTaskSwitchContext
                0x0000000000001344                vTaskPlaceOnEventList
                0x0000000000001360                vTaskPlaceOnUnorderedEventList
                0x00000000000013a0                xTaskRemoveFromEventList
                0x0000000000001460                vTaskRemoveFromUnorderedEventList
                0x00000000000014f8                vTaskSetTimeOutState
                0x0000000000001518                vTaskInternalSetTimeOutState
                0x0000000000001528                xTaskCheckForTimeOut
                0x0000000000001578                vTaskMissedYield
                0x0000000000001588                uxTaskGetStackHighWaterMark
                0x00000000000015bc                xTaskGetCurrentTaskHandle
                0x00000000000015c8                uxTaskResetEventItemValue
                0x00000000000015e0                ulTaskGenericNotifyTake
                0x0000000000001664                xTaskGenericNotifyWait
                0x0000000000001708                xTaskGenericNotify
                0x000000000000180c                xTaskGenericNotifyFromISR
                0x0000000000001930                vTaskGenericNotifyGiveFromISR
                0x0000000000001a20                xTaskGenericNotifyStateClear
                0x0000000000001a54                ulTaskGenericNotifyValueClear
 *fill*         0x0000000000001a84        0xc 
 .text          0x0000000000001a90      0x1b8 gcc/port.o
                0x0000000000001ad0                pxPortInitialiseStack
                0x0000000000001af8                vPortSVCHandler
                0x0000000000001b24                vPortEndScheduler
                0x0000000000001b28                vPortEnterCritical
                0x0000000000001b48                vPortExitCritical
                0x0000000000001b5c                xPortPendSVHandler
                0x0000000000001ba4                xPortSysTickHandler
                0x0000000000001bd0                vPortSetupTimerInterrupt
                0x0000000000001bf8                xPortStartScheduler
 .text          0x0000000000001c48       0x8c gcc/heap_1.o
                0x0000000000001c48                pvPortMalloc
                0x0000000000001cb4                vPortFree
                0x0000000000001cb8                vPortInitialiseBlocks
                0x0000000000001cc4                xPortGetFreeHeapSize
 .text          0x0000000000001cd4      0x1f8 gcc/BlockQ.o
                0x0000000000001d4c                vStartBlockingQueueTasks
                0x0000000000001e7c                xAreBlockingQueuesStillRunning
 .text          0x0000000000001ecc      0x128 gcc/PollQ.o
                0x0000000000001f84                vStartPolledQueueTasks
                0x0000000000001fd8                xArePollingQueuesStillRunning
 .text          0x0000000000001ff4       0x9c gcc/integer.o
                0x0000000000002054                vStartIntegerMathTasks
                0x000000000000207c                xAreIntegerMathsTaskStillRunning
 .text          0x0000000000002090      0x1d0 gcc/semtest.o
                0x0000000000002164                vStartSemaphoreTasks
                0x000000000000222c                xAreSemaphoreTasksStillRunning
 .text          0x0000000000002260      0x350 gcc/osram96x16.o
                0x000000000000234c                OSRAMClear
                0x0000000000002398                OSRAMStringDraw
                0x0000000000002450                OSRAMImageDraw
                0x00000000000024c0                OSRAMInit
                0x0000000000002548                OSRAMDisplayOn
                0x0000000000002588                OSRAMDisplayOff
 .text          0x00000000000025b0       0x20 hw_include/libdriver.a(gpio_pintypei2c_.o)
                0x00000000000025b0                GPIOPinTypeI2C
 .text          0x00000000000025d0        0x4 hw_include/libdriver.a(i2c_mastercontrol_.o)
                0x00000000000025d0                I2CMasterControl
 .text          0x00000000000025d4        0x4 hw_include/libdriver.a(i2c_masterdataput_.o)
                0x00000000000025d4                I2CMasterDataPut
 .text          0x00000000000025d8       0x34 hw_include/libdriver.a(i2c_masterinit_.o)
                0x00000000000025d8                I2CMasterInit
 .text          0x000000000000260c       0x18 hw_include/libdriver.a(i2c_masterintstatus_.o)
                0x000000000000260c                I2CMasterIntStatus
 .text          0x0000000000002624        0x8 hw_include/libdriver.a(i2c_masterslaveaddrset_.o)
                0x0000000000002624                I2CMasterSlaveAddrSet
 .text          0x000000000000262c       0x90 hw_include/libdriver.a(sysctl_clockget_.o)
                0x000000000000262c                SysCtlClockGet
 .text          0x00000000000026bc       0x1c hw_include/libdriver.a(sysctl_peripheralenable_.o)
                0x00000000000026bc                SysCtlPeripheralEnable
 .text          0x00000000000026d8        0x0 hw_include/libdriver.a(sysctl_pulrcgcregs_.o)
 .text          0x00000000000026d8        0x0 hw_include/libdriver.a(sysctl_pulxtals_.o)
 .text          0x00000000000026d8       0x10 hw_include/libdriver.a(uart_charnonblockingget_.o)
                0x00000000000026d8                UARTCharNonBlockingGet
 .text          0x00000000000026e8       0x10 hw_include/libdriver.a(uart_charsavail_.o)
                0x00000000000026e8                UARTCharsAvail
 .text          0x00000000000026f8       0x38 hw_include/libdriver.a(uart_configset_.o)
                0x00000000000026f8                UARTConfigSet
 .text          0x0000000000002730       0x24 hw_include/libdriver.a(uart_disable_.o)
                0x0000000000002730                UARTDisable
 .text          0x0000000000002754       0x18 hw_include/libdriver.a(uart_enable_.o)
                0x0000000000002754                UARTEnable
 .text          0x000000000000276c       0x48 hw_include/libdriver.a(gpio_dirmodeset_.o)
                0x000000000000276c                GPIODirModeSet
 .text          0x00000000000027b4      0x11c hw_include/libdriver.a(gpio_padconfigset_.o)
                0x00000000000027b4                GPIOPadConfigSet
 .text          0x00000000000028d0        0xc hw_include/libdriver.a(i2c_masterenable_.o)
                0x00000000000028d0                I2CMasterEnable
 .text          0x00000000000028dc       0x20 /usr/lib/gcc/arm-none-eabi/9.2.1/../../../arm-none-eabi/lib/thumb/nofp/libc.a(lib_a-atoi.o)
                0x00000000000028dc                atoi
                0x00000000000028ec                _atoi_r
 .text          0x00000000000028fc       0xac /usr/lib/gcc/arm-none-eabi/9.2.1/../../../arm-none-eabi/lib/thumb/nofp/libc.a(lib_a-memcpy-stub.o)
                0x00000000000028fc                memcpy
 .text          0x00000000000029a8       0xb0 /usr/lib/gcc/arm-none-eabi/9.2.1/../../../arm-none-eabi/lib/thumb/nofp/libc.a(lib_a-memset.o)
                0x00000000000029a8                memset
 .text          0x0000000000002a58      0x1b8 /usr/lib/gcc/arm-none-eabi/9.2.1/../../../arm-none-eabi/lib/thumb/nofp/libc.a(lib_a-strtol.o)
                0x0000000000002bcc                _strtol_r
                0x0000000000002bd8                strtol_l
                0x0000000000002bf4                strtol
 .text          0x0000000000002c10        0x0 /usr/lib/gcc/arm-none-eabi/9.2.1/../../../arm-none-eabi/lib/thumb/nofp/libc.a(lib_a-ctype_.o)
 .text          0x0000000000002c10        0xc /usr/lib/gcc/arm-none-eabi/9.2.1/../../../arm-none-eabi/lib/thumb/nofp/libc.a(lib_a-errno.o)
                0x0000000000002c10                __errno
 .text          0x0000000000002c1c        0x0 /usr/lib/gcc/arm-none-eabi/9.2.1/../../../arm-none-eabi/lib/thumb/nofp/libc.a(lib_a-impure.o)
 .text          0x0000000000002c1c      0x11c /usr/lib/gcc/arm-none-eabi/9.2.1/thumb/nofp/libgcc.a(_udivsi3.o)
                0x0000000000002c1c                __udivsi3
                0x0000000000002c1c                __aeabi_uidiv
                0x0000000000002d18                __aeabi_uidivmod
 .text          0x0000000000002d38        0x4 /usr/lib/gcc/arm-none-eabi/9.2.1/thumb/nofp/libgcc.a(_dvmd_tls.o)
                0x0000000000002d38                __aeabi_ldiv0
                0x0000000000002d38                __aeabi_idiv0
 *fill*         0x0000000000002d3c        0x4 
 .text.__stub   0x0000000000002d40        0x8 linker stubs
 *(.rodata*)
 .rodata.str1.4
                0x0000000000002d48       0x2d gcc/main.o
 *fill*         0x0000000000002d75        0x3 
 .rodata.str1.4
                0x0000000000002d78        0x5 gcc/tasks.o
 *fill*         0x0000000000002d7d        0x3 
 .rodata.str1.4
                0x0000000000002d80       0x30 gcc/BlockQ.o
 .rodata.str1.4
                0x0000000000002db0       0x10 gcc/PollQ.o
 .rodata.str1.4
                0x0000000000002dc0        0x8 gcc/integer.o
 .rodata.str1.4
                0x0000000000002dc8       0x20 gcc/semtest.o
 .rodata        0x0000000000002de8      0x25d gcc/osram96x16.o
 *fill*         0x0000000000003045        0x3 
 .rodata        0x0000000000003048        0xc hw_include/libdriver.a(sysctl_pulrcgcregs_.o)
                0x0000000000003048                g_pulRCGCRegs
 .rodata        0x0000000000003054       0x30 hw_include/libdriver.a(sysctl_pulxtals_.o)
                0x0000000000003054                g_pulXtals
 .rodata        0x0000000000003084      0x101 /usr/lib/gcc/arm-none-eabi/9.2.1/../../../arm-none-eabi/lib/thumb/nofp/libc.a(lib_a-ctype_.o)
                0x0000000000003084                _ctype_
 *fill*         0x0000000000003185        0x3 
 .rodata        0x0000000000003188        0x4 /usr/lib/gcc/arm-none-eabi/9.2.1/../../../arm-none-eabi/lib/thumb/nofp/libc.a(lib_a-impure.o)
                0x0000000000003188                _global_impure_ptr
                0x000000000000318c                _etext = .

.glue_7         0x000000000000318c        0x0
 .glue_7        0x000000000000318c        0x0 linker stubs

.glue_7t        0x000000000000318c        0x0
 .glue_7t       0x000000000000318c        0x0 linker stubs

.vfp11_veneer   0x000000000000318c        0x0
 .vfp11_veneer  0x000000000000318c        0x0 linker stubs

.v4_bx          0x000000000000318c        0x0
 .v4_bx         0x000000000000318c        0x0 linker stubs

.iplt           0x000000000000318c        0x0
 .iplt          0x000000000000318c        0x0 gcc/startup.o

.rel.dyn        0x000000000000318c        0x0
 .rel.iplt      0x000000000000318c        0x0 gcc/startup.o

.data           0x0000000020000000      0x440 load address 0x000000000000318c
                0x0000000020000000                _data = .
 *(vtable)
 *(.data)
 .data          0x0000000020000000        0x0 gcc/startup.o
 .data          0x0000000020000000        0x8 gcc/main.o
 .data          0x0000000020000008        0x0 gcc/list.o
 .data          0x0000000020000008        0x0 gcc/queue.o
 .data          0x0000000020000008        0x4 gcc/tasks.o
                0x0000000020000008                uxTopUsedPriority
 .data          0x000000002000000c        0x4 gcc/port.o
 .data          0x0000000020000010        0x0 gcc/heap_1.o
 .data          0x0000000020000010        0x0 gcc/BlockQ.o
 .data          0x0000000020000010        0x0 gcc/PollQ.o
 .data          0x0000000020000010        0x0 gcc/integer.o
 .data          0x0000000020000010        0x0 gcc/semtest.o
 .data          0x0000000020000010        0x0 gcc/osram96x16.o
 .data          0x0000000020000010        0x0 hw_include/libdriver.a(gpio_pintypei2c_.o)
 .data          0x0000000020000010        0x0 hw_include/libdriver.a(i2c_mastercontrol_.o)
 .data          0x0000000020000010        0x0 hw_include/libdriver.a(i2c_masterdataput_.o)
 .data          0x0000000020000010        0x0 hw_include/libdriver.a(i2c_masterinit_.o)
 .data          0x0000000020000010        0x0 hw_include/libdriver.a(i2c_masterintstatus_.o)
 .data          0x0000000020000010        0x0 hw_include/libdriver.a(i2c_masterslaveaddrset_.o)
 .data          0x0000000020000010        0x0 hw_include/libdriver.a(sysctl_clockget_.o)
 .data          0x0000000020000010        0x0 hw_include/libdriver.a(sysctl_peripheralenable_.o)
 .data          0x0000000020000010        0x0 hw_include/libdriver.a(sysctl_pulrcgcregs_.o)
 .data          0x0000000020000010        0x0 hw_include/libdriver.a(sysctl_pulxtals_.o)
 .data          0x0000000020000010        0x0 hw_include/libdriver.a(uart_charnonblockingget_.o)
 .data          0x0000000020000010        0x0 hw_include/libdriver.a(uart_charsavail_.o)
 .data          0x0000000020000010        0x0 hw_include/libdriver.a(uart_configset_.o)
 .data          0x0000000020000010        0x0 hw_include/libdriver.a(uart_disable_.o)
 .data          0x0000000020000010        0x0 hw_include/libdriver.a(uart_enable_.o)
 .data          0x0000000020000010        0x0 hw_include/libdriver.a(gpio_dirmodeset_.o)
 .data          0x0000000020000010        0x0 hw_include/libdriver.a(gpio_padconfigset_.o)
 .data          0x0000000020000010        0x0 hw_include/libdriver.a(i2c_masterenable_.o)
 .data          0x0000000020000010        0x0 /usr/lib/gcc/arm-none-eabi/9.2.1/../../../arm-none-eabi/lib/thumb/nofp/libc.a(lib_a-atoi.o)
 .data          0x0000000020000010        0x0 /usr/lib/gcc/arm-none-eabi/9.2.1/../../../arm-none-eabi/lib/thumb/nofp/libc.a(lib_a-memcpy-stub.o)
 .data          0x0000000020000010        0x0 /usr/lib/gcc/arm-none-eabi/9.2.1/../../../arm-none-eabi/lib/thumb/nofp/libc.a(lib_a-memset.o)
 .data          0x0000000020000010        0x0 /usr/lib/gcc/arm-none-eabi/9.2.1/../../../arm-none-eabi/lib/thumb/nofp/libc.a(lib_a-strtol.o)
 .data          0x0000000020000010        0x0 /usr/lib/gcc/arm-none-eabi/9.2.1/../../../arm-none-eabi/lib/thumb/nofp/libc.a(lib_a-ctype_.o)
 .data          0x0000000020000010        0x0 /usr/lib/gcc/arm-none-eabi/9.2.1/../../../arm-none-eabi/lib/thumb/nofp/libc.a(lib_a-errno.o)
 .data          0x0000000020000010      0x430 /usr/lib/gcc/arm-none-eabi/9.2.1/../../../arm-none-eabi/lib/thumb/nofp/libc.a(lib_a-impure.o)
                0x0000000020000010                _impure_ptr
 .data          0x0000000020000440        0x0 /usr/lib/gcc/arm-none-eabi/9.2.1/thumb/nofp/libgcc.a(_udivsi3.o)
 .data          0x0000000020000440        0x0 /usr/lib/gcc/arm-none-eabi/9.2.1/thumb/nofp/libgcc.a(_dvmd_tls.o)
                0x0000000020000440                _edata = .

.igot.plt       0x0000000020000440        0x0 load address 0x00000000000035cc
 .igot.plt      0x0000000020000440        0x0 gcc/startup.o

.bss            0x0000000020000440     0x15b8 load address 0x00000000000035cc
                0x0000000020000440                _bss = .
 *(.bss)
 .bss           0x0000000020000440      0x100 gcc/startup.o
 .bss           0x0000000020000540        0x0 gcc/main.o
 .bss           0x0000000020000540        0x0 gcc/list.o
 .bss           0x0000000020000540        0x0 gcc/queue.o
 .bss           0x0000000020000540       0xd8 gcc/tasks.o
                0x0000000020000544                pxCurrentTCB
 .bss           0x0000000020000618        0x0 gcc/port.o
 .bss           0x0000000020000618     0x1390 gcc/heap_1.o
 .bss           0x00000000200019a8       0x1e gcc/BlockQ.o
 *fill*         0x00000000200019c6        0x2 
 .bss           0x00000000200019c8        0xc gcc/PollQ.o
 .bss           0x00000000200019d4        0x4 gcc/integer.o
 .bss           0x00000000200019d8       0x14 gcc/semtest.o
 .bss           0x00000000200019ec        0x4 gcc/osram96x16.o
 .bss           0x00000000200019f0        0x0 hw_include/libdriver.a(gpio_pintypei2c_.o)
 .bss           0x00000000200019f0        0x0 hw_include/libdriver.a(i2c_mastercontrol_.o)
 .bss           0x00000000200019f0        0x0 hw_include/libdriver.a(i2c_masterdataput_.o)
 .bss           0x00000000200019f0        0x0 hw_include/libdriver.a(i2c_masterinit_.o)
 .bss           0x00000000200019f0        0x0 hw_include/libdriver.a(i2c_masterintstatus_.o)
 .bss           0x00000000200019f0        0x0 hw_include/libdriver.a(i2c_masterslaveaddrset_.o)
 .bss           0x00000000200019f0        0x0 hw_include/libdriver.a(sysctl_clockget_.o)
 .bss           0x00000000200019f0        0x0 hw_include/libdriver.a(sysctl_peripheralenable_.o)
 .bss           0x00000000200019f0        0x0 hw_include/libdriver.a(sysctl_pulrcgcregs_.o)
 .bss           0x00000000200019f0        0x0 hw_include/libdriver.a(sysctl_pulxtals_.o)
 .bss           0x00000000200019f0        0x0 hw_include/libdriver.a(uart_charnonblockingget_.o)
 .bss           0x00000000200019f0        0x0 hw_include/libdriver.a(uart_charsavail_.o)
 .bss           0x00000000200019f0        0x0 hw_include/libdriver.a(uart_configset_.o)
 .bss           0x00000000200019f0        0x0 hw_include/libdriver.a(uart_disable_.o)
 .bss           0x00000000200019f0        0x0 hw_include/libdriver.a(uart_enable_.o)
 .bss           0x00000000200019f0        0x0 hw_include/libdriver.a(gpio_dirmodeset_.o)
 .bss           0x00000000200019f0        0x0 hw_include/libdriver.a(gpio_padconfigset_.o)
 .bss           0x00000000200019f0        0x0 hw_include/libdriver.a(i2c_masterenable_.o)
 .bss           0x00000000200019f0        0x0 /usr/lib/gcc/arm-none-eabi/9.2.1/../../../arm-none-eabi/lib/thumb/nofp/libc.a(lib_a-atoi.o)
 .bss           0x00000000200019f0        0x0 /usr/lib/gcc/arm-none-eabi/9.2.1/../../../arm-none-eabi/lib/thumb/nofp/libc.a(lib_a-memcpy-stub.o)
 .bss           0x00000000200019f0        0x0 /usr/lib/gcc/arm-none-eabi/9.2.1/../../../arm-none-eabi/lib/thumb/nofp/libc.a(lib_a-memset.o)
 .bss           0x00000000200019f0        0x0 /usr/lib/gcc/arm-none-eabi/9.2.1/../../../arm-none-eabi/lib/thumb/nofp/libc.a(lib_a-strtol.o)
 .bss           0x00000000200019f0        0x0 /usr/lib/gcc/arm-none-eabi/9.2.1/../../../arm-none-eabi/lib/thumb/nofp/libc.a(lib_a-ctype_.o)
 .bss           0x00000000200019f0        0x0 /usr/lib/gcc/arm-none-eabi/9.2.1/../../../arm-none-eabi/lib/thumb/nofp/libc.a(lib_a-errno.o)
 .bss           0x00000000200019f0        0x0 /usr/lib/gcc/arm-none-eabi/9.2.1/../../../arm-none-eabi/lib/thumb/nofp/libc.a(lib_a-impure.o)
 .bss           0x00000000200019f0        0x0 /usr/lib/gcc/arm-none-eabi/9.2.1/thumb/nofp/libgcc.a(_udivsi3.o)
 .bss           0x00000000200019f0        0x0 /usr/lib/gcc/arm-none-eabi/9.2.1/thumb/nofp/libgcc.a(_dvmd_tls.o)
 *(COMMON)
 COMMON         0x00000000200019f0        0x8 gcc/main.o
                0x00000000200019f0                xColaSensor
                0x00000000200019f4                xColaPromedio
                0x00000000200019f8                _ebss = .
LOAD gcc/startup.o
LOAD gcc/main.o
LOAD gcc/list.o
LOAD gcc/queue.o
LOAD gcc/tasks.o
LOAD gcc/port.o
LOAD gcc/heap_1.o
LOAD gcc/BlockQ.o
LOAD gcc/PollQ.o
LOAD gcc/integer.o
LOAD gcc/semtest.o
LOAD gcc/osram96x16.o
LOAD hw_include/libdriver.a
LOAD /usr/lib/gcc/arm-none-eabi/9.2.1/../../../arm-none-eabi/lib/thumb/nofp/libc.a
LOAD /usr/lib/gcc/arm-none-eabi/9.2.1/thumb/nofp/libgcc.a
OUTPUT(gcc/RTOSDemo.axf elf32-littlearm)
LOAD linker stubs

.debug_info     0x0000000000000000    0x10e9f
 .debug_info    0x0000000000000000      0x155 gcc/startup.o
 .debug_info    0x0000000000000155     0x1242 gcc/main.o
 .debug_info    0x0000000000001397      0xb6e gcc/list.o
 .debug_info    0x0000000000001f05     0x2259 gcc/queue.o
 .debug_info    0x000000000000415e     0x2728 gcc/tasks.o
 .debug_info    0x0000000000006886      0x38f gcc/port.o
 .debug_info    0x0000000000006c15      0xa54 gcc/heap_1.o
 .debug_info    0x0000000000007669      0xeac gcc/BlockQ.o
 .debug_info    0x0000000000008515      0xc6d gcc/PollQ.o
 .debug_info    0x0000000000009182      0xacb gcc/integer.o
 .debug_info    0x0000000000009c4d      0xdda gcc/semtest.o
 .debug_info    0x000000000000aa27      0x886 gcc/osram96x16.o
 .debug_info    0x000000000000b2ad      0x9d9 /usr/lib/gcc/arm-none-eabi/9.2.1/../../../arm-none-eabi/lib/thumb/nofp/libc.a(lib_a-atoi.o)
 .debug_info    0x000000000000bc86      0xf35 /usr/lib/gcc/arm-none-eabi/9.2.1/../../../arm-none-eabi/lib/thumb/nofp/libc.a(lib_a-memcpy-stub.o)
 .debug_info    0x000000000000cbbb      0xf21 /usr/lib/gcc/arm-none-eabi/9.2.1/../../../arm-none-eabi/lib/thumb/nofp/libc.a(lib_a-memset.o)
 .debug_info    0x000000000000dadc     0x1269 /usr/lib/gcc/arm-none-eabi/9.2.1/../../../arm-none-eabi/lib/thumb/nofp/libc.a(lib_a-strtol.o)
 .debug_info    0x000000000000ed45      0xe91 /usr/lib/gcc/arm-none-eabi/9.2.1/../../../arm-none-eabi/lib/thumb/nofp/libc.a(lib_a-ctype_.o)
 .debug_info    0x000000000000fbd6      0x953 /usr/lib/gcc/arm-none-eabi/9.2.1/../../../arm-none-eabi/lib/thumb/nofp/libc.a(lib_a-errno.o)
 .debug_info    0x0000000000010529      0x92a /usr/lib/gcc/arm-none-eabi/9.2.1/../../../arm-none-eabi/lib/thumb/nofp/libc.a(lib_a-impure.o)
 .debug_info    0x0000000000010e53       0x26 /usr/lib/gcc/arm-none-eabi/9.2.1/thumb/nofp/libgcc.a(_udivsi3.o)
 .debug_info    0x0000000000010e79       0x26 /usr/lib/gcc/arm-none-eabi/9.2.1/thumb/nofp/libgcc.a(_dvmd_tls.o)

.debug_abbrev   0x0000000000000000     0x307f
 .debug_abbrev  0x0000000000000000       0xe8 gcc/startup.o
 .debug_abbrev  0x00000000000000e8      0x414 gcc/main.o
 .debug_abbrev  0x00000000000004fc      0x249 gcc/list.o
 .debug_abbrev  0x0000000000000745      0x416 gcc/queue.o
 .debug_abbrev  0x0000000000000b5b      0x580 gcc/tasks.o
 .debug_abbrev  0x00000000000010db      0x218 gcc/port.o
 .debug_abbrev  0x00000000000012f3      0x296 gcc/heap_1.o
 .debug_abbrev  0x0000000000001589      0x2da gcc/BlockQ.o
 .debug_abbrev  0x0000000000001863      0x29e gcc/PollQ.o
 .debug_abbrev  0x0000000000001b01      0x291 gcc/integer.o
 .debug_abbrev  0x0000000000001d92      0x2d4 gcc/semtest.o
 .debug_abbrev  0x0000000000002066      0x153 gcc/osram96x16.o
 .debug_abbrev  0x00000000000021b9      0x211 /usr/lib/gcc/arm-none-eabi/9.2.1/../../../arm-none-eabi/lib/thumb/nofp/libc.a(lib_a-atoi.o)
 .debug_abbrev  0x00000000000023ca      0x223 /usr/lib/gcc/arm-none-eabi/9.2.1/../../../arm-none-eabi/lib/thumb/nofp/libc.a(lib_a-memcpy-stub.o)
 .debug_abbrev  0x00000000000025ed      0x217 /usr/lib/gcc/arm-none-eabi/9.2.1/../../../arm-none-eabi/lib/thumb/nofp/libc.a(lib_a-memset.o)
 .debug_abbrev  0x0000000000002804      0x30f /usr/lib/gcc/arm-none-eabi/9.2.1/../../../arm-none-eabi/lib/thumb/nofp/libc.a(lib_a-strtol.o)
 .debug_abbrev  0x0000000000002b13      0x1b6 /usr/lib/gcc/arm-none-eabi/9.2.1/../../../arm-none-eabi/lib/thumb/nofp/libc.a(lib_a-ctype_.o)
 .debug_abbrev  0x0000000000002cc9      0x1d6 /usr/lib/gcc/arm-none-eabi/9.2.1/../../../arm-none-eabi/lib/thumb/nofp/libc.a(lib_a-errno.o)
 .debug_abbrev  0x0000000000002e9f      0x1b8 /usr/lib/gcc/arm-none-eabi/9.2.1/../../../arm-none-eabi/lib/thumb/nofp/libc.a(lib_a-impure.o)
 .debug_abbrev  0x0000000000003057       0x14 /usr/lib/gcc/arm-none-eabi/9.2.1/thumb/nofp/libgcc.a(_udivsi3.o)
 .debug_abbrev  0x000000000000306b       0x14 /usr/lib/gcc/arm-none-eabi/9.2.1/thumb/nofp/libgcc.a(_dvmd_tls.o)

.debug_loc      0x0000000000000000     0x50d1
 .debug_loc     0x0000000000000000       0x62 gcc/startup.o
 .debug_loc     0x0000000000000062      0x422 gcc/main.o
 .debug_loc     0x0000000000000484       0xbc gcc/list.o
 .debug_loc     0x0000000000000540     0x1558 gcc/queue.o
 .debug_loc     0x0000000000001a98     0x1a5e gcc/tasks.o
 .debug_loc     0x00000000000034f6       0xbe gcc/port.o
 .debug_loc     0x00000000000035b4       0x97 gcc/heap_1.o
 .debug_loc     0x000000000000364b      0x244 gcc/BlockQ.o
 .debug_loc     0x000000000000388f      0x163 gcc/PollQ.o
 .debug_loc     0x00000000000039f2      0x124 gcc/integer.o
 .debug_loc     0x0000000000003b16      0x1ac gcc/semtest.o
 .debug_loc     0x0000000000003cc2      0x414 gcc/osram96x16.o
 .debug_loc     0x00000000000040d6       0x6f /usr/lib/gcc/arm-none-eabi/9.2.1/../../../arm-none-eabi/lib/thumb/nofp/libc.a(lib_a-atoi.o)
 .debug_loc     0x0000000000004145      0x481 /usr/lib/gcc/arm-none-eabi/9.2.1/../../../arm-none-eabi/lib/thumb/nofp/libc.a(lib_a-memcpy-stub.o)
 .debug_loc     0x00000000000045c6      0x2df /usr/lib/gcc/arm-none-eabi/9.2.1/../../../arm-none-eabi/lib/thumb/nofp/libc.a(lib_a-memset.o)
 .debug_loc     0x00000000000048a5      0x82c /usr/lib/gcc/arm-none-eabi/9.2.1/../../../arm-none-eabi/lib/thumb/nofp/libc.a(lib_a-strtol.o)

.debug_aranges  0x0000000000000000      0x298
 .debug_aranges
                0x0000000000000000       0x20 gcc/startup.o
 .debug_aranges
                0x0000000000000020       0x28 gcc/main.o
 .debug_aranges
                0x0000000000000048       0x20 gcc/list.o
 .debug_aranges
                0x0000000000000068       0x20 gcc/queue.o
 .debug_aranges
                0x0000000000000088       0x20 gcc/tasks.o
 .debug_aranges
                0x00000000000000a8       0x20 gcc/port.o
 .debug_aranges
                0x00000000000000c8       0x20 gcc/heap_1.o
 .debug_aranges
                0x00000000000000e8       0x20 gcc/BlockQ.o
 .debug_aranges
                0x0000000000000108       0x20 gcc/PollQ.o
 .debug_aranges
                0x0000000000000128       0x20 gcc/integer.o
 .debug_aranges
                0x0000000000000148       0x20 gcc/semtest.o
 .debug_aranges
                0x0000000000000168       0x20 gcc/osram96x16.o
 .debug_aranges
                0x0000000000000188       0x20 /usr/lib/gcc/arm-none-eabi/9.2.1/../../../arm-none-eabi/lib/thumb/nofp/libc.a(lib_a-atoi.o)
 .debug_aranges
                0x00000000000001a8       0x20 /usr/lib/gcc/arm-none-eabi/9.2.1/../../../arm-none-eabi/lib/thumb/nofp/libc.a(lib_a-memcpy-stub.o)
 .debug_aranges
                0x00000000000001c8       0x20 /usr/lib/gcc/arm-none-eabi/9.2.1/../../../arm-none-eabi/lib/thumb/nofp/libc.a(lib_a-memset.o)
 .debug_aranges
                0x00000000000001e8       0x20 /usr/lib/gcc/arm-none-eabi/9.2.1/../../../arm-none-eabi/lib/thumb/nofp/libc.a(lib_a-strtol.o)
 .debug_aranges
                0x0000000000000208       0x18 /usr/lib/gcc/arm-none-eabi/9.2.1/../../../arm-none-eabi/lib/thumb/nofp/libc.a(lib_a-ctype_.o)
 .debug_aranges
                0x0000000000000220       0x20 /usr/lib/gcc/arm-none-eabi/9.2.1/../../../arm-none-eabi/lib/thumb/nofp/libc.a(lib_a-errno.o)
 .debug_aranges
                0x0000000000000240       0x18 /usr/lib/gcc/arm-none-eabi/9.2.1/../../../arm-none-eabi/lib/thumb/nofp/libc.a(lib_a-impure.o)
 .debug_aranges
                0x0000000000000258       0x20 /usr/lib/gcc/arm-none-eabi/9.2.1/thumb/nofp/libgcc.a(_udivsi3.o)
 .debug_aranges
                0x0000000000000278       0x20 /usr/lib/gcc/arm-none-eabi/9.2.1/thumb/nofp/libgcc.a(_dvmd_tls.o)

.debug_line     0x0000000000000000     0x5457
 .debug_line    0x0000000000000000       0xe4 gcc/startup.o
 .debug_line    0x00000000000000e4      0x75b gcc/main.o
 .debug_line    0x000000000000083f      0x2e0 gcc/list.o
 .debug_line    0x0000000000000b1f     0x106f gcc/queue.o
 .debug_line    0x0000000000001b8e     0x1571 gcc/tasks.o
 .debug_line    0x00000000000030ff      0x330 gcc/port.o
 .debug_line    0x000000000000342f      0x1f6 gcc/heap_1.o
 .debug_line    0x0000000000003625      0x38a gcc/BlockQ.o
 .debug_line    0x00000000000039af      0x2ce gcc/PollQ.o
 .debug_line    0x0000000000003c7d      0x20e gcc/integer.o
 .debug_line    0x0000000000003e8b      0x3b0 gcc/semtest.o
 .debug_line    0x000000000000423b      0x424 gcc/osram96x16.o
 .debug_line    0x000000000000465f      0x14e /usr/lib/gcc/arm-none-eabi/9.2.1/../../../arm-none-eabi/lib/thumb/nofp/libc.a(lib_a-atoi.o)
 .debug_line    0x00000000000047ad      0x247 /usr/lib/gcc/arm-none-eabi/9.2.1/../../../arm-none-eabi/lib/thumb/nofp/libc.a(lib_a-memcpy-stub.o)
 .debug_line    0x00000000000049f4      0x27b /usr/lib/gcc/arm-none-eabi/9.2.1/../../../arm-none-eabi/lib/thumb/nofp/libc.a(lib_a-memset.o)
 .debug_line    0x0000000000004c6f      0x3d5 /usr/lib/gcc/arm-none-eabi/9.2.1/../../../arm-none-eabi/lib/thumb/nofp/libc.a(lib_a-strtol.o)
 .debug_line    0x0000000000005044      0x151 /usr/lib/gcc/arm-none-eabi/9.2.1/../../../arm-none-eabi/lib/thumb/nofp/libc.a(lib_a-ctype_.o)
 .debug_line    0x0000000000005195      0x10b /usr/lib/gcc/arm-none-eabi/9.2.1/../../../arm-none-eabi/lib/thumb/nofp/libc.a(lib_a-errno.o)
 .debug_line    0x00000000000052a0       0xe0 /usr/lib/gcc/arm-none-eabi/9.2.1/../../../arm-none-eabi/lib/thumb/nofp/libc.a(lib_a-impure.o)
 .debug_line    0x0000000000005380       0x7a /usr/lib/gcc/arm-none-eabi/9.2.1/thumb/nofp/libgcc.a(_udivsi3.o)
 .debug_line    0x00000000000053fa       0x5d /usr/lib/gcc/arm-none-eabi/9.2.1/thumb/nofp/libgcc.a(_dvmd_tls.o)

.debug_str      0x0000000000000000     0x2637
 .debug_str     0x0000000000000000      0x151 gcc/startup.o
                                        0x176 (size before relaxing)
 .debug_str     0x0000000000000151      0x6c5 gcc/main.o
                                        0x817 (size before relaxing)
 .debug_str     0x0000000000000816      0x131 gcc/list.o
                                        0x6af (size before relaxing)
 .debug_str     0x0000000000000947      0x555 gcc/queue.o
                                        0xc0e (size before relaxing)
 .debug_str     0x0000000000000e9c      0x820 gcc/tasks.o
                                       0x10fa (size before relaxing)
 .debug_str     0x00000000000016bc       0xc1 gcc/port.o
                                        0x350 (size before relaxing)
 .debug_str     0x000000000000177d       0x8b gcc/heap_1.o
                                        0x62c (size before relaxing)
 .debug_str     0x0000000000001808      0x215 gcc/BlockQ.o
                                        0x836 (size before relaxing)
 .debug_str     0x0000000000001a1d       0xbf gcc/PollQ.o
                                        0x753 (size before relaxing)
 .debug_str     0x0000000000001adc       0x95 gcc/integer.o
                                        0x678 (size before relaxing)
 .debug_str     0x0000000000001b71      0x158 gcc/semtest.o
                                        0x7e3 (size before relaxing)
 .debug_str     0x0000000000001cc9      0x18c gcc/osram96x16.o
                                        0x2bc (size before relaxing)
 .debug_str     0x0000000000001e55      0x137 /usr/lib/gcc/arm-none-eabi/9.2.1/../../../arm-none-eabi/lib/thumb/nofp/libc.a(lib_a-atoi.o)
                                        0x5ba (size before relaxing)
 .debug_str     0x0000000000001f8c      0x329 /usr/lib/gcc/arm-none-eabi/9.2.1/../../../arm-none-eabi/lib/thumb/nofp/libc.a(lib_a-memcpy-stub.o)
                                        0x8f0 (size before relaxing)
 .debug_str     0x00000000000022b5       0x99 /usr/lib/gcc/arm-none-eabi/9.2.1/../../../arm-none-eabi/lib/thumb/nofp/libc.a(lib_a-memset.o)
                                        0x8cb (size before relaxing)
 .debug_str     0x000000000000234e       0xba /usr/lib/gcc/arm-none-eabi/9.2.1/../../../arm-none-eabi/lib/thumb/nofp/libc.a(lib_a-strtol.o)
                                        0x961 (size before relaxing)
 .debug_str     0x0000000000002408       0x83 /usr/lib/gcc/arm-none-eabi/9.2.1/../../../arm-none-eabi/lib/thumb/nofp/libc.a(lib_a-ctype_.o)
                                        0x8b6 (size before relaxing)
 .debug_str     0x000000000000248b       0x82 /usr/lib/gcc/arm-none-eabi/9.2.1/../../../arm-none-eabi/lib/thumb/nofp/libc.a(lib_a-errno.o)
                                        0x5b0 (size before relaxing)
 .debug_str     0x000000000000250d       0x8f /usr/lib/gcc/arm-none-eabi/9.2.1/../../../arm-none-eabi/lib/thumb/nofp/libc.a(lib_a-impure.o)
                                        0x59e (size before relaxing)
 .debug_str     0x000000000000259c       0x9b /usr/lib/gcc/arm-none-eabi/9.2.1/thumb/nofp/libgcc.a(_udivsi3.o)
 .debug_str     0x0000000000002637       0x9b /usr/lib/gcc/arm-none-eabi/9.2.1/thumb/nofp/libgcc.a(_dvmd_tls.o)

.comment        0x0000000000000000      0x30b
 .comment       0x0000000000000000       0x59 gcc/startup.o
                                         0x5a (size before relaxing)
 .comment       0x0000000000000059       0x5a gcc/main.o
 .comment       0x0000000000000059       0x5a gcc/list.o
 .comment       0x0000000000000059       0x5a gcc/queue.o
 .comment       0x0000000000000059       0x5a gcc/tasks.o
 .comment       0x0000000000000059       0x5a gcc/port.o
 .comment       0x0000000000000059       0x5a gcc/heap_1.o
 .comment       0x0000000000000059       0x5a gcc/BlockQ.o
 .comment       0x0000000000000059       0x5a gcc/PollQ.o
 .comment       0x0000000000000059       0x5a gcc/integer.o
 .comment       0x0000000000000059       0x5a gcc/semtest.o
 .comment       0x0000000000000059       0x5a gcc/osram96x16.o
 .comment       0x0000000000000059       0x22 hw_include/libdriver.a(gpio_pintypei2c_.o)
 .comment       0x000000000000007b       0x22 hw_include/libdriver.a(i2c_mastercontrol_.o)
 .comment       0x000000000000009d       0x22 hw_include/libdriver.a(i2c_masterdataput_.o)
 .comment       0x00000000000000bf       0x22 hw_include/libdriver.a(i2c_masterinit_.o)
 .comment       0x00000000000000e1       0x22 hw_include/libdriver.a(i2c_masterintstatus_.o)
 .comment       0x0000000000000103       0x22 hw_include/libdriver.a(i2c_masterslaveaddrset_.o)
 .comment       0x0000000000000125       0x22 hw_include/libdriver.a(sysctl_clockget_.o)
 .comment       0x0000000000000147       0x22 hw_include/libdriver.a(sysctl_peripheralenable_.o)
 .comment       0x0000000000000169       0x22 hw_include/libdriver.a(sysctl_pulrcgcregs_.o)
 .comment       0x000000000000018b       0x22 hw_include/libdriver.a(sysctl_pulxtals_.o)
 .comment       0x00000000000001ad       0x22 hw_include/libdriver.a(uart_charnonblockingget_.o)
 .comment       0x00000000000001cf       0x22 hw_include/libdriver.a(uart_charsavail_.o)
 .comment       0x00000000000001f1       0x22 hw_include/libdriver.a(uart_configset_.o)
 .comment       0x0000000000000213       0x22 hw_include/libdriver.a(uart_disable_.o)
 .comment       0x0000000000000235       0x22 hw_include/libdriver.a(uart_enable_.o)
 .comment       0x0000000000000257       0x22 hw_include/libdriver.a(gpio_dirmodeset_.o)
 .comment       0x0000000000000279       0x22 hw_include/libdriver.a(gpio_padconfigset_.o)
 .comment       0x000000000000029b       0x22 hw_include/libdriver.a(i2c_masterenable_.o)
 .comment       0x00000000000002bd       0x4e /usr/lib/gcc/arm-none-eabi/9.2.1/../../../arm-none-eabi/lib/thumb/nofp/libc.a(lib_a-atoi.o)
                                         0x4f (size before relaxing)
 .comment       0x000000000000030b       0x4f /usr/lib/gcc/arm-none-eabi/9.2.1/../../../arm-none-eabi/lib/thumb/nofp/libc.a(lib_a-memcpy-stub.o)
 .comment       0x000000000000030b       0x4f /usr/lib/gcc/arm-none-eabi/9.2.1/../../../arm-none-eabi/lib/thumb/nofp/libc.a(lib_a-memset.o)
 .comment       0x000000000000030b       0x4f /usr/lib/gcc/arm-none-eabi/9.2.1/../../../arm-none-eabi/lib/thumb/nofp/libc.a(lib_a-strtol.o)
 .comment       0x000000000000030b       0x4f /usr/lib/gcc/arm-none-eabi/9.2.1/../../../arm-none-eabi/lib/thumb/nofp/libc.a(lib_a-ctype_.o)
 .comment       0x000000000000030b       0x4f /usr/lib/gcc/arm-none-eabi/9.2.1/../../../arm-none-eabi/lib/thumb/nofp/libc.a(lib_a-errno.o)
 .comment       0x000000000000030b       0x4f /usr/lib/gcc/arm-none-eabi/9.2.1/../../../arm-none-eabi/lib/thumb/nofp/libc.a(lib_a-impure.o)

.ARM.attributes
                0x0000000000000000       0x2f
 .ARM.attributes
                0x0000000000000000       0x2d gcc/startup.o
 .ARM.attributes
                0x000000000000002d       0x2d gcc/main.o
 .ARM.attributes
                0x000000000000005a       0x2d gcc/list.o
 .ARM.attributes
                0x0000000000000087       0x2d gcc/queue.o
 .ARM.attributes
                0x00000000000000b4       0x2d gcc/tasks.o
 .ARM.attributes
                0x00000000000000e1       0x2d gcc/port.o
 .ARM.attributes
                0x000000000000010e       0x2d gcc/heap_1.o
 .ARM.attributes
                0x000000000000013b       0x2d gcc/BlockQ.o
 .ARM.attributes
                0x0000000000000168       0x2d gcc/PollQ.o
 .ARM.attributes
                0x0000000000000195       0x2d gcc/integer.o
 .ARM.attributes
                0x00000000000001c2       0x2d gcc/semtest.o
 .ARM.attributes
                0x00000000000001ef       0x2d gcc/osram96x16.o
 .ARM.attributes
                0x000000000000021c       0x31 hw_include/libdriver.a(gpio_pintypei2c_.o)
 .ARM.attributes
                0x000000000000024d       0x31 hw_include/libdriver.a(i2c_mastercontrol_.o)
 .ARM.attributes
                0x000000000000027e       0x31 hw_include/libdriver.a(i2c_masterdataput_.o)
 .ARM.attributes
                0x00000000000002af       0x31 hw_include/libdriver.a(i2c_masterinit_.o)
 .ARM.attributes
                0x00000000000002e0       0x31 hw_include/libdriver.a(i2c_masterintstatus_.o)
 .ARM.attributes
                0x0000000000000311       0x31 hw_include/libdriver.a(i2c_masterslaveaddrset_.o)
 .ARM.attributes
                0x0000000000000342       0x31 hw_include/libdriver.a(sysctl_clockget_.o)
 .ARM.attributes
                0x0000000000000373       0x31 hw_include/libdriver.a(sysctl_peripheralenable_.o)
 .ARM.attributes
                0x00000000000003a4       0x2f hw_include/libdriver.a(sysctl_pulrcgcregs_.o)
 .ARM.attributes
                0x00000000000003d3       0x2f hw_include/libdriver.a(sysctl_pulxtals_.o)
 .ARM.attributes
                0x0000000000000402       0x31 hw_include/libdriver.a(uart_charnonblockingget_.o)
 .ARM.attributes
                0x0000000000000433       0x31 hw_include/libdriver.a(uart_charsavail_.o)
 .ARM.attributes
                0x0000000000000464       0x31 hw_include/libdriver.a(uart_configset_.o)
 .ARM.attributes
                0x0000000000000495       0x31 hw_include/libdriver.a(uart_disable_.o)
 .ARM.attributes
                0x00000000000004c6       0x31 hw_include/libdriver.a(uart_enable_.o)
 .ARM.attributes
                0x00000000000004f7       0x31 hw_include/libdriver.a(gpio_dirmodeset_.o)
 .ARM.attributes
                0x0000000000000528       0x31 hw_include/libdriver.a(gpio_padconfigset_.o)
 .ARM.attributes
                0x0000000000000559       0x31 hw_include/libdriver.a(i2c_masterenable_.o)
 .ARM.attributes
                0x000000000000058a       0x2a /usr/lib/gcc/arm-none-eabi/9.2.1/../../../arm-none-eabi/lib/thumb/nofp/libc.a(lib_a-atoi.o)
 .ARM.attributes
                0x00000000000005b4       0x2a /usr/lib/gcc/arm-none-eabi/9.2.1/../../../arm-none-eabi/lib/thumb/nofp/libc.a(lib_a-memcpy-stub.o)
 .ARM.attributes
                0x00000000000005de       0x2a /usr/lib/gcc/arm-none-eabi/9.2.1/../../../arm-none-eabi/lib/thumb/nofp/libc.a(lib_a-memset.o)
 .ARM.attributes
                0x0000000000000608       0x2a /usr/lib/gcc/arm-none-eabi/9.2.1/../../../arm-none-eabi/lib/thumb/nofp/libc.a(lib_a-strtol.o)
 .ARM.attributes
                0x0000000000000632       0x30 /usr/lib/gcc/arm-none-eabi/9.2.1/../../../arm-none-eabi/lib/thumb/nofp/libc.a(lib_a-ctype_.o)
 .ARM.attributes
                0x0000000000000662       0x2a /usr/lib/gcc/arm-none-eabi/9.2.1/../../../arm-none-eabi/lib/thumb/nofp/libc.a(lib_a-errno.o)
 .ARM.attributes
                0x000000000000068c       0x30 /usr/lib/gcc/arm-none-eabi/9.2.1/../../../arm-none-eabi/lib/thumb/nofp/libc.a(lib_a-impure.o)
 .ARM.attributes
                0x00000000000006bc       0x1c /usr/lib/gcc/arm-none-eabi/9.2.1/thumb/nofp/libgcc.a(_udivsi3.o)
 .ARM.attributes
                0x00000000000006d8       0x1c /usr/lib/gcc/arm-none-eabi/9.2.1/thumb/nofp/libgcc.a(_dvmd_tls.o)

.debug_frame    0x0000000000000000      0xe50
 .debug_frame   0x0000000000000000       0x50 gcc/startup.o
 .debug_frame   0x0000000000000050      0x130 gcc/main.o
 .debug_frame   0x0000000000000180       0x88 gcc/list.o
 .debug_frame   0x0000000000000208      0x268 gcc/queue.o
 .debug_frame   0x0000000000000470      0x3a4 gcc/tasks.o
 .debug_frame   0x0000000000000814       0xf8 gcc/port.o
 .debug_frame   0x000000000000090c       0x58 gcc/heap_1.o
 .debug_frame   0x0000000000000964       0x9c gcc/BlockQ.o
 .debug_frame   0x0000000000000a00       0x84 gcc/PollQ.o
 .debug_frame   0x0000000000000a84       0x60 gcc/integer.o
 .debug_frame   0x0000000000000ae4       0x7c gcc/semtest.o
 .debug_frame   0x0000000000000b60      0x188 gcc/osram96x16.o
 .debug_frame   0x0000000000000ce8       0x40 /usr/lib/gcc/arm-none-eabi/9.2.1/../../../arm-none-eabi/lib/thumb/nofp/libc.a(lib_a-atoi.o)
 .debug_frame   0x0000000000000d28       0x34 /usr/lib/gcc/arm-none-eabi/9.2.1/../../../arm-none-eabi/lib/thumb/nofp/libc.a(lib_a-memcpy-stub.o)
 .debug_frame   0x0000000000000d5c       0x30 /usr/lib/gcc/arm-none-eabi/9.2.1/../../../arm-none-eabi/lib/thumb/nofp/libc.a(lib_a-memset.o)
 .debug_frame   0x0000000000000d8c       0x84 /usr/lib/gcc/arm-none-eabi/9.2.1/../../../arm-none-eabi/lib/thumb/nofp/libc.a(lib_a-strtol.o)
 .debug_frame   0x0000000000000e10       0x20 /usr/lib/gcc/arm-none-eabi/9.2.1/../../../arm-none-eabi/lib/thumb/nofp/libc.a(lib_a-errno.o)
 .debug_frame   0x0000000000000e30       0x20 /usr/lib/gcc/arm-none-eabi/9.2.1/thumb/nofp/libgcc.a(_udivsi3.o)

.debug_ranges   0x0000000000000000      0x9a0
 .debug_ranges  0x0000000000000000      0x148 gcc/main.o
 .debug_ranges  0x0000000000000148      0x2e0 gcc/queue.o
 .debug_ranges  0x0000000000000428      0x548 gcc/tasks.o
 .debug_ranges  0x0000000000000970       0x18 gcc/port.o
 .debug_ranges  0x0000000000000988       0x18 /usr/lib/gcc/arm-none-eabi/9.2.1/../../../arm-none-eabi/lib/thumb/nofp/libc.a(lib_a-strtol.o)
