Archive member included to satisfy reference by file (symbol)

hw_include/libdriver.a(gpio_pintypei2c_.o)
                              gcc/osram96x16.o (GPIOPinTypeI2C)
hw_include/libdriver.a(i2c_mastercontrol_.o)
                              gcc/osram96x16.o (I2CMasterControl)
hw_include/libdriver.a(i2c_masterdataput_.o)
                              gcc/osram96x16.o (I2CMasterDataPut)
hw_include/libdriver.a(i2c_masterinit_.o)
                              gcc/osram96x16.o (I2CMasterInit)
hw_include/libdriver.a(i2c_masterintstatus_.o)
                              gcc/osram96x16.o (I2CMasterIntStatus)
hw_include/libdriver.a(i2c_masterslaveaddrset_.o)
                              gcc/osram96x16.o (I2CMasterSlaveAddrSet)
hw_include/libdriver.a(sysctl_clockget_.o)
                              hw_include/libdriver.a(i2c_masterinit_.o) (SysCtlClockGet)
hw_include/libdriver.a(sysctl_peripheralenable_.o)
                              gcc/osram96x16.o (SysCtlPeripheralEnable)
hw_include/libdriver.a(sysctl_pulrcgcregs_.o)
                              hw_include/libdriver.a(sysctl_peripheralenable_.o) (g_pulRCGCRegs)
hw_include/libdriver.a(sysctl_pulxtals_.o)
                              hw_include/libdriver.a(sysctl_clockget_.o) (g_pulXtals)
hw_include/libdriver.a(gpio_dirmodeset_.o)
                              hw_include/libdriver.a(gpio_pintypei2c_.o) (GPIODirModeSet)
hw_include/libdriver.a(gpio_padconfigset_.o)
                              hw_include/libdriver.a(gpio_pintypei2c_.o) (GPIOPadConfigSet)
hw_include/libdriver.a(i2c_masterenable_.o)
                              hw_include/libdriver.a(i2c_masterinit_.o) (I2CMasterEnable)
/usr/lib/gcc/arm-none-eabi/9.2.1/../../../arm-none-eabi/lib/thumb/nofp/libc.a(lib_a-memcpy-stub.o)
                              gcc/queue.o (memcpy)
/usr/lib/gcc/arm-none-eabi/9.2.1/../../../arm-none-eabi/lib/thumb/nofp/libc.a(lib_a-memset.o)
                              gcc/tasks.o (memset)

Memory Configuration

Name             Origin             Length             Attributes
FLASH            0x0000000000000000 0x0000000000010000 xr
SRAM             0x0000000020000000 0x0000000000002000 xrw
*default*        0x0000000000000000 0xffffffffffffffff

Linker script and memory map


.text           0x0000000000000000     0x2a3c
 *(.isr_vector)
 .isr_vector    0x0000000000000000       0xb0 gcc/startup.o
                0x0000000000000000                g_pfnVectors
 *(.text*)
 .text          0x00000000000000b0       0x68 gcc/startup.o
                0x00000000000000bc                ResetISR
 .text          0x0000000000000118       0x64 gcc/main.o
                0x0000000000000160                getRandomNumber
 .text.startup  0x000000000000017c       0x2c gcc/main.o
                0x000000000000017c                main
 .text          0x00000000000001a8       0x90 gcc/list.o
                0x00000000000001a8                vListInitialise
                0x00000000000001c0                vListInitialiseItem
                0x00000000000001c8                vListInsertEnd
                0x00000000000001e4                vListInsert
                0x0000000000000214                uxListRemove
 .text          0x0000000000000238      0x814 gcc/queue.o
                0x0000000000000350                xQueueGenericReset
                0x00000000000003d4                xQueueGenericCreate
                0x0000000000000418                xQueueGenericSend
                0x000000000000052c                xQueueGenericSendFromISR
                0x00000000000005a4                xQueueGiveFromISR
                0x0000000000000618                xQueueReceive
                0x0000000000000734                xQueueSemaphoreTake
                0x000000000000083c                xQueuePeek
                0x000000000000094c                xQueueReceiveFromISR
                0x00000000000009c8                xQueuePeekFromISR
                0x00000000000009fc                uxQueueMessagesWaiting
                0x0000000000000a10                uxQueueSpacesAvailable
                0x0000000000000a28                uxQueueMessagesWaitingFromISR
                0x0000000000000a2c                vQueueDelete
                0x0000000000000a30                xQueueIsQueueEmptyFromISR
                0x0000000000000a3c                xQueueIsQueueFullFromISR
 .text          0x0000000000000a4c      0xdc4 gcc/tasks.o
                0x0000000000000be0                xTaskCreate
                0x0000000000000d98                vTaskStartScheduler
                0x0000000000000df8                vTaskEndScheduler
                0x0000000000000e18                vTaskSuspendAll
                0x0000000000000e2c                xTaskResumeAll
                0x0000000000000f74                xTaskDelayUntil
                0x0000000000000fcc                vTaskDelay
                0x0000000000001004                xTaskGetTickCount
                0x0000000000001010                xTaskGetTickCountFromISR
                0x000000000000101c                uxTaskGetNumberOfTasks
                0x0000000000001028                pcTaskGetName
                0x000000000000103c                xTaskCatchUpTicks
                0x000000000000106c                xTaskIncrementTick
                0x0000000000001088                vTaskSwitchContext
                0x00000000000010d0                vTaskPlaceOnEventList
                0x00000000000010ec                vTaskPlaceOnUnorderedEventList
                0x000000000000112c                xTaskRemoveFromEventList
                0x00000000000011ec                vTaskRemoveFromUnorderedEventList
                0x0000000000001284                vTaskSetTimeOutState
                0x00000000000012a4                vTaskInternalSetTimeOutState
                0x00000000000012b4                xTaskCheckForTimeOut
                0x0000000000001304                vTaskMissedYield
                0x0000000000001314                uxTaskGetStackHighWaterMark
                0x0000000000001348                xTaskGetCurrentTaskHandle
                0x0000000000001354                uxTaskResetEventItemValue
                0x000000000000136c                ulTaskGenericNotifyTake
                0x00000000000013f0                xTaskGenericNotifyWait
                0x0000000000001494                xTaskGenericNotify
                0x0000000000001598                xTaskGenericNotifyFromISR
                0x00000000000016bc                vTaskGenericNotifyGiveFromISR
                0x00000000000017ac                xTaskGenericNotifyStateClear
                0x00000000000017e0                ulTaskGenericNotifyValueClear
 .text          0x0000000000001810      0x1b8 gcc/port.o
                0x0000000000001850                pxPortInitialiseStack
                0x0000000000001878                vPortSVCHandler
                0x00000000000018a4                vPortEndScheduler
                0x00000000000018a8                vPortEnterCritical
                0x00000000000018c8                vPortExitCritical
                0x00000000000018dc                xPortPendSVHandler
                0x0000000000001924                xPortSysTickHandler
                0x0000000000001950                vPortSetupTimerInterrupt
                0x0000000000001978                xPortStartScheduler
 .text          0x00000000000019c8       0x90 gcc/heap_1.o
                0x00000000000019c8                pvPortMalloc
                0x0000000000001a38                vPortFree
                0x0000000000001a3c                vPortInitialiseBlocks
                0x0000000000001a48                xPortGetFreeHeapSize
 .text          0x0000000000001a58      0x1f8 gcc/BlockQ.o
                0x0000000000001ad0                vStartBlockingQueueTasks
                0x0000000000001c00                xAreBlockingQueuesStillRunning
 .text          0x0000000000001c50      0x128 gcc/PollQ.o
                0x0000000000001d08                vStartPolledQueueTasks
                0x0000000000001d5c                xArePollingQueuesStillRunning
 .text          0x0000000000001d78       0x9c gcc/integer.o
                0x0000000000001dd8                vStartIntegerMathTasks
                0x0000000000001e00                xAreIntegerMathsTaskStillRunning
 .text          0x0000000000001e14      0x1d0 gcc/semtest.o
                0x0000000000001ee8                vStartSemaphoreTasks
                0x0000000000001fb0                xAreSemaphoreTasksStillRunning
 .text          0x0000000000001fe4      0x350 gcc/osram96x16.o
                0x00000000000020d0                OSRAMClear
                0x000000000000211c                OSRAMStringDraw
                0x00000000000021d4                OSRAMImageDraw
                0x0000000000002244                OSRAMInit
                0x00000000000022cc                OSRAMDisplayOn
                0x000000000000230c                OSRAMDisplayOff
 .text          0x0000000000002334       0x20 hw_include/libdriver.a(gpio_pintypei2c_.o)
                0x0000000000002334                GPIOPinTypeI2C
 .text          0x0000000000002354        0x4 hw_include/libdriver.a(i2c_mastercontrol_.o)
                0x0000000000002354                I2CMasterControl
 .text          0x0000000000002358        0x4 hw_include/libdriver.a(i2c_masterdataput_.o)
                0x0000000000002358                I2CMasterDataPut
 .text          0x000000000000235c       0x34 hw_include/libdriver.a(i2c_masterinit_.o)
                0x000000000000235c                I2CMasterInit
 .text          0x0000000000002390       0x18 hw_include/libdriver.a(i2c_masterintstatus_.o)
                0x0000000000002390                I2CMasterIntStatus
 .text          0x00000000000023a8        0x8 hw_include/libdriver.a(i2c_masterslaveaddrset_.o)
                0x00000000000023a8                I2CMasterSlaveAddrSet
 .text          0x00000000000023b0       0x90 hw_include/libdriver.a(sysctl_clockget_.o)
                0x00000000000023b0                SysCtlClockGet
 .text          0x0000000000002440       0x1c hw_include/libdriver.a(sysctl_peripheralenable_.o)
                0x0000000000002440                SysCtlPeripheralEnable
 .text          0x000000000000245c        0x0 hw_include/libdriver.a(sysctl_pulrcgcregs_.o)
 .text          0x000000000000245c        0x0 hw_include/libdriver.a(sysctl_pulxtals_.o)
 .text          0x000000000000245c       0x48 hw_include/libdriver.a(gpio_dirmodeset_.o)
                0x000000000000245c                GPIODirModeSet
 .text          0x00000000000024a4      0x11c hw_include/libdriver.a(gpio_padconfigset_.o)
                0x00000000000024a4                GPIOPadConfigSet
 .text          0x00000000000025c0        0xc hw_include/libdriver.a(i2c_masterenable_.o)
                0x00000000000025c0                I2CMasterEnable
 .text          0x00000000000025cc       0xac /usr/lib/gcc/arm-none-eabi/9.2.1/../../../arm-none-eabi/lib/thumb/nofp/libc.a(lib_a-memcpy-stub.o)
                0x00000000000025cc                memcpy
 .text          0x0000000000002678       0xb0 /usr/lib/gcc/arm-none-eabi/9.2.1/../../../arm-none-eabi/lib/thumb/nofp/libc.a(lib_a-memset.o)
                0x0000000000002678                memset
 *(.rodata*)
 .rodata.str1.4
                0x0000000000002728        0x7 gcc/main.o
 *fill*         0x000000000000272f        0x1 
 .rodata.str1.4
                0x0000000000002730        0x5 gcc/tasks.o
 *fill*         0x0000000000002735        0x3 
 .rodata.str1.4
                0x0000000000002738       0x30 gcc/BlockQ.o
 .rodata.str1.4
                0x0000000000002768       0x10 gcc/PollQ.o
 .rodata.str1.4
                0x0000000000002778        0x8 gcc/integer.o
 .rodata.str1.4
                0x0000000000002780       0x20 gcc/semtest.o
 .rodata        0x00000000000027a0      0x25d gcc/osram96x16.o
 *fill*         0x00000000000029fd        0x3 
 .rodata        0x0000000000002a00        0xc hw_include/libdriver.a(sysctl_pulrcgcregs_.o)
                0x0000000000002a00                g_pulRCGCRegs
 .rodata        0x0000000000002a0c       0x30 hw_include/libdriver.a(sysctl_pulxtals_.o)
                0x0000000000002a0c                g_pulXtals
                0x0000000000002a3c                _etext = .

.glue_7         0x0000000000002a3c        0x0
 .glue_7        0x0000000000002a3c        0x0 linker stubs

.glue_7t        0x0000000000002a3c        0x0
 .glue_7t       0x0000000000002a3c        0x0 linker stubs

.vfp11_veneer   0x0000000000002a3c        0x0
 .vfp11_veneer  0x0000000000002a3c        0x0 linker stubs

.v4_bx          0x0000000000002a3c        0x0
 .v4_bx         0x0000000000002a3c        0x0 linker stubs

.iplt           0x0000000000002a3c        0x0
 .iplt          0x0000000000002a3c        0x0 gcc/startup.o

.rel.dyn        0x0000000000002a3c        0x0
 .rel.iplt      0x0000000000002a3c        0x0 gcc/startup.o

.data           0x0000000020000000       0x10 load address 0x0000000000002a3c
                0x0000000020000000                _data = .
 *(vtable)
 *(.data)
 .data          0x0000000020000000        0x0 gcc/startup.o
 .data          0x0000000020000000        0x8 gcc/main.o
 .data          0x0000000020000008        0x0 gcc/list.o
 .data          0x0000000020000008        0x0 gcc/queue.o
 .data          0x0000000020000008        0x4 gcc/tasks.o
                0x0000000020000008                uxTopUsedPriority
 .data          0x000000002000000c        0x4 gcc/port.o
 .data          0x0000000020000010        0x0 gcc/heap_1.o
 .data          0x0000000020000010        0x0 gcc/BlockQ.o
 .data          0x0000000020000010        0x0 gcc/PollQ.o
 .data          0x0000000020000010        0x0 gcc/integer.o
 .data          0x0000000020000010        0x0 gcc/semtest.o
 .data          0x0000000020000010        0x0 gcc/osram96x16.o
 .data          0x0000000020000010        0x0 hw_include/libdriver.a(gpio_pintypei2c_.o)
 .data          0x0000000020000010        0x0 hw_include/libdriver.a(i2c_mastercontrol_.o)
 .data          0x0000000020000010        0x0 hw_include/libdriver.a(i2c_masterdataput_.o)
 .data          0x0000000020000010        0x0 hw_include/libdriver.a(i2c_masterinit_.o)
 .data          0x0000000020000010        0x0 hw_include/libdriver.a(i2c_masterintstatus_.o)
 .data          0x0000000020000010        0x0 hw_include/libdriver.a(i2c_masterslaveaddrset_.o)
 .data          0x0000000020000010        0x0 hw_include/libdriver.a(sysctl_clockget_.o)
 .data          0x0000000020000010        0x0 hw_include/libdriver.a(sysctl_peripheralenable_.o)
 .data          0x0000000020000010        0x0 hw_include/libdriver.a(sysctl_pulrcgcregs_.o)
 .data          0x0000000020000010        0x0 hw_include/libdriver.a(sysctl_pulxtals_.o)
 .data          0x0000000020000010        0x0 hw_include/libdriver.a(gpio_dirmodeset_.o)
 .data          0x0000000020000010        0x0 hw_include/libdriver.a(gpio_padconfigset_.o)
 .data          0x0000000020000010        0x0 hw_include/libdriver.a(i2c_masterenable_.o)
 .data          0x0000000020000010        0x0 /usr/lib/gcc/arm-none-eabi/9.2.1/../../../arm-none-eabi/lib/thumb/nofp/libc.a(lib_a-memcpy-stub.o)
 .data          0x0000000020000010        0x0 /usr/lib/gcc/arm-none-eabi/9.2.1/../../../arm-none-eabi/lib/thumb/nofp/libc.a(lib_a-memset.o)
                0x0000000020000010                _edata = .

.igot.plt       0x0000000020000010        0x0 load address 0x0000000000002a4c
 .igot.plt      0x0000000020000010        0x0 gcc/startup.o

.bss            0x0000000020000010     0x1d80 load address 0x0000000000002a4c
                0x0000000020000010                _bss = .
 *(.bss)
 .bss           0x0000000020000010      0x100 gcc/startup.o
 .bss           0x0000000020000110        0x0 gcc/main.o
 .bss           0x0000000020000110        0x0 gcc/list.o
 .bss           0x0000000020000110        0x0 gcc/queue.o
 .bss           0x0000000020000110       0xd8 gcc/tasks.o
                0x0000000020000114                pxCurrentTCB
 .bss           0x00000000200001e8        0x0 gcc/port.o
 .bss           0x00000000200001e8     0x1b60 gcc/heap_1.o
 .bss           0x0000000020001d48       0x1e gcc/BlockQ.o
 *fill*         0x0000000020001d66        0x2 
 .bss           0x0000000020001d68        0xc gcc/PollQ.o
 .bss           0x0000000020001d74        0x4 gcc/integer.o
 .bss           0x0000000020001d78       0x14 gcc/semtest.o
 .bss           0x0000000020001d8c        0x4 gcc/osram96x16.o
 .bss           0x0000000020001d90        0x0 hw_include/libdriver.a(gpio_pintypei2c_.o)
 .bss           0x0000000020001d90        0x0 hw_include/libdriver.a(i2c_mastercontrol_.o)
 .bss           0x0000000020001d90        0x0 hw_include/libdriver.a(i2c_masterdataput_.o)
 .bss           0x0000000020001d90        0x0 hw_include/libdriver.a(i2c_masterinit_.o)
 .bss           0x0000000020001d90        0x0 hw_include/libdriver.a(i2c_masterintstatus_.o)
 .bss           0x0000000020001d90        0x0 hw_include/libdriver.a(i2c_masterslaveaddrset_.o)
 .bss           0x0000000020001d90        0x0 hw_include/libdriver.a(sysctl_clockget_.o)
 .bss           0x0000000020001d90        0x0 hw_include/libdriver.a(sysctl_peripheralenable_.o)
 .bss           0x0000000020001d90        0x0 hw_include/libdriver.a(sysctl_pulrcgcregs_.o)
 .bss           0x0000000020001d90        0x0 hw_include/libdriver.a(sysctl_pulxtals_.o)
 .bss           0x0000000020001d90        0x0 hw_include/libdriver.a(gpio_dirmodeset_.o)
 .bss           0x0000000020001d90        0x0 hw_include/libdriver.a(gpio_padconfigset_.o)
 .bss           0x0000000020001d90        0x0 hw_include/libdriver.a(i2c_masterenable_.o)
 .bss           0x0000000020001d90        0x0 /usr/lib/gcc/arm-none-eabi/9.2.1/../../../arm-none-eabi/lib/thumb/nofp/libc.a(lib_a-memcpy-stub.o)
 .bss           0x0000000020001d90        0x0 /usr/lib/gcc/arm-none-eabi/9.2.1/../../../arm-none-eabi/lib/thumb/nofp/libc.a(lib_a-memset.o)
 *(COMMON)
                0x0000000020001d90                _ebss = .
LOAD gcc/startup.o
LOAD gcc/main.o
LOAD gcc/list.o
LOAD gcc/queue.o
LOAD gcc/tasks.o
LOAD gcc/port.o
LOAD gcc/heap_1.o
LOAD gcc/BlockQ.o
LOAD gcc/PollQ.o
LOAD gcc/integer.o
LOAD gcc/semtest.o
LOAD gcc/osram96x16.o
LOAD hw_include/libdriver.a
LOAD /usr/lib/gcc/arm-none-eabi/9.2.1/../../../arm-none-eabi/lib/thumb/nofp/libc.a
LOAD /usr/lib/gcc/arm-none-eabi/9.2.1/thumb/nofp/libgcc.a
OUTPUT(gcc/RTOSDemo.axf elf32-littlearm)
LOAD linker stubs

.debug_info     0x0000000000000000     0xc0bc
 .debug_info    0x0000000000000000      0x155 gcc/startup.o
 .debug_info    0x0000000000000155      0x1fb gcc/main.o
 .debug_info    0x0000000000000350      0xb6e gcc/list.o
 .debug_info    0x0000000000000ebe     0x2259 gcc/queue.o
 .debug_info    0x0000000000003117     0x2728 gcc/tasks.o
 .debug_info    0x000000000000583f      0x38f gcc/port.o
 .debug_info    0x0000000000005bce      0xa54 gcc/heap_1.o
 .debug_info    0x0000000000006622      0xeac gcc/BlockQ.o
 .debug_info    0x00000000000074ce      0xc6d gcc/PollQ.o
 .debug_info    0x000000000000813b      0xacb gcc/integer.o
 .debug_info    0x0000000000008c06      0xdda gcc/semtest.o
 .debug_info    0x00000000000099e0      0x886 gcc/osram96x16.o
 .debug_info    0x000000000000a266      0xf35 /usr/lib/gcc/arm-none-eabi/9.2.1/../../../arm-none-eabi/lib/thumb/nofp/libc.a(lib_a-memcpy-stub.o)
 .debug_info    0x000000000000b19b      0xf21 /usr/lib/gcc/arm-none-eabi/9.2.1/../../../arm-none-eabi/lib/thumb/nofp/libc.a(lib_a-memset.o)

.debug_abbrev   0x0000000000000000     0x22f7
 .debug_abbrev  0x0000000000000000       0xe8 gcc/startup.o
 .debug_abbrev  0x00000000000000e8      0x118 gcc/main.o
 .debug_abbrev  0x0000000000000200      0x249 gcc/list.o
 .debug_abbrev  0x0000000000000449      0x416 gcc/queue.o
 .debug_abbrev  0x000000000000085f      0x580 gcc/tasks.o
 .debug_abbrev  0x0000000000000ddf      0x218 gcc/port.o
 .debug_abbrev  0x0000000000000ff7      0x296 gcc/heap_1.o
 .debug_abbrev  0x000000000000128d      0x2da gcc/BlockQ.o
 .debug_abbrev  0x0000000000001567      0x29e gcc/PollQ.o
 .debug_abbrev  0x0000000000001805      0x291 gcc/integer.o
 .debug_abbrev  0x0000000000001a96      0x2d4 gcc/semtest.o
 .debug_abbrev  0x0000000000001d6a      0x153 gcc/osram96x16.o
 .debug_abbrev  0x0000000000001ebd      0x223 /usr/lib/gcc/arm-none-eabi/9.2.1/../../../arm-none-eabi/lib/thumb/nofp/libc.a(lib_a-memcpy-stub.o)
 .debug_abbrev  0x00000000000020e0      0x217 /usr/lib/gcc/arm-none-eabi/9.2.1/../../../arm-none-eabi/lib/thumb/nofp/libc.a(lib_a-memset.o)

.debug_loc      0x0000000000000000     0x4439
 .debug_loc     0x0000000000000000       0x62 gcc/startup.o
 .debug_loc     0x0000000000000062       0x25 gcc/main.o
 .debug_loc     0x0000000000000087       0xbc gcc/list.o
 .debug_loc     0x0000000000000143     0x1558 gcc/queue.o
 .debug_loc     0x000000000000169b     0x1a5e gcc/tasks.o
 .debug_loc     0x00000000000030f9       0xbe gcc/port.o
 .debug_loc     0x00000000000031b7       0x97 gcc/heap_1.o
 .debug_loc     0x000000000000324e      0x244 gcc/BlockQ.o
 .debug_loc     0x0000000000003492      0x163 gcc/PollQ.o
 .debug_loc     0x00000000000035f5      0x124 gcc/integer.o
 .debug_loc     0x0000000000003719      0x1ac gcc/semtest.o
 .debug_loc     0x00000000000038c5      0x414 gcc/osram96x16.o
 .debug_loc     0x0000000000003cd9      0x481 /usr/lib/gcc/arm-none-eabi/9.2.1/../../../arm-none-eabi/lib/thumb/nofp/libc.a(lib_a-memcpy-stub.o)
 .debug_loc     0x000000000000415a      0x2df /usr/lib/gcc/arm-none-eabi/9.2.1/../../../arm-none-eabi/lib/thumb/nofp/libc.a(lib_a-memset.o)

.debug_aranges  0x0000000000000000      0x1c8
 .debug_aranges
                0x0000000000000000       0x20 gcc/startup.o
 .debug_aranges
                0x0000000000000020       0x28 gcc/main.o
 .debug_aranges
                0x0000000000000048       0x20 gcc/list.o
 .debug_aranges
                0x0000000000000068       0x20 gcc/queue.o
 .debug_aranges
                0x0000000000000088       0x20 gcc/tasks.o
 .debug_aranges
                0x00000000000000a8       0x20 gcc/port.o
 .debug_aranges
                0x00000000000000c8       0x20 gcc/heap_1.o
 .debug_aranges
                0x00000000000000e8       0x20 gcc/BlockQ.o
 .debug_aranges
                0x0000000000000108       0x20 gcc/PollQ.o
 .debug_aranges
                0x0000000000000128       0x20 gcc/integer.o
 .debug_aranges
                0x0000000000000148       0x20 gcc/semtest.o
 .debug_aranges
                0x0000000000000168       0x20 gcc/osram96x16.o
 .debug_aranges
                0x0000000000000188       0x20 /usr/lib/gcc/arm-none-eabi/9.2.1/../../../arm-none-eabi/lib/thumb/nofp/libc.a(lib_a-memcpy-stub.o)
 .debug_aranges
                0x00000000000001a8       0x20 /usr/lib/gcc/arm-none-eabi/9.2.1/../../../arm-none-eabi/lib/thumb/nofp/libc.a(lib_a-memset.o)

.debug_line     0x0000000000000000     0x456a
 .debug_line    0x0000000000000000       0xe4 gcc/startup.o
 .debug_line    0x00000000000000e4      0x19d gcc/main.o
 .debug_line    0x0000000000000281      0x2e0 gcc/list.o
 .debug_line    0x0000000000000561     0x106f gcc/queue.o
 .debug_line    0x00000000000015d0     0x1571 gcc/tasks.o
 .debug_line    0x0000000000002b41      0x330 gcc/port.o
 .debug_line    0x0000000000002e71      0x1fd gcc/heap_1.o
 .debug_line    0x000000000000306e      0x38a gcc/BlockQ.o
 .debug_line    0x00000000000033f8      0x2ce gcc/PollQ.o
 .debug_line    0x00000000000036c6      0x20e gcc/integer.o
 .debug_line    0x00000000000038d4      0x3b0 gcc/semtest.o
 .debug_line    0x0000000000003c84      0x424 gcc/osram96x16.o
 .debug_line    0x00000000000040a8      0x247 /usr/lib/gcc/arm-none-eabi/9.2.1/../../../arm-none-eabi/lib/thumb/nofp/libc.a(lib_a-memcpy-stub.o)
 .debug_line    0x00000000000042ef      0x27b /usr/lib/gcc/arm-none-eabi/9.2.1/../../../arm-none-eabi/lib/thumb/nofp/libc.a(lib_a-memset.o)

.debug_str      0x0000000000000000     0x2167
 .debug_str     0x0000000000000000      0x157 gcc/startup.o
                                        0x176 (size before relaxing)
 .debug_str     0x0000000000000157      0x136 gcc/main.o
                                        0x24e (size before relaxing)
 .debug_str     0x000000000000028d      0x4ed gcc/list.o
                                        0x6af (size before relaxing)
 .debug_str     0x000000000000077a      0x5af gcc/queue.o
                                        0xc0e (size before relaxing)
 .debug_str     0x0000000000000d29      0x831 gcc/tasks.o
                                       0x10fa (size before relaxing)
 .debug_str     0x000000000000155a       0xc1 gcc/port.o
                                        0x350 (size before relaxing)
 .debug_str     0x000000000000161b       0x8b gcc/heap_1.o
                                        0x62c (size before relaxing)
 .debug_str     0x00000000000016a6      0x215 gcc/BlockQ.o
                                        0x836 (size before relaxing)
 .debug_str     0x00000000000018bb       0xbf gcc/PollQ.o
                                        0x753 (size before relaxing)
 .debug_str     0x000000000000197a       0x95 gcc/integer.o
                                        0x678 (size before relaxing)
 .debug_str     0x0000000000001a0f      0x158 gcc/semtest.o
                                        0x7e3 (size before relaxing)
 .debug_str     0x0000000000001b67      0x1a3 gcc/osram96x16.o
                                        0x2bc (size before relaxing)
 .debug_str     0x0000000000001d0a      0x3c4 /usr/lib/gcc/arm-none-eabi/9.2.1/../../../arm-none-eabi/lib/thumb/nofp/libc.a(lib_a-memcpy-stub.o)
                                        0x8f0 (size before relaxing)
 .debug_str     0x00000000000020ce       0x99 /usr/lib/gcc/arm-none-eabi/9.2.1/../../../arm-none-eabi/lib/thumb/nofp/libc.a(lib_a-memset.o)
                                        0x8cb (size before relaxing)

.comment        0x0000000000000000      0x261
 .comment       0x0000000000000000       0x59 gcc/startup.o
                                         0x5a (size before relaxing)
 .comment       0x0000000000000059       0x5a gcc/main.o
 .comment       0x0000000000000059       0x5a gcc/list.o
 .comment       0x0000000000000059       0x5a gcc/queue.o
 .comment       0x0000000000000059       0x5a gcc/tasks.o
 .comment       0x0000000000000059       0x5a gcc/port.o
 .comment       0x0000000000000059       0x5a gcc/heap_1.o
 .comment       0x0000000000000059       0x5a gcc/BlockQ.o
 .comment       0x0000000000000059       0x5a gcc/PollQ.o
 .comment       0x0000000000000059       0x5a gcc/integer.o
 .comment       0x0000000000000059       0x5a gcc/semtest.o
 .comment       0x0000000000000059       0x5a gcc/osram96x16.o
 .comment       0x0000000000000059       0x22 hw_include/libdriver.a(gpio_pintypei2c_.o)
 .comment       0x000000000000007b       0x22 hw_include/libdriver.a(i2c_mastercontrol_.o)
 .comment       0x000000000000009d       0x22 hw_include/libdriver.a(i2c_masterdataput_.o)
 .comment       0x00000000000000bf       0x22 hw_include/libdriver.a(i2c_masterinit_.o)
 .comment       0x00000000000000e1       0x22 hw_include/libdriver.a(i2c_masterintstatus_.o)
 .comment       0x0000000000000103       0x22 hw_include/libdriver.a(i2c_masterslaveaddrset_.o)
 .comment       0x0000000000000125       0x22 hw_include/libdriver.a(sysctl_clockget_.o)
 .comment       0x0000000000000147       0x22 hw_include/libdriver.a(sysctl_peripheralenable_.o)
 .comment       0x0000000000000169       0x22 hw_include/libdriver.a(sysctl_pulrcgcregs_.o)
 .comment       0x000000000000018b       0x22 hw_include/libdriver.a(sysctl_pulxtals_.o)
 .comment       0x00000000000001ad       0x22 hw_include/libdriver.a(gpio_dirmodeset_.o)
 .comment       0x00000000000001cf       0x22 hw_include/libdriver.a(gpio_padconfigset_.o)
 .comment       0x00000000000001f1       0x22 hw_include/libdriver.a(i2c_masterenable_.o)
 .comment       0x0000000000000213       0x4e /usr/lib/gcc/arm-none-eabi/9.2.1/../../../arm-none-eabi/lib/thumb/nofp/libc.a(lib_a-memcpy-stub.o)
                                         0x4f (size before relaxing)
 .comment       0x0000000000000261       0x4f /usr/lib/gcc/arm-none-eabi/9.2.1/../../../arm-none-eabi/lib/thumb/nofp/libc.a(lib_a-memset.o)

.ARM.attributes
                0x0000000000000000       0x2f
 .ARM.attributes
                0x0000000000000000       0x2d gcc/startup.o
 .ARM.attributes
                0x000000000000002d       0x2d gcc/main.o
 .ARM.attributes
                0x000000000000005a       0x2d gcc/list.o
 .ARM.attributes
                0x0000000000000087       0x2d gcc/queue.o
 .ARM.attributes
                0x00000000000000b4       0x2d gcc/tasks.o
 .ARM.attributes
                0x00000000000000e1       0x2d gcc/port.o
 .ARM.attributes
                0x000000000000010e       0x2d gcc/heap_1.o
 .ARM.attributes
                0x000000000000013b       0x2d gcc/BlockQ.o
 .ARM.attributes
                0x0000000000000168       0x2d gcc/PollQ.o
 .ARM.attributes
                0x0000000000000195       0x2d gcc/integer.o
 .ARM.attributes
                0x00000000000001c2       0x2d gcc/semtest.o
 .ARM.attributes
                0x00000000000001ef       0x2d gcc/osram96x16.o
 .ARM.attributes
                0x000000000000021c       0x31 hw_include/libdriver.a(gpio_pintypei2c_.o)
 .ARM.attributes
                0x000000000000024d       0x31 hw_include/libdriver.a(i2c_mastercontrol_.o)
 .ARM.attributes
                0x000000000000027e       0x31 hw_include/libdriver.a(i2c_masterdataput_.o)
 .ARM.attributes
                0x00000000000002af       0x31 hw_include/libdriver.a(i2c_masterinit_.o)
 .ARM.attributes
                0x00000000000002e0       0x31 hw_include/libdriver.a(i2c_masterintstatus_.o)
 .ARM.attributes
                0x0000000000000311       0x31 hw_include/libdriver.a(i2c_masterslaveaddrset_.o)
 .ARM.attributes
                0x0000000000000342       0x31 hw_include/libdriver.a(sysctl_clockget_.o)
 .ARM.attributes
                0x0000000000000373       0x31 hw_include/libdriver.a(sysctl_peripheralenable_.o)
 .ARM.attributes
                0x00000000000003a4       0x2f hw_include/libdriver.a(sysctl_pulrcgcregs_.o)
 .ARM.attributes
                0x00000000000003d3       0x2f hw_include/libdriver.a(sysctl_pulxtals_.o)
 .ARM.attributes
                0x0000000000000402       0x31 hw_include/libdriver.a(gpio_dirmodeset_.o)
 .ARM.attributes
                0x0000000000000433       0x31 hw_include/libdriver.a(gpio_padconfigset_.o)
 .ARM.attributes
                0x0000000000000464       0x31 hw_include/libdriver.a(i2c_masterenable_.o)
 .ARM.attributes
                0x0000000000000495       0x2a /usr/lib/gcc/arm-none-eabi/9.2.1/../../../arm-none-eabi/lib/thumb/nofp/libc.a(lib_a-memcpy-stub.o)
 .ARM.attributes
                0x00000000000004bf       0x2a /usr/lib/gcc/arm-none-eabi/9.2.1/../../../arm-none-eabi/lib/thumb/nofp/libc.a(lib_a-memset.o)

.debug_frame    0x0000000000000000      0xc74
 .debug_frame   0x0000000000000000       0x50 gcc/startup.o
 .debug_frame   0x0000000000000050       0x58 gcc/main.o
 .debug_frame   0x00000000000000a8       0x88 gcc/list.o
 .debug_frame   0x0000000000000130      0x268 gcc/queue.o
 .debug_frame   0x0000000000000398      0x3a4 gcc/tasks.o
 .debug_frame   0x000000000000073c       0xf8 gcc/port.o
 .debug_frame   0x0000000000000834       0x58 gcc/heap_1.o
 .debug_frame   0x000000000000088c       0x9c gcc/BlockQ.o
 .debug_frame   0x0000000000000928       0x84 gcc/PollQ.o
 .debug_frame   0x00000000000009ac       0x60 gcc/integer.o
 .debug_frame   0x0000000000000a0c       0x7c gcc/semtest.o
 .debug_frame   0x0000000000000a88      0x188 gcc/osram96x16.o
 .debug_frame   0x0000000000000c10       0x34 /usr/lib/gcc/arm-none-eabi/9.2.1/../../../arm-none-eabi/lib/thumb/nofp/libc.a(lib_a-memcpy-stub.o)
 .debug_frame   0x0000000000000c44       0x30 /usr/lib/gcc/arm-none-eabi/9.2.1/../../../arm-none-eabi/lib/thumb/nofp/libc.a(lib_a-memset.o)

.debug_ranges   0x0000000000000000      0x878
 .debug_ranges  0x0000000000000000       0x38 gcc/main.o
 .debug_ranges  0x0000000000000038      0x2e0 gcc/queue.o
 .debug_ranges  0x0000000000000318      0x548 gcc/tasks.o
 .debug_ranges  0x0000000000000860       0x18 gcc/port.o
