Archive member included to satisfy reference by file (symbol)

hw_include/libdriver.a(gpio_pintypei2c_.o)
                              gcc/osram96x16.o (GPIOPinTypeI2C)
hw_include/libdriver.a(i2c_mastercontrol_.o)
                              gcc/osram96x16.o (I2CMasterControl)
hw_include/libdriver.a(i2c_masterdataput_.o)
                              gcc/osram96x16.o (I2CMasterDataPut)
hw_include/libdriver.a(i2c_masterinit_.o)
                              gcc/osram96x16.o (I2CMasterInit)
hw_include/libdriver.a(i2c_masterintstatus_.o)
                              gcc/osram96x16.o (I2CMasterIntStatus)
hw_include/libdriver.a(i2c_masterslaveaddrset_.o)
                              gcc/osram96x16.o (I2CMasterSlaveAddrSet)
hw_include/libdriver.a(interrupt_masterenable_.o)
                              gcc/main.o (IntMasterEnable)
hw_include/libdriver.a(sysctl_clockget_.o)
                              hw_include/libdriver.a(i2c_masterinit_.o) (SysCtlClockGet)
hw_include/libdriver.a(sysctl_peripheralenable_.o)
                              gcc/main.o (SysCtlPeripheralEnable)
hw_include/libdriver.a(sysctl_pulrcgcregs_.o)
                              hw_include/libdriver.a(sysctl_peripheralenable_.o) (g_pulRCGCRegs)
hw_include/libdriver.a(sysctl_pulxtals_.o)
                              hw_include/libdriver.a(sysctl_clockget_.o) (g_pulXtals)
hw_include/libdriver.a(timer_configure_.o)
                              gcc/main.o (TimerConfigure)
hw_include/libdriver.a(timer_enable_.o)
                              gcc/main.o (TimerEnable)
hw_include/libdriver.a(timer_intclear_.o)
                              gcc/main.o (TimerIntClear)
hw_include/libdriver.a(timer_intenable_.o)
                              gcc/main.o (TimerIntEnable)
hw_include/libdriver.a(timer_intregister_.o)
                              gcc/main.o (TimerIntRegister)
hw_include/libdriver.a(timer_loadset_.o)
                              gcc/main.o (TimerLoadSet)
hw_include/libdriver.a(uart_charnonblockingget_.o)
                              gcc/main.o (UARTCharNonBlockingGet)
hw_include/libdriver.a(uart_charput_.o)
                              gcc/main.o (UARTCharPut)
hw_include/libdriver.a(uart_charsavail_.o)
                              gcc/main.o (UARTCharsAvail)
hw_include/libdriver.a(uart_configset_.o)
                              gcc/main.o (UARTConfigSet)
hw_include/libdriver.a(uart_disable_.o)
                              hw_include/libdriver.a(uart_configset_.o) (UARTDisable)
hw_include/libdriver.a(uart_enable_.o)
                              hw_include/libdriver.a(uart_configset_.o) (UARTEnable)
hw_include/libdriver.a(cpu_cpsie_.o)
                              hw_include/libdriver.a(interrupt_masterenable_.o) (CPUcpsie)
hw_include/libdriver.a(gpio_dirmodeset_.o)
                              hw_include/libdriver.a(gpio_pintypei2c_.o) (GPIODirModeSet)
hw_include/libdriver.a(gpio_padconfigset_.o)
                              hw_include/libdriver.a(gpio_pintypei2c_.o) (GPIOPadConfigSet)
hw_include/libdriver.a(i2c_masterenable_.o)
                              hw_include/libdriver.a(i2c_masterinit_.o) (I2CMasterEnable)
hw_include/libdriver.a(interrupt_enable_.o)
                              hw_include/libdriver.a(timer_intregister_.o) (IntEnable)
hw_include/libdriver.a(interrupt_register_.o)
                              hw_include/libdriver.a(timer_intregister_.o) (IntRegister)
hw_include/libdriver.a(interrupt_vtable_.o)
                              hw_include/libdriver.a(interrupt_register_.o) (g_pfnRAMVectors)
/usr/lib/gcc/arm-none-eabi/9.2.1/../../../arm-none-eabi/lib/thumb/nofp/libc.a(lib_a-memcpy-stub.o)
                              gcc/queue.o (memcpy)
/usr/lib/gcc/arm-none-eabi/9.2.1/../../../arm-none-eabi/lib/thumb/nofp/libc.a(lib_a-memset.o)
                              gcc/main.o (memset)

Allocating common symbols
Common symbol       size              file

pxTaskStatusArray   0x4               gcc/main.o
ulHighFrequencyTimerTicks
                    0x4               gcc/main.o
xColaSensor         0x4               gcc/main.o
xColaPromedio       0x4               gcc/main.o

Memory Configuration

Name             Origin             Length             Attributes
FLASH            0x0000000000000000 0x0000000000010000 xr
SRAM             0x0000000020000000 0x0000000000002000 xrw
*default*        0x0000000000000000 0xffffffffffffffff

Linker script and memory map


.text           0x0000000000000000     0x3624
 *(.isr_vector)
 .isr_vector    0x0000000000000000       0xb0 gcc/startup.o
                0x0000000000000000                g_pfnVectors
 *(.text*)
 .text          0x00000000000000b0       0x68 gcc/startup.o
                0x00000000000000bc                ResetISR
 .text          0x0000000000000118      0x6ac gcc/main.o
                0x000000000000019c                Timer0IntHandler
                0x00000000000001b8                iniciarDisplay
                0x00000000000001c0                iniciarUART
                0x00000000000001e0                dibujarEjes
                0x0000000000000270                configurarTimer0
                0x00000000000002bc                utoa
                0x000000000000034c                enviarCadenaUART0
                0x000000000000037c                imprimirEstadisticas
                0x00000000000004d8                actualizarArregloCircular
                0x000000000000050c                actualizarTamVentana
                0x00000000000005f8                numeroAleatorio
                0x0000000000000620                calcularPromedio
                0x0000000000000650                convertirCadenaAEntero
                0x000000000000067c                obtenerCaracterEquivalente
                0x00000000000007b8                obtenerValor
 .text.startup  0x00000000000007c4       0xb0 gcc/main.o
                0x00000000000007c4                main
 .text          0x0000000000000874       0x90 gcc/list.o
                0x0000000000000874                vListInitialise
                0x000000000000088c                vListInitialiseItem
                0x0000000000000894                vListInsertEnd
                0x00000000000008b0                vListInsert
                0x00000000000008e0                uxListRemove
 .text          0x0000000000000904      0x82c gcc/queue.o
                0x0000000000000a1c                xQueueGenericReset
                0x0000000000000aa0                xQueueGenericCreate
                0x0000000000000aec                xQueueGenericSend
                0x0000000000000c00                xQueueGenericSendFromISR
                0x0000000000000c78                xQueueGiveFromISR
                0x0000000000000cec                xQueueReceive
                0x0000000000000e08                xQueueSemaphoreTake
                0x0000000000000f10                xQueuePeek
                0x0000000000001020                xQueueReceiveFromISR
                0x000000000000109c                xQueuePeekFromISR
                0x00000000000010d0                uxQueueMessagesWaiting
                0x00000000000010e4                uxQueueSpacesAvailable
                0x00000000000010fc                uxQueueMessagesWaitingFromISR
                0x0000000000001100                vQueueDelete
                0x0000000000001104                uxQueueGetQueueNumber
                0x0000000000001108                vQueueSetQueueNumber
                0x000000000000110c                ucQueueGetQueueType
                0x0000000000001114                xQueueIsQueueEmptyFromISR
                0x0000000000001120                xQueueIsQueueFullFromISR
 .text          0x0000000000001130      0xff0 gcc/tasks.o
                0x00000000000012c4                xTaskCreate
                0x0000000000001484                eTaskGetState
                0x00000000000014b8                vTaskStartScheduler
                0x000000000000151c                vTaskEndScheduler
                0x000000000000153c                vTaskSuspendAll
                0x0000000000001550                xTaskResumeAll
                0x0000000000001698                xTaskDelayUntil
                0x00000000000016f0                vTaskDelay
                0x0000000000001728                xTaskGetTickCount
                0x0000000000001734                xTaskGetTickCountFromISR
                0x0000000000001740                uxTaskGetNumberOfTasks
                0x000000000000174c                pcTaskGetName
                0x0000000000001760                xTaskCatchUpTicks
                0x0000000000001790                xTaskIncrementTick
                0x00000000000017ac                vTaskSwitchContext
                0x0000000000001828                vTaskPlaceOnEventList
                0x0000000000001844                vTaskPlaceOnUnorderedEventList
                0x0000000000001884                xTaskRemoveFromEventList
                0x0000000000001944                vTaskRemoveFromUnorderedEventList
                0x00000000000019dc                vTaskSetTimeOutState
                0x00000000000019fc                vTaskInternalSetTimeOutState
                0x0000000000001a0c                xTaskCheckForTimeOut
                0x0000000000001a5c                vTaskMissedYield
                0x0000000000001a6c                uxTaskGetTaskNumber
                0x0000000000001a74                vTaskSetTaskNumber
                0x0000000000001a7c                vTaskGetInfo
                0x0000000000001b74                uxTaskGetSystemState
                0x0000000000001c10                uxTaskGetStackHighWaterMark
                0x0000000000001c44                xTaskGetCurrentTaskHandle
                0x0000000000001c50                uxTaskResetEventItemValue
                0x0000000000001c68                ulTaskGenericNotifyTake
                0x0000000000001cf4                xTaskGenericNotifyWait
                0x0000000000001d9c                xTaskGenericNotify
                0x0000000000001ea4                xTaskGenericNotifyFromISR
                0x0000000000001fcc                vTaskGenericNotifyGiveFromISR
                0x00000000000020bc                xTaskGenericNotifyStateClear
                0x00000000000020f0                ulTaskGenericNotifyValueClear
 .text          0x0000000000002120      0x1b8 gcc/port.o
                0x0000000000002160                pxPortInitialiseStack
                0x0000000000002188                vPortSVCHandler
                0x00000000000021b4                vPortEndScheduler
                0x00000000000021b8                vPortEnterCritical
                0x00000000000021d8                vPortExitCritical
                0x00000000000021ec                xPortPendSVHandler
                0x0000000000002234                xPortSysTickHandler
                0x0000000000002260                vPortSetupTimerInterrupt
                0x0000000000002288                xPortStartScheduler
 .text          0x00000000000022d8       0x8c gcc/heap_1.o
                0x00000000000022d8                pvPortMalloc
                0x0000000000002344                vPortFree
                0x0000000000002348                vPortInitialiseBlocks
                0x0000000000002354                xPortGetFreeHeapSize
 .text          0x0000000000002364      0x1f8 gcc/BlockQ.o
                0x00000000000023dc                vStartBlockingQueueTasks
                0x000000000000250c                xAreBlockingQueuesStillRunning
 .text          0x000000000000255c      0x128 gcc/PollQ.o
                0x0000000000002614                vStartPolledQueueTasks
                0x0000000000002668                xArePollingQueuesStillRunning
 .text          0x0000000000002684       0x9c gcc/integer.o
                0x00000000000026e4                vStartIntegerMathTasks
                0x000000000000270c                xAreIntegerMathsTaskStillRunning
 .text          0x0000000000002720      0x1d0 gcc/semtest.o
                0x00000000000027f4                vStartSemaphoreTasks
                0x00000000000028bc                xAreSemaphoreTasksStillRunning
 .text          0x00000000000028f0      0x350 gcc/osram96x16.o
                0x00000000000029dc                OSRAMClear
                0x0000000000002a28                OSRAMStringDraw
                0x0000000000002ae0                OSRAMImageDraw
                0x0000000000002b50                OSRAMInit
                0x0000000000002bd8                OSRAMDisplayOn
                0x0000000000002c18                OSRAMDisplayOff
 .text          0x0000000000002c40       0x20 hw_include/libdriver.a(gpio_pintypei2c_.o)
                0x0000000000002c40                GPIOPinTypeI2C
 .text          0x0000000000002c60        0x4 hw_include/libdriver.a(i2c_mastercontrol_.o)
                0x0000000000002c60                I2CMasterControl
 .text          0x0000000000002c64        0x4 hw_include/libdriver.a(i2c_masterdataput_.o)
                0x0000000000002c64                I2CMasterDataPut
 .text          0x0000000000002c68       0x34 hw_include/libdriver.a(i2c_masterinit_.o)
                0x0000000000002c68                I2CMasterInit
 .text          0x0000000000002c9c       0x18 hw_include/libdriver.a(i2c_masterintstatus_.o)
                0x0000000000002c9c                I2CMasterIntStatus
 .text          0x0000000000002cb4        0x8 hw_include/libdriver.a(i2c_masterslaveaddrset_.o)
                0x0000000000002cb4                I2CMasterSlaveAddrSet
 .text          0x0000000000002cbc        0xc hw_include/libdriver.a(interrupt_masterenable_.o)
                0x0000000000002cbc                IntMasterEnable
 .text          0x0000000000002cc8       0x90 hw_include/libdriver.a(sysctl_clockget_.o)
                0x0000000000002cc8                SysCtlClockGet
 .text          0x0000000000002d58       0x1c hw_include/libdriver.a(sysctl_peripheralenable_.o)
                0x0000000000002d58                SysCtlPeripheralEnable
 .text          0x0000000000002d74        0x0 hw_include/libdriver.a(sysctl_pulrcgcregs_.o)
 .text          0x0000000000002d74        0x0 hw_include/libdriver.a(sysctl_pulxtals_.o)
 .text          0x0000000000002d74       0x20 hw_include/libdriver.a(timer_configure_.o)
                0x0000000000002d74                TimerConfigure
 .text          0x0000000000002d94       0x10 hw_include/libdriver.a(timer_enable_.o)
                0x0000000000002d94                TimerEnable
 .text          0x0000000000002da4        0x4 hw_include/libdriver.a(timer_intclear_.o)
                0x0000000000002da4                TimerIntClear
 .text          0x0000000000002da8        0x8 hw_include/libdriver.a(timer_intenable_.o)
                0x0000000000002da8                TimerIntEnable
 .text          0x0000000000002db0       0x50 hw_include/libdriver.a(timer_intregister_.o)
                0x0000000000002db0                TimerIntRegister
 .text          0x0000000000002e00       0x14 hw_include/libdriver.a(timer_loadset_.o)
                0x0000000000002e00                TimerLoadSet
 .text          0x0000000000002e14       0x10 hw_include/libdriver.a(uart_charnonblockingget_.o)
                0x0000000000002e14                UARTCharNonBlockingGet
 .text          0x0000000000002e24       0x10 hw_include/libdriver.a(uart_charput_.o)
                0x0000000000002e24                UARTCharPut
 .text          0x0000000000002e34       0x10 hw_include/libdriver.a(uart_charsavail_.o)
                0x0000000000002e34                UARTCharsAvail
 .text          0x0000000000002e44       0x38 hw_include/libdriver.a(uart_configset_.o)
                0x0000000000002e44                UARTConfigSet
 .text          0x0000000000002e7c       0x24 hw_include/libdriver.a(uart_disable_.o)
                0x0000000000002e7c                UARTDisable
 .text          0x0000000000002ea0       0x18 hw_include/libdriver.a(uart_enable_.o)
                0x0000000000002ea0                UARTEnable
 .text          0x0000000000002eb8        0x4 hw_include/libdriver.a(cpu_cpsie_.o)
                0x0000000000002eb8                CPUcpsie
 .text          0x0000000000002ebc       0x48 hw_include/libdriver.a(gpio_dirmodeset_.o)
                0x0000000000002ebc                GPIODirModeSet
 .text          0x0000000000002f04      0x11c hw_include/libdriver.a(gpio_padconfigset_.o)
                0x0000000000002f04                GPIOPadConfigSet
 .text          0x0000000000003020        0xc hw_include/libdriver.a(i2c_masterenable_.o)
                0x0000000000003020                I2CMasterEnable
 .text          0x000000000000302c       0x5c hw_include/libdriver.a(interrupt_enable_.o)
                0x000000000000302c                IntEnable
 .text          0x0000000000003088       0x3c hw_include/libdriver.a(interrupt_register_.o)
                0x0000000000003088                IntRegister
 .text          0x00000000000030c4        0x0 hw_include/libdriver.a(interrupt_vtable_.o)
 .text          0x00000000000030c4       0xac /usr/lib/gcc/arm-none-eabi/9.2.1/../../../arm-none-eabi/lib/thumb/nofp/libc.a(lib_a-memcpy-stub.o)
                0x00000000000030c4                memcpy
 .text          0x0000000000003170       0xb0 /usr/lib/gcc/arm-none-eabi/9.2.1/../../../arm-none-eabi/lib/thumb/nofp/libc.a(lib_a-memset.o)
                0x0000000000003170                memset
 *(.rodata*)
 .rodata.str1.4
                0x0000000000003220       0xf6 gcc/main.o
 *fill*         0x0000000000003316        0x2 
 .rodata.str1.4
                0x0000000000003318        0x5 gcc/tasks.o
 *fill*         0x000000000000331d        0x3 
 .rodata.str1.4
                0x0000000000003320       0x30 gcc/BlockQ.o
 .rodata.str1.4
                0x0000000000003350       0x10 gcc/PollQ.o
 .rodata.str1.4
                0x0000000000003360        0x8 gcc/integer.o
 .rodata.str1.4
                0x0000000000003368       0x20 gcc/semtest.o
 .rodata        0x0000000000003388      0x25d gcc/osram96x16.o
 *fill*         0x00000000000035e5        0x3 
 .rodata        0x00000000000035e8        0xc hw_include/libdriver.a(sysctl_pulrcgcregs_.o)
                0x00000000000035e8                g_pulRCGCRegs
 .rodata        0x00000000000035f4       0x30 hw_include/libdriver.a(sysctl_pulxtals_.o)
                0x00000000000035f4                g_pulXtals
                0x0000000000003624                _etext = .

.glue_7         0x0000000000003624        0x0
 .glue_7        0x0000000000003624        0x0 linker stubs

.glue_7t        0x0000000000003624        0x0
 .glue_7t       0x0000000000003624        0x0 linker stubs

.vfp11_veneer   0x0000000000003624        0x0
 .vfp11_veneer  0x0000000000003624        0x0 linker stubs

.v4_bx          0x0000000000003624        0x0
 .v4_bx         0x0000000000003624        0x0 linker stubs

.iplt           0x0000000000003624        0x0
 .iplt          0x0000000000003624        0x0 gcc/startup.o

.rel.dyn        0x0000000000003624        0x0
 .rel.iplt      0x0000000000003624        0x0 gcc/startup.o

.data           0x0000000020000000       0xc8 load address 0x0000000000003624
                0x0000000020000000                _data = .
 *(vtable)
 vtable         0x0000000020000000       0xb8 hw_include/libdriver.a(interrupt_vtable_.o)
                0x0000000020000000                g_pfnRAMVectors
 *(.data)
 .data          0x00000000200000b8        0x0 gcc/startup.o
 .data          0x00000000200000b8        0x8 gcc/main.o
 .data          0x00000000200000c0        0x0 gcc/list.o
 .data          0x00000000200000c0        0x0 gcc/queue.o
 .data          0x00000000200000c0        0x4 gcc/tasks.o
                0x00000000200000c0                uxTopUsedPriority
 .data          0x00000000200000c4        0x4 gcc/port.o
 .data          0x00000000200000c8        0x0 gcc/heap_1.o
 .data          0x00000000200000c8        0x0 gcc/BlockQ.o
 .data          0x00000000200000c8        0x0 gcc/PollQ.o
 .data          0x00000000200000c8        0x0 gcc/integer.o
 .data          0x00000000200000c8        0x0 gcc/semtest.o
 .data          0x00000000200000c8        0x0 gcc/osram96x16.o
 .data          0x00000000200000c8        0x0 hw_include/libdriver.a(gpio_pintypei2c_.o)
 .data          0x00000000200000c8        0x0 hw_include/libdriver.a(i2c_mastercontrol_.o)
 .data          0x00000000200000c8        0x0 hw_include/libdriver.a(i2c_masterdataput_.o)
 .data          0x00000000200000c8        0x0 hw_include/libdriver.a(i2c_masterinit_.o)
 .data          0x00000000200000c8        0x0 hw_include/libdriver.a(i2c_masterintstatus_.o)
 .data          0x00000000200000c8        0x0 hw_include/libdriver.a(i2c_masterslaveaddrset_.o)
 .data          0x00000000200000c8        0x0 hw_include/libdriver.a(interrupt_masterenable_.o)
 .data          0x00000000200000c8        0x0 hw_include/libdriver.a(sysctl_clockget_.o)
 .data          0x00000000200000c8        0x0 hw_include/libdriver.a(sysctl_peripheralenable_.o)
 .data          0x00000000200000c8        0x0 hw_include/libdriver.a(sysctl_pulrcgcregs_.o)
 .data          0x00000000200000c8        0x0 hw_include/libdriver.a(sysctl_pulxtals_.o)
 .data          0x00000000200000c8        0x0 hw_include/libdriver.a(timer_configure_.o)
 .data          0x00000000200000c8        0x0 hw_include/libdriver.a(timer_enable_.o)
 .data          0x00000000200000c8        0x0 hw_include/libdriver.a(timer_intclear_.o)
 .data          0x00000000200000c8        0x0 hw_include/libdriver.a(timer_intenable_.o)
 .data          0x00000000200000c8        0x0 hw_include/libdriver.a(timer_intregister_.o)
 .data          0x00000000200000c8        0x0 hw_include/libdriver.a(timer_loadset_.o)
 .data          0x00000000200000c8        0x0 hw_include/libdriver.a(uart_charnonblockingget_.o)
 .data          0x00000000200000c8        0x0 hw_include/libdriver.a(uart_charput_.o)
 .data          0x00000000200000c8        0x0 hw_include/libdriver.a(uart_charsavail_.o)
 .data          0x00000000200000c8        0x0 hw_include/libdriver.a(uart_configset_.o)
 .data          0x00000000200000c8        0x0 hw_include/libdriver.a(uart_disable_.o)
 .data          0x00000000200000c8        0x0 hw_include/libdriver.a(uart_enable_.o)
 .data          0x00000000200000c8        0x0 hw_include/libdriver.a(cpu_cpsie_.o)
 .data          0x00000000200000c8        0x0 hw_include/libdriver.a(gpio_dirmodeset_.o)
 .data          0x00000000200000c8        0x0 hw_include/libdriver.a(gpio_padconfigset_.o)
 .data          0x00000000200000c8        0x0 hw_include/libdriver.a(i2c_masterenable_.o)
 .data          0x00000000200000c8        0x0 hw_include/libdriver.a(interrupt_enable_.o)
 .data          0x00000000200000c8        0x0 hw_include/libdriver.a(interrupt_register_.o)
 .data          0x00000000200000c8        0x0 hw_include/libdriver.a(interrupt_vtable_.o)
 .data          0x00000000200000c8        0x0 /usr/lib/gcc/arm-none-eabi/9.2.1/../../../arm-none-eabi/lib/thumb/nofp/libc.a(lib_a-memcpy-stub.o)
 .data          0x00000000200000c8        0x0 /usr/lib/gcc/arm-none-eabi/9.2.1/../../../arm-none-eabi/lib/thumb/nofp/libc.a(lib_a-memset.o)
                0x00000000200000c8                _edata = .

.igot.plt       0x00000000200000c8        0x0 load address 0x00000000000036ec
 .igot.plt      0x00000000200000c8        0x0 gcc/startup.o

.bss            0x00000000200000c8     0x15c8 load address 0x00000000000036ec
                0x00000000200000c8                _bss = .
 *(.bss)
 .bss           0x00000000200000c8      0x100 gcc/startup.o
 .bss           0x00000000200001c8        0x0 gcc/main.o
 .bss           0x00000000200001c8        0x0 gcc/list.o
 .bss           0x00000000200001c8        0x0 gcc/queue.o
 .bss           0x00000000200001c8       0xe0 gcc/tasks.o
                0x00000000200001cc                pxCurrentTCB
 .bss           0x00000000200002a8        0x0 gcc/port.o
 .bss           0x00000000200002a8     0x1390 gcc/heap_1.o
 .bss           0x0000000020001638       0x1e gcc/BlockQ.o
 *fill*         0x0000000020001656        0x2 
 .bss           0x0000000020001658        0xc gcc/PollQ.o
 .bss           0x0000000020001664        0x4 gcc/integer.o
 .bss           0x0000000020001668       0x14 gcc/semtest.o
 .bss           0x000000002000167c        0x4 gcc/osram96x16.o
 .bss           0x0000000020001680        0x0 hw_include/libdriver.a(gpio_pintypei2c_.o)
 .bss           0x0000000020001680        0x0 hw_include/libdriver.a(i2c_mastercontrol_.o)
 .bss           0x0000000020001680        0x0 hw_include/libdriver.a(i2c_masterdataput_.o)
 .bss           0x0000000020001680        0x0 hw_include/libdriver.a(i2c_masterinit_.o)
 .bss           0x0000000020001680        0x0 hw_include/libdriver.a(i2c_masterintstatus_.o)
 .bss           0x0000000020001680        0x0 hw_include/libdriver.a(i2c_masterslaveaddrset_.o)
 .bss           0x0000000020001680        0x0 hw_include/libdriver.a(interrupt_masterenable_.o)
 .bss           0x0000000020001680        0x0 hw_include/libdriver.a(sysctl_clockget_.o)
 .bss           0x0000000020001680        0x0 hw_include/libdriver.a(sysctl_peripheralenable_.o)
 .bss           0x0000000020001680        0x0 hw_include/libdriver.a(sysctl_pulrcgcregs_.o)
 .bss           0x0000000020001680        0x0 hw_include/libdriver.a(sysctl_pulxtals_.o)
 .bss           0x0000000020001680        0x0 hw_include/libdriver.a(timer_configure_.o)
 .bss           0x0000000020001680        0x0 hw_include/libdriver.a(timer_enable_.o)
 .bss           0x0000000020001680        0x0 hw_include/libdriver.a(timer_intclear_.o)
 .bss           0x0000000020001680        0x0 hw_include/libdriver.a(timer_intenable_.o)
 .bss           0x0000000020001680        0x0 hw_include/libdriver.a(timer_intregister_.o)
 .bss           0x0000000020001680        0x0 hw_include/libdriver.a(timer_loadset_.o)
 .bss           0x0000000020001680        0x0 hw_include/libdriver.a(uart_charnonblockingget_.o)
 .bss           0x0000000020001680        0x0 hw_include/libdriver.a(uart_charput_.o)
 .bss           0x0000000020001680        0x0 hw_include/libdriver.a(uart_charsavail_.o)
 .bss           0x0000000020001680        0x0 hw_include/libdriver.a(uart_configset_.o)
 .bss           0x0000000020001680        0x0 hw_include/libdriver.a(uart_disable_.o)
 .bss           0x0000000020001680        0x0 hw_include/libdriver.a(uart_enable_.o)
 .bss           0x0000000020001680        0x0 hw_include/libdriver.a(cpu_cpsie_.o)
 .bss           0x0000000020001680        0x0 hw_include/libdriver.a(gpio_dirmodeset_.o)
 .bss           0x0000000020001680        0x0 hw_include/libdriver.a(gpio_padconfigset_.o)
 .bss           0x0000000020001680        0x0 hw_include/libdriver.a(i2c_masterenable_.o)
 .bss           0x0000000020001680        0x0 hw_include/libdriver.a(interrupt_enable_.o)
 .bss           0x0000000020001680        0x0 hw_include/libdriver.a(interrupt_register_.o)
 .bss           0x0000000020001680        0x0 hw_include/libdriver.a(interrupt_vtable_.o)
 .bss           0x0000000020001680        0x0 /usr/lib/gcc/arm-none-eabi/9.2.1/../../../arm-none-eabi/lib/thumb/nofp/libc.a(lib_a-memcpy-stub.o)
 .bss           0x0000000020001680        0x0 /usr/lib/gcc/arm-none-eabi/9.2.1/../../../arm-none-eabi/lib/thumb/nofp/libc.a(lib_a-memset.o)
 *(COMMON)
 COMMON         0x0000000020001680       0x10 gcc/main.o
                0x0000000020001680                pxTaskStatusArray
                0x0000000020001684                ulHighFrequencyTimerTicks
                0x0000000020001688                xColaSensor
                0x000000002000168c                xColaPromedio
                0x0000000020001690                _ebss = .
LOAD gcc/startup.o
LOAD gcc/main.o
LOAD gcc/list.o
LOAD gcc/queue.o
LOAD gcc/tasks.o
LOAD gcc/port.o
LOAD gcc/heap_1.o
LOAD gcc/BlockQ.o
LOAD gcc/PollQ.o
LOAD gcc/integer.o
LOAD gcc/semtest.o
LOAD gcc/osram96x16.o
LOAD hw_include/libdriver.a
LOAD /usr/lib/gcc/arm-none-eabi/9.2.1/../../../arm-none-eabi/lib/thumb/nofp/libc.a
LOAD /usr/lib/gcc/arm-none-eabi/9.2.1/thumb/nofp/libgcc.a
OUTPUT(gcc/RTOSDemo.axf elf32-littlearm)
LOAD linker stubs

.debug_info     0x0000000000000000     0xdb02
 .debug_info    0x0000000000000000      0x155 gcc/startup.o
 .debug_info    0x0000000000000155     0x1389 gcc/main.o
 .debug_info    0x00000000000014de      0xb6e gcc/list.o
 .debug_info    0x000000000000204c     0x230b gcc/queue.o
 .debug_info    0x0000000000004357     0x2f2e gcc/tasks.o
 .debug_info    0x0000000000007285      0x38f gcc/port.o
 .debug_info    0x0000000000007614      0xa54 gcc/heap_1.o
 .debug_info    0x0000000000008068      0xeac gcc/BlockQ.o
 .debug_info    0x0000000000008f14      0xc6d gcc/PollQ.o
 .debug_info    0x0000000000009b81      0xacb gcc/integer.o
 .debug_info    0x000000000000a64c      0xdda gcc/semtest.o
 .debug_info    0x000000000000b426      0x886 gcc/osram96x16.o
 .debug_info    0x000000000000bcac      0xf35 /usr/lib/gcc/arm-none-eabi/9.2.1/../../../arm-none-eabi/lib/thumb/nofp/libc.a(lib_a-memcpy-stub.o)
 .debug_info    0x000000000000cbe1      0xf21 /usr/lib/gcc/arm-none-eabi/9.2.1/../../../arm-none-eabi/lib/thumb/nofp/libc.a(lib_a-memset.o)

.debug_abbrev   0x0000000000000000     0x2612
 .debug_abbrev  0x0000000000000000       0xe8 gcc/startup.o
 .debug_abbrev  0x00000000000000e8      0x3f7 gcc/main.o
 .debug_abbrev  0x00000000000004df      0x249 gcc/list.o
 .debug_abbrev  0x0000000000000728      0x427 gcc/queue.o
 .debug_abbrev  0x0000000000000b4f      0x5ab gcc/tasks.o
 .debug_abbrev  0x00000000000010fa      0x218 gcc/port.o
 .debug_abbrev  0x0000000000001312      0x296 gcc/heap_1.o
 .debug_abbrev  0x00000000000015a8      0x2da gcc/BlockQ.o
 .debug_abbrev  0x0000000000001882      0x29e gcc/PollQ.o
 .debug_abbrev  0x0000000000001b20      0x291 gcc/integer.o
 .debug_abbrev  0x0000000000001db1      0x2d4 gcc/semtest.o
 .debug_abbrev  0x0000000000002085      0x153 gcc/osram96x16.o
 .debug_abbrev  0x00000000000021d8      0x223 /usr/lib/gcc/arm-none-eabi/9.2.1/../../../arm-none-eabi/lib/thumb/nofp/libc.a(lib_a-memcpy-stub.o)
 .debug_abbrev  0x00000000000023fb      0x217 /usr/lib/gcc/arm-none-eabi/9.2.1/../../../arm-none-eabi/lib/thumb/nofp/libc.a(lib_a-memset.o)

.debug_loc      0x0000000000000000     0x56d6
 .debug_loc     0x0000000000000000       0x62 gcc/startup.o
 .debug_loc     0x0000000000000062      0xb08 gcc/main.o
 .debug_loc     0x0000000000000b6a       0xbc gcc/list.o
 .debug_loc     0x0000000000000c26     0x159c gcc/queue.o
 .debug_loc     0x00000000000021c2     0x21d4 gcc/tasks.o
 .debug_loc     0x0000000000004396       0xbe gcc/port.o
 .debug_loc     0x0000000000004454       0x97 gcc/heap_1.o
 .debug_loc     0x00000000000044eb      0x244 gcc/BlockQ.o
 .debug_loc     0x000000000000472f      0x163 gcc/PollQ.o
 .debug_loc     0x0000000000004892      0x124 gcc/integer.o
 .debug_loc     0x00000000000049b6      0x1ac gcc/semtest.o
 .debug_loc     0x0000000000004b62      0x414 gcc/osram96x16.o
 .debug_loc     0x0000000000004f76      0x481 /usr/lib/gcc/arm-none-eabi/9.2.1/../../../arm-none-eabi/lib/thumb/nofp/libc.a(lib_a-memcpy-stub.o)
 .debug_loc     0x00000000000053f7      0x2df /usr/lib/gcc/arm-none-eabi/9.2.1/../../../arm-none-eabi/lib/thumb/nofp/libc.a(lib_a-memset.o)

.debug_aranges  0x0000000000000000      0x1c8
 .debug_aranges
                0x0000000000000000       0x20 gcc/startup.o
 .debug_aranges
                0x0000000000000020       0x28 gcc/main.o
 .debug_aranges
                0x0000000000000048       0x20 gcc/list.o
 .debug_aranges
                0x0000000000000068       0x20 gcc/queue.o
 .debug_aranges
                0x0000000000000088       0x20 gcc/tasks.o
 .debug_aranges
                0x00000000000000a8       0x20 gcc/port.o
 .debug_aranges
                0x00000000000000c8       0x20 gcc/heap_1.o
 .debug_aranges
                0x00000000000000e8       0x20 gcc/BlockQ.o
 .debug_aranges
                0x0000000000000108       0x20 gcc/PollQ.o
 .debug_aranges
                0x0000000000000128       0x20 gcc/integer.o
 .debug_aranges
                0x0000000000000148       0x20 gcc/semtest.o
 .debug_aranges
                0x0000000000000168       0x20 gcc/osram96x16.o
 .debug_aranges
                0x0000000000000188       0x20 /usr/lib/gcc/arm-none-eabi/9.2.1/../../../arm-none-eabi/lib/thumb/nofp/libc.a(lib_a-memcpy-stub.o)
 .debug_aranges
                0x00000000000001a8       0x20 /usr/lib/gcc/arm-none-eabi/9.2.1/../../../arm-none-eabi/lib/thumb/nofp/libc.a(lib_a-memset.o)

.debug_line     0x0000000000000000     0x5525
 .debug_line    0x0000000000000000       0xe4 gcc/startup.o
 .debug_line    0x00000000000000e4      0xcc3 gcc/main.o
 .debug_line    0x0000000000000da7      0x2e0 gcc/list.o
 .debug_line    0x0000000000001087     0x109d gcc/queue.o
 .debug_line    0x0000000000002124     0x19df gcc/tasks.o
 .debug_line    0x0000000000003b03      0x330 gcc/port.o
 .debug_line    0x0000000000003e33      0x1f6 gcc/heap_1.o
 .debug_line    0x0000000000004029      0x38a gcc/BlockQ.o
 .debug_line    0x00000000000043b3      0x2ce gcc/PollQ.o
 .debug_line    0x0000000000004681      0x20e gcc/integer.o
 .debug_line    0x000000000000488f      0x3b0 gcc/semtest.o
 .debug_line    0x0000000000004c3f      0x424 gcc/osram96x16.o
 .debug_line    0x0000000000005063      0x247 /usr/lib/gcc/arm-none-eabi/9.2.1/../../../arm-none-eabi/lib/thumb/nofp/libc.a(lib_a-memcpy-stub.o)
 .debug_line    0x00000000000052aa      0x27b /usr/lib/gcc/arm-none-eabi/9.2.1/../../../arm-none-eabi/lib/thumb/nofp/libc.a(lib_a-memset.o)

.debug_str      0x0000000000000000     0x268a
 .debug_str     0x0000000000000000      0x157 gcc/startup.o
                                        0x176 (size before relaxing)
 .debug_str     0x0000000000000157      0x600 gcc/main.o
                                        0x75e (size before relaxing)
 .debug_str     0x0000000000000757      0x4ed gcc/list.o
                                        0x6af (size before relaxing)
 .debug_str     0x0000000000000c44      0x55d gcc/queue.o
                                        0xc5b (size before relaxing)
 .debug_str     0x00000000000011a1      0x90d gcc/tasks.o
                                       0x1348 (size before relaxing)
 .debug_str     0x0000000000001aae       0xc1 gcc/port.o
                                        0x350 (size before relaxing)
 .debug_str     0x0000000000001b6f       0x8b gcc/heap_1.o
                                        0x62c (size before relaxing)
 .debug_str     0x0000000000001bfa      0x215 gcc/BlockQ.o
                                        0x836 (size before relaxing)
 .debug_str     0x0000000000001e0f       0xbf gcc/PollQ.o
                                        0x753 (size before relaxing)
 .debug_str     0x0000000000001ece       0x95 gcc/integer.o
                                        0x678 (size before relaxing)
 .debug_str     0x0000000000001f63      0x158 gcc/semtest.o
                                        0x7e3 (size before relaxing)
 .debug_str     0x00000000000020bb      0x172 gcc/osram96x16.o
                                        0x2bc (size before relaxing)
 .debug_str     0x000000000000222d      0x3c4 /usr/lib/gcc/arm-none-eabi/9.2.1/../../../arm-none-eabi/lib/thumb/nofp/libc.a(lib_a-memcpy-stub.o)
                                        0x8f0 (size before relaxing)
 .debug_str     0x00000000000025f1       0x99 /usr/lib/gcc/arm-none-eabi/9.2.1/../../../arm-none-eabi/lib/thumb/nofp/libc.a(lib_a-memset.o)
                                        0x8cb (size before relaxing)

.comment        0x0000000000000000      0x481
 .comment       0x0000000000000000       0x59 gcc/startup.o
                                         0x5a (size before relaxing)
 .comment       0x0000000000000059       0x5a gcc/main.o
 .comment       0x0000000000000059       0x5a gcc/list.o
 .comment       0x0000000000000059       0x5a gcc/queue.o
 .comment       0x0000000000000059       0x5a gcc/tasks.o
 .comment       0x0000000000000059       0x5a gcc/port.o
 .comment       0x0000000000000059       0x5a gcc/heap_1.o
 .comment       0x0000000000000059       0x5a gcc/BlockQ.o
 .comment       0x0000000000000059       0x5a gcc/PollQ.o
 .comment       0x0000000000000059       0x5a gcc/integer.o
 .comment       0x0000000000000059       0x5a gcc/semtest.o
 .comment       0x0000000000000059       0x5a gcc/osram96x16.o
 .comment       0x0000000000000059       0x22 hw_include/libdriver.a(gpio_pintypei2c_.o)
 .comment       0x000000000000007b       0x22 hw_include/libdriver.a(i2c_mastercontrol_.o)
 .comment       0x000000000000009d       0x22 hw_include/libdriver.a(i2c_masterdataput_.o)
 .comment       0x00000000000000bf       0x22 hw_include/libdriver.a(i2c_masterinit_.o)
 .comment       0x00000000000000e1       0x22 hw_include/libdriver.a(i2c_masterintstatus_.o)
 .comment       0x0000000000000103       0x22 hw_include/libdriver.a(i2c_masterslaveaddrset_.o)
 .comment       0x0000000000000125       0x22 hw_include/libdriver.a(interrupt_masterenable_.o)
 .comment       0x0000000000000147       0x22 hw_include/libdriver.a(sysctl_clockget_.o)
 .comment       0x0000000000000169       0x22 hw_include/libdriver.a(sysctl_peripheralenable_.o)
 .comment       0x000000000000018b       0x22 hw_include/libdriver.a(sysctl_pulrcgcregs_.o)
 .comment       0x00000000000001ad       0x22 hw_include/libdriver.a(sysctl_pulxtals_.o)
 .comment       0x00000000000001cf       0x22 hw_include/libdriver.a(timer_configure_.o)
 .comment       0x00000000000001f1       0x22 hw_include/libdriver.a(timer_enable_.o)
 .comment       0x0000000000000213       0x22 hw_include/libdriver.a(timer_intclear_.o)
 .comment       0x0000000000000235       0x22 hw_include/libdriver.a(timer_intenable_.o)
 .comment       0x0000000000000257       0x22 hw_include/libdriver.a(timer_intregister_.o)
 .comment       0x0000000000000279       0x22 hw_include/libdriver.a(timer_loadset_.o)
 .comment       0x000000000000029b       0x22 hw_include/libdriver.a(uart_charnonblockingget_.o)
 .comment       0x00000000000002bd       0x22 hw_include/libdriver.a(uart_charput_.o)
 .comment       0x00000000000002df       0x22 hw_include/libdriver.a(uart_charsavail_.o)
 .comment       0x0000000000000301       0x22 hw_include/libdriver.a(uart_configset_.o)
 .comment       0x0000000000000323       0x22 hw_include/libdriver.a(uart_disable_.o)
 .comment       0x0000000000000345       0x22 hw_include/libdriver.a(uart_enable_.o)
 .comment       0x0000000000000367       0x22 hw_include/libdriver.a(gpio_dirmodeset_.o)
 .comment       0x0000000000000389       0x22 hw_include/libdriver.a(gpio_padconfigset_.o)
 .comment       0x00000000000003ab       0x22 hw_include/libdriver.a(i2c_masterenable_.o)
 .comment       0x00000000000003cd       0x22 hw_include/libdriver.a(interrupt_enable_.o)
 .comment       0x00000000000003ef       0x22 hw_include/libdriver.a(interrupt_register_.o)
 .comment       0x0000000000000411       0x22 hw_include/libdriver.a(interrupt_vtable_.o)
 .comment       0x0000000000000433       0x4e /usr/lib/gcc/arm-none-eabi/9.2.1/../../../arm-none-eabi/lib/thumb/nofp/libc.a(lib_a-memcpy-stub.o)
                                         0x4f (size before relaxing)
 .comment       0x0000000000000481       0x4f /usr/lib/gcc/arm-none-eabi/9.2.1/../../../arm-none-eabi/lib/thumb/nofp/libc.a(lib_a-memset.o)

.ARM.attributes
                0x0000000000000000       0x2d
 .ARM.attributes
                0x0000000000000000       0x2d gcc/startup.o
 .ARM.attributes
                0x000000000000002d       0x2d gcc/main.o
 .ARM.attributes
                0x000000000000005a       0x2d gcc/list.o
 .ARM.attributes
                0x0000000000000087       0x2d gcc/queue.o
 .ARM.attributes
                0x00000000000000b4       0x2d gcc/tasks.o
 .ARM.attributes
                0x00000000000000e1       0x2d gcc/port.o
 .ARM.attributes
                0x000000000000010e       0x2d gcc/heap_1.o
 .ARM.attributes
                0x000000000000013b       0x2d gcc/BlockQ.o
 .ARM.attributes
                0x0000000000000168       0x2d gcc/PollQ.o
 .ARM.attributes
                0x0000000000000195       0x2d gcc/integer.o
 .ARM.attributes
                0x00000000000001c2       0x2d gcc/semtest.o
 .ARM.attributes
                0x00000000000001ef       0x2d gcc/osram96x16.o
 .ARM.attributes
                0x000000000000021c       0x31 hw_include/libdriver.a(gpio_pintypei2c_.o)
 .ARM.attributes
                0x000000000000024d       0x31 hw_include/libdriver.a(i2c_mastercontrol_.o)
 .ARM.attributes
                0x000000000000027e       0x31 hw_include/libdriver.a(i2c_masterdataput_.o)
 .ARM.attributes
                0x00000000000002af       0x31 hw_include/libdriver.a(i2c_masterinit_.o)
 .ARM.attributes
                0x00000000000002e0       0x31 hw_include/libdriver.a(i2c_masterintstatus_.o)
 .ARM.attributes
                0x0000000000000311       0x31 hw_include/libdriver.a(i2c_masterslaveaddrset_.o)
 .ARM.attributes
                0x0000000000000342       0x31 hw_include/libdriver.a(interrupt_masterenable_.o)
 .ARM.attributes
                0x0000000000000373       0x31 hw_include/libdriver.a(sysctl_clockget_.o)
 .ARM.attributes
                0x00000000000003a4       0x31 hw_include/libdriver.a(sysctl_peripheralenable_.o)
 .ARM.attributes
                0x00000000000003d5       0x2f hw_include/libdriver.a(sysctl_pulrcgcregs_.o)
 .ARM.attributes
                0x0000000000000404       0x2f hw_include/libdriver.a(sysctl_pulxtals_.o)
 .ARM.attributes
                0x0000000000000433       0x31 hw_include/libdriver.a(timer_configure_.o)
 .ARM.attributes
                0x0000000000000464       0x31 hw_include/libdriver.a(timer_enable_.o)
 .ARM.attributes
                0x0000000000000495       0x31 hw_include/libdriver.a(timer_intclear_.o)
 .ARM.attributes
                0x00000000000004c6       0x31 hw_include/libdriver.a(timer_intenable_.o)
 .ARM.attributes
                0x00000000000004f7       0x31 hw_include/libdriver.a(timer_intregister_.o)
 .ARM.attributes
                0x0000000000000528       0x31 hw_include/libdriver.a(timer_loadset_.o)
 .ARM.attributes
                0x0000000000000559       0x31 hw_include/libdriver.a(uart_charnonblockingget_.o)
 .ARM.attributes
                0x000000000000058a       0x31 hw_include/libdriver.a(uart_charput_.o)
 .ARM.attributes
                0x00000000000005bb       0x31 hw_include/libdriver.a(uart_charsavail_.o)
 .ARM.attributes
                0x00000000000005ec       0x31 hw_include/libdriver.a(uart_configset_.o)
 .ARM.attributes
                0x000000000000061d       0x31 hw_include/libdriver.a(uart_disable_.o)
 .ARM.attributes
                0x000000000000064e       0x31 hw_include/libdriver.a(uart_enable_.o)
 .ARM.attributes
                0x000000000000067f       0x21 hw_include/libdriver.a(cpu_cpsie_.o)
 .ARM.attributes
                0x00000000000006a0       0x31 hw_include/libdriver.a(gpio_dirmodeset_.o)
 .ARM.attributes
                0x00000000000006d1       0x31 hw_include/libdriver.a(gpio_padconfigset_.o)
 .ARM.attributes
                0x0000000000000702       0x31 hw_include/libdriver.a(i2c_masterenable_.o)
 .ARM.attributes
                0x0000000000000733       0x31 hw_include/libdriver.a(interrupt_enable_.o)
 .ARM.attributes
                0x0000000000000764       0x31 hw_include/libdriver.a(interrupt_register_.o)
 .ARM.attributes
                0x0000000000000795       0x2f hw_include/libdriver.a(interrupt_vtable_.o)
 .ARM.attributes
                0x00000000000007c4       0x2a /usr/lib/gcc/arm-none-eabi/9.2.1/../../../arm-none-eabi/lib/thumb/nofp/libc.a(lib_a-memcpy-stub.o)
 .ARM.attributes
                0x00000000000007ee       0x2a /usr/lib/gcc/arm-none-eabi/9.2.1/../../../arm-none-eabi/lib/thumb/nofp/libc.a(lib_a-memset.o)

.debug_frame    0x0000000000000000      0xf50
 .debug_frame   0x0000000000000000       0x50 gcc/startup.o
 .debug_frame   0x0000000000000050      0x250 gcc/main.o
 .debug_frame   0x00000000000002a0       0x88 gcc/list.o
 .debug_frame   0x0000000000000328      0x29c gcc/queue.o
 .debug_frame   0x00000000000005c4      0x454 gcc/tasks.o
 .debug_frame   0x0000000000000a18       0xf8 gcc/port.o
 .debug_frame   0x0000000000000b10       0x58 gcc/heap_1.o
 .debug_frame   0x0000000000000b68       0x9c gcc/BlockQ.o
 .debug_frame   0x0000000000000c04       0x84 gcc/PollQ.o
 .debug_frame   0x0000000000000c88       0x60 gcc/integer.o
 .debug_frame   0x0000000000000ce8       0x7c gcc/semtest.o
 .debug_frame   0x0000000000000d64      0x188 gcc/osram96x16.o
 .debug_frame   0x0000000000000eec       0x34 /usr/lib/gcc/arm-none-eabi/9.2.1/../../../arm-none-eabi/lib/thumb/nofp/libc.a(lib_a-memcpy-stub.o)
 .debug_frame   0x0000000000000f20       0x30 /usr/lib/gcc/arm-none-eabi/9.2.1/../../../arm-none-eabi/lib/thumb/nofp/libc.a(lib_a-memset.o)

.debug_ranges   0x0000000000000000      0xb18
 .debug_ranges  0x0000000000000000      0x1c8 gcc/main.o
 .debug_ranges  0x00000000000001c8      0x2e0 gcc/queue.o
 .debug_ranges  0x00000000000004a8      0x658 gcc/tasks.o
 .debug_ranges  0x0000000000000b00       0x18 gcc/port.o
