Archive member included to satisfy reference by file (symbol)

hw_include/libdriver.a(gpio_pintypei2c_.o)
                              gcc/osram96x16.o (GPIOPinTypeI2C)
hw_include/libdriver.a(i2c_mastercontrol_.o)
                              gcc/osram96x16.o (I2CMasterControl)
hw_include/libdriver.a(i2c_masterdataput_.o)
                              gcc/osram96x16.o (I2CMasterDataPut)
hw_include/libdriver.a(i2c_masterinit_.o)
                              gcc/osram96x16.o (I2CMasterInit)
hw_include/libdriver.a(i2c_masterintstatus_.o)
                              gcc/osram96x16.o (I2CMasterIntStatus)
hw_include/libdriver.a(i2c_masterslaveaddrset_.o)
                              gcc/osram96x16.o (I2CMasterSlaveAddrSet)
hw_include/libdriver.a(sysctl_clockget_.o)
                              hw_include/libdriver.a(i2c_masterinit_.o) (SysCtlClockGet)
hw_include/libdriver.a(sysctl_peripheralenable_.o)
                              gcc/main.o (SysCtlPeripheralEnable)
hw_include/libdriver.a(sysctl_pulrcgcregs_.o)
                              hw_include/libdriver.a(sysctl_peripheralenable_.o) (g_pulRCGCRegs)
hw_include/libdriver.a(sysctl_pulxtals_.o)
                              hw_include/libdriver.a(sysctl_clockget_.o) (g_pulXtals)
hw_include/libdriver.a(uart_charnonblockingget_.o)
                              gcc/main.o (UARTCharNonBlockingGet)
hw_include/libdriver.a(uart_charsavail_.o)
                              gcc/main.o (UARTCharsAvail)
hw_include/libdriver.a(uart_configset_.o)
                              gcc/main.o (UARTConfigSet)
hw_include/libdriver.a(uart_disable_.o)
                              hw_include/libdriver.a(uart_configset_.o) (UARTDisable)
hw_include/libdriver.a(uart_enable_.o)
                              hw_include/libdriver.a(uart_configset_.o) (UARTEnable)
hw_include/libdriver.a(gpio_dirmodeset_.o)
                              hw_include/libdriver.a(gpio_pintypei2c_.o) (GPIODirModeSet)
hw_include/libdriver.a(gpio_padconfigset_.o)
                              hw_include/libdriver.a(gpio_pintypei2c_.o) (GPIOPadConfigSet)
hw_include/libdriver.a(i2c_masterenable_.o)
                              hw_include/libdriver.a(i2c_masterinit_.o) (I2CMasterEnable)
/usr/lib/gcc/arm-none-eabi/9.2.1/../../../arm-none-eabi/lib/thumb/nofp/libc.a(lib_a-memcpy-stub.o)
                              gcc/queue.o (memcpy)
/usr/lib/gcc/arm-none-eabi/9.2.1/../../../arm-none-eabi/lib/thumb/nofp/libc.a(lib_a-memset.o)
                              gcc/main.o (memset)

Allocating common symbols
Common symbol       size              file

xColaSensor         0x4               gcc/main.o
xColaPromedio       0x4               gcc/main.o

Memory Configuration

Name             Origin             Length             Attributes
FLASH            0x0000000000000000 0x0000000000010000 xr
SRAM             0x0000000020000000 0x0000000000002000 xrw
*default*        0x0000000000000000 0xffffffffffffffff

Linker script and memory map


.text           0x0000000000000000     0x2f54
 *(.isr_vector)
 .isr_vector    0x0000000000000000       0xb0 gcc/startup.o
                0x0000000000000000                g_pfnVectors
 *(.text*)
 .text          0x00000000000000b0       0x68 gcc/startup.o
                0x00000000000000bc                ResetISR
 .text          0x0000000000000118      0x41c gcc/main.o
                0x000000000000019c                iniciarDisplay
                0x00000000000001a4                iniciarUART
                0x00000000000001c4                dibujarEjes
                0x0000000000000254                actualizarArregloCircular
                0x0000000000000288                actualizarTamVentana
                0x0000000000000374                numeroAleatorio
                0x000000000000039c                calcularPromedio
                0x00000000000003cc                atoi
                0x00000000000003f8                obtenerEquivalenteCaracter
 .text.startup  0x0000000000000534       0x94 gcc/main.o
                0x0000000000000534                main
 .text          0x00000000000005c8       0x90 gcc/list.o
                0x00000000000005c8                vListInitialise
                0x00000000000005e0                vListInitialiseItem
                0x00000000000005e8                vListInsertEnd
                0x0000000000000604                vListInsert
                0x0000000000000634                uxListRemove
 .text          0x0000000000000658      0x814 gcc/queue.o
                0x0000000000000770                xQueueGenericReset
                0x00000000000007f4                xQueueGenericCreate
                0x0000000000000838                xQueueGenericSend
                0x000000000000094c                xQueueGenericSendFromISR
                0x00000000000009c4                xQueueGiveFromISR
                0x0000000000000a38                xQueueReceive
                0x0000000000000b54                xQueueSemaphoreTake
                0x0000000000000c5c                xQueuePeek
                0x0000000000000d6c                xQueueReceiveFromISR
                0x0000000000000de8                xQueuePeekFromISR
                0x0000000000000e1c                uxQueueMessagesWaiting
                0x0000000000000e30                uxQueueSpacesAvailable
                0x0000000000000e48                uxQueueMessagesWaitingFromISR
                0x0000000000000e4c                vQueueDelete
                0x0000000000000e50                xQueueIsQueueEmptyFromISR
                0x0000000000000e5c                xQueueIsQueueFullFromISR
 .text          0x0000000000000e6c      0xdc4 gcc/tasks.o
                0x0000000000001000                xTaskCreate
                0x00000000000011b8                vTaskStartScheduler
                0x0000000000001218                vTaskEndScheduler
                0x0000000000001238                vTaskSuspendAll
                0x000000000000124c                xTaskResumeAll
                0x0000000000001394                xTaskDelayUntil
                0x00000000000013ec                vTaskDelay
                0x0000000000001424                xTaskGetTickCount
                0x0000000000001430                xTaskGetTickCountFromISR
                0x000000000000143c                uxTaskGetNumberOfTasks
                0x0000000000001448                pcTaskGetName
                0x000000000000145c                xTaskCatchUpTicks
                0x000000000000148c                xTaskIncrementTick
                0x00000000000014a8                vTaskSwitchContext
                0x00000000000014f0                vTaskPlaceOnEventList
                0x000000000000150c                vTaskPlaceOnUnorderedEventList
                0x000000000000154c                xTaskRemoveFromEventList
                0x000000000000160c                vTaskRemoveFromUnorderedEventList
                0x00000000000016a4                vTaskSetTimeOutState
                0x00000000000016c4                vTaskInternalSetTimeOutState
                0x00000000000016d4                xTaskCheckForTimeOut
                0x0000000000001724                vTaskMissedYield
                0x0000000000001734                uxTaskGetStackHighWaterMark
                0x0000000000001768                xTaskGetCurrentTaskHandle
                0x0000000000001774                uxTaskResetEventItemValue
                0x000000000000178c                ulTaskGenericNotifyTake
                0x0000000000001810                xTaskGenericNotifyWait
                0x00000000000018b4                xTaskGenericNotify
                0x00000000000019b8                xTaskGenericNotifyFromISR
                0x0000000000001adc                vTaskGenericNotifyGiveFromISR
                0x0000000000001bcc                xTaskGenericNotifyStateClear
                0x0000000000001c00                ulTaskGenericNotifyValueClear
 .text          0x0000000000001c30      0x1b8 gcc/port.o
                0x0000000000001c70                pxPortInitialiseStack
                0x0000000000001c98                vPortSVCHandler
                0x0000000000001cc4                vPortEndScheduler
                0x0000000000001cc8                vPortEnterCritical
                0x0000000000001ce8                vPortExitCritical
                0x0000000000001cfc                xPortPendSVHandler
                0x0000000000001d44                xPortSysTickHandler
                0x0000000000001d70                vPortSetupTimerInterrupt
                0x0000000000001d98                xPortStartScheduler
 .text          0x0000000000001de8       0x8c gcc/heap_1.o
                0x0000000000001de8                pvPortMalloc
                0x0000000000001e54                vPortFree
                0x0000000000001e58                vPortInitialiseBlocks
                0x0000000000001e64                xPortGetFreeHeapSize
 .text          0x0000000000001e74      0x1f8 gcc/BlockQ.o
                0x0000000000001eec                vStartBlockingQueueTasks
                0x000000000000201c                xAreBlockingQueuesStillRunning
 .text          0x000000000000206c      0x128 gcc/PollQ.o
                0x0000000000002124                vStartPolledQueueTasks
                0x0000000000002178                xArePollingQueuesStillRunning
 .text          0x0000000000002194       0x9c gcc/integer.o
                0x00000000000021f4                vStartIntegerMathTasks
                0x000000000000221c                xAreIntegerMathsTaskStillRunning
 .text          0x0000000000002230      0x1d0 gcc/semtest.o
                0x0000000000002304                vStartSemaphoreTasks
                0x00000000000023cc                xAreSemaphoreTasksStillRunning
 .text          0x0000000000002400      0x350 gcc/osram96x16.o
                0x00000000000024ec                OSRAMClear
                0x0000000000002538                OSRAMStringDraw
                0x00000000000025f0                OSRAMImageDraw
                0x0000000000002660                OSRAMInit
                0x00000000000026e8                OSRAMDisplayOn
                0x0000000000002728                OSRAMDisplayOff
 .text          0x0000000000002750       0x20 hw_include/libdriver.a(gpio_pintypei2c_.o)
                0x0000000000002750                GPIOPinTypeI2C
 .text          0x0000000000002770        0x4 hw_include/libdriver.a(i2c_mastercontrol_.o)
                0x0000000000002770                I2CMasterControl
 .text          0x0000000000002774        0x4 hw_include/libdriver.a(i2c_masterdataput_.o)
                0x0000000000002774                I2CMasterDataPut
 .text          0x0000000000002778       0x34 hw_include/libdriver.a(i2c_masterinit_.o)
                0x0000000000002778                I2CMasterInit
 .text          0x00000000000027ac       0x18 hw_include/libdriver.a(i2c_masterintstatus_.o)
                0x00000000000027ac                I2CMasterIntStatus
 .text          0x00000000000027c4        0x8 hw_include/libdriver.a(i2c_masterslaveaddrset_.o)
                0x00000000000027c4                I2CMasterSlaveAddrSet
 .text          0x00000000000027cc       0x90 hw_include/libdriver.a(sysctl_clockget_.o)
                0x00000000000027cc                SysCtlClockGet
 .text          0x000000000000285c       0x1c hw_include/libdriver.a(sysctl_peripheralenable_.o)
                0x000000000000285c                SysCtlPeripheralEnable
 .text          0x0000000000002878        0x0 hw_include/libdriver.a(sysctl_pulrcgcregs_.o)
 .text          0x0000000000002878        0x0 hw_include/libdriver.a(sysctl_pulxtals_.o)
 .text          0x0000000000002878       0x10 hw_include/libdriver.a(uart_charnonblockingget_.o)
                0x0000000000002878                UARTCharNonBlockingGet
 .text          0x0000000000002888       0x10 hw_include/libdriver.a(uart_charsavail_.o)
                0x0000000000002888                UARTCharsAvail
 .text          0x0000000000002898       0x38 hw_include/libdriver.a(uart_configset_.o)
                0x0000000000002898                UARTConfigSet
 .text          0x00000000000028d0       0x24 hw_include/libdriver.a(uart_disable_.o)
                0x00000000000028d0                UARTDisable
 .text          0x00000000000028f4       0x18 hw_include/libdriver.a(uart_enable_.o)
                0x00000000000028f4                UARTEnable
 .text          0x000000000000290c       0x48 hw_include/libdriver.a(gpio_dirmodeset_.o)
                0x000000000000290c                GPIODirModeSet
 .text          0x0000000000002954      0x11c hw_include/libdriver.a(gpio_padconfigset_.o)
                0x0000000000002954                GPIOPadConfigSet
 .text          0x0000000000002a70        0xc hw_include/libdriver.a(i2c_masterenable_.o)
                0x0000000000002a70                I2CMasterEnable
 .text          0x0000000000002a7c       0xac /usr/lib/gcc/arm-none-eabi/9.2.1/../../../arm-none-eabi/lib/thumb/nofp/libc.a(lib_a-memcpy-stub.o)
                0x0000000000002a7c                memcpy
 .text          0x0000000000002b28       0xb0 /usr/lib/gcc/arm-none-eabi/9.2.1/../../../arm-none-eabi/lib/thumb/nofp/libc.a(lib_a-memset.o)
                0x0000000000002b28                memset
 *(.rodata*)
 .rodata.str1.4
                0x0000000000002bd8       0x6e gcc/main.o
 *fill*         0x0000000000002c46        0x2 
 .rodata.str1.4
                0x0000000000002c48        0x5 gcc/tasks.o
 *fill*         0x0000000000002c4d        0x3 
 .rodata.str1.4
                0x0000000000002c50       0x30 gcc/BlockQ.o
 .rodata.str1.4
                0x0000000000002c80       0x10 gcc/PollQ.o
 .rodata.str1.4
                0x0000000000002c90        0x8 gcc/integer.o
 .rodata.str1.4
                0x0000000000002c98       0x20 gcc/semtest.o
 .rodata        0x0000000000002cb8      0x25d gcc/osram96x16.o
 *fill*         0x0000000000002f15        0x3 
 .rodata        0x0000000000002f18        0xc hw_include/libdriver.a(sysctl_pulrcgcregs_.o)
                0x0000000000002f18                g_pulRCGCRegs
 .rodata        0x0000000000002f24       0x30 hw_include/libdriver.a(sysctl_pulxtals_.o)
                0x0000000000002f24                g_pulXtals
                0x0000000000002f54                _etext = .

.glue_7         0x0000000000002f54        0x0
 .glue_7        0x0000000000002f54        0x0 linker stubs

.glue_7t        0x0000000000002f54        0x0
 .glue_7t       0x0000000000002f54        0x0 linker stubs

.vfp11_veneer   0x0000000000002f54        0x0
 .vfp11_veneer  0x0000000000002f54        0x0 linker stubs

.v4_bx          0x0000000000002f54        0x0
 .v4_bx         0x0000000000002f54        0x0 linker stubs

.iplt           0x0000000000002f54        0x0
 .iplt          0x0000000000002f54        0x0 gcc/startup.o

.rel.dyn        0x0000000000002f54        0x0
 .rel.iplt      0x0000000000002f54        0x0 gcc/startup.o

.data           0x0000000020000000       0x10 load address 0x0000000000002f54
                0x0000000020000000                _data = .
 *(vtable)
 *(.data)
 .data          0x0000000020000000        0x0 gcc/startup.o
 .data          0x0000000020000000        0x8 gcc/main.o
 .data          0x0000000020000008        0x0 gcc/list.o
 .data          0x0000000020000008        0x0 gcc/queue.o
 .data          0x0000000020000008        0x4 gcc/tasks.o
                0x0000000020000008                uxTopUsedPriority
 .data          0x000000002000000c        0x4 gcc/port.o
 .data          0x0000000020000010        0x0 gcc/heap_1.o
 .data          0x0000000020000010        0x0 gcc/BlockQ.o
 .data          0x0000000020000010        0x0 gcc/PollQ.o
 .data          0x0000000020000010        0x0 gcc/integer.o
 .data          0x0000000020000010        0x0 gcc/semtest.o
 .data          0x0000000020000010        0x0 gcc/osram96x16.o
 .data          0x0000000020000010        0x0 hw_include/libdriver.a(gpio_pintypei2c_.o)
 .data          0x0000000020000010        0x0 hw_include/libdriver.a(i2c_mastercontrol_.o)
 .data          0x0000000020000010        0x0 hw_include/libdriver.a(i2c_masterdataput_.o)
 .data          0x0000000020000010        0x0 hw_include/libdriver.a(i2c_masterinit_.o)
 .data          0x0000000020000010        0x0 hw_include/libdriver.a(i2c_masterintstatus_.o)
 .data          0x0000000020000010        0x0 hw_include/libdriver.a(i2c_masterslaveaddrset_.o)
 .data          0x0000000020000010        0x0 hw_include/libdriver.a(sysctl_clockget_.o)
 .data          0x0000000020000010        0x0 hw_include/libdriver.a(sysctl_peripheralenable_.o)
 .data          0x0000000020000010        0x0 hw_include/libdriver.a(sysctl_pulrcgcregs_.o)
 .data          0x0000000020000010        0x0 hw_include/libdriver.a(sysctl_pulxtals_.o)
 .data          0x0000000020000010        0x0 hw_include/libdriver.a(uart_charnonblockingget_.o)
 .data          0x0000000020000010        0x0 hw_include/libdriver.a(uart_charsavail_.o)
 .data          0x0000000020000010        0x0 hw_include/libdriver.a(uart_configset_.o)
 .data          0x0000000020000010        0x0 hw_include/libdriver.a(uart_disable_.o)
 .data          0x0000000020000010        0x0 hw_include/libdriver.a(uart_enable_.o)
 .data          0x0000000020000010        0x0 hw_include/libdriver.a(gpio_dirmodeset_.o)
 .data          0x0000000020000010        0x0 hw_include/libdriver.a(gpio_padconfigset_.o)
 .data          0x0000000020000010        0x0 hw_include/libdriver.a(i2c_masterenable_.o)
 .data          0x0000000020000010        0x0 /usr/lib/gcc/arm-none-eabi/9.2.1/../../../arm-none-eabi/lib/thumb/nofp/libc.a(lib_a-memcpy-stub.o)
 .data          0x0000000020000010        0x0 /usr/lib/gcc/arm-none-eabi/9.2.1/../../../arm-none-eabi/lib/thumb/nofp/libc.a(lib_a-memset.o)
                0x0000000020000010                _edata = .

.igot.plt       0x0000000020000010        0x0 load address 0x0000000000002f64
 .igot.plt      0x0000000020000010        0x0 gcc/startup.o

.bss            0x0000000020000010     0x15b8 load address 0x0000000000002f64
                0x0000000020000010                _bss = .
 *(.bss)
 .bss           0x0000000020000010      0x100 gcc/startup.o
 .bss           0x0000000020000110        0x0 gcc/main.o
 .bss           0x0000000020000110        0x0 gcc/list.o
 .bss           0x0000000020000110        0x0 gcc/queue.o
 .bss           0x0000000020000110       0xd8 gcc/tasks.o
                0x0000000020000114                pxCurrentTCB
 .bss           0x00000000200001e8        0x0 gcc/port.o
 .bss           0x00000000200001e8     0x1390 gcc/heap_1.o
 .bss           0x0000000020001578       0x1e gcc/BlockQ.o
 *fill*         0x0000000020001596        0x2 
 .bss           0x0000000020001598        0xc gcc/PollQ.o
 .bss           0x00000000200015a4        0x4 gcc/integer.o
 .bss           0x00000000200015a8       0x14 gcc/semtest.o
 .bss           0x00000000200015bc        0x4 gcc/osram96x16.o
 .bss           0x00000000200015c0        0x0 hw_include/libdriver.a(gpio_pintypei2c_.o)
 .bss           0x00000000200015c0        0x0 hw_include/libdriver.a(i2c_mastercontrol_.o)
 .bss           0x00000000200015c0        0x0 hw_include/libdriver.a(i2c_masterdataput_.o)
 .bss           0x00000000200015c0        0x0 hw_include/libdriver.a(i2c_masterinit_.o)
 .bss           0x00000000200015c0        0x0 hw_include/libdriver.a(i2c_masterintstatus_.o)
 .bss           0x00000000200015c0        0x0 hw_include/libdriver.a(i2c_masterslaveaddrset_.o)
 .bss           0x00000000200015c0        0x0 hw_include/libdriver.a(sysctl_clockget_.o)
 .bss           0x00000000200015c0        0x0 hw_include/libdriver.a(sysctl_peripheralenable_.o)
 .bss           0x00000000200015c0        0x0 hw_include/libdriver.a(sysctl_pulrcgcregs_.o)
 .bss           0x00000000200015c0        0x0 hw_include/libdriver.a(sysctl_pulxtals_.o)
 .bss           0x00000000200015c0        0x0 hw_include/libdriver.a(uart_charnonblockingget_.o)
 .bss           0x00000000200015c0        0x0 hw_include/libdriver.a(uart_charsavail_.o)
 .bss           0x00000000200015c0        0x0 hw_include/libdriver.a(uart_configset_.o)
 .bss           0x00000000200015c0        0x0 hw_include/libdriver.a(uart_disable_.o)
 .bss           0x00000000200015c0        0x0 hw_include/libdriver.a(uart_enable_.o)
 .bss           0x00000000200015c0        0x0 hw_include/libdriver.a(gpio_dirmodeset_.o)
 .bss           0x00000000200015c0        0x0 hw_include/libdriver.a(gpio_padconfigset_.o)
 .bss           0x00000000200015c0        0x0 hw_include/libdriver.a(i2c_masterenable_.o)
 .bss           0x00000000200015c0        0x0 /usr/lib/gcc/arm-none-eabi/9.2.1/../../../arm-none-eabi/lib/thumb/nofp/libc.a(lib_a-memcpy-stub.o)
 .bss           0x00000000200015c0        0x0 /usr/lib/gcc/arm-none-eabi/9.2.1/../../../arm-none-eabi/lib/thumb/nofp/libc.a(lib_a-memset.o)
 *(COMMON)
 COMMON         0x00000000200015c0        0x8 gcc/main.o
                0x00000000200015c0                xColaSensor
                0x00000000200015c4                xColaPromedio
                0x00000000200015c8                _ebss = .
LOAD gcc/startup.o
LOAD gcc/main.o
LOAD gcc/list.o
LOAD gcc/queue.o
LOAD gcc/tasks.o
LOAD gcc/port.o
LOAD gcc/heap_1.o
LOAD gcc/BlockQ.o
LOAD gcc/PollQ.o
LOAD gcc/integer.o
LOAD gcc/semtest.o
LOAD gcc/osram96x16.o
LOAD hw_include/libdriver.a
LOAD /usr/lib/gcc/arm-none-eabi/9.2.1/../../../arm-none-eabi/lib/thumb/nofp/libc.a
LOAD /usr/lib/gcc/arm-none-eabi/9.2.1/thumb/nofp/libgcc.a
OUTPUT(gcc/RTOSDemo.axf elf32-littlearm)
LOAD linker stubs

.debug_info     0x0000000000000000     0xcb53
 .debug_info    0x0000000000000000      0x155 gcc/startup.o
 .debug_info    0x0000000000000155      0xc92 gcc/main.o
 .debug_info    0x0000000000000de7      0xb6e gcc/list.o
 .debug_info    0x0000000000001955     0x2259 gcc/queue.o
 .debug_info    0x0000000000003bae     0x2728 gcc/tasks.o
 .debug_info    0x00000000000062d6      0x38f gcc/port.o
 .debug_info    0x0000000000006665      0xa54 gcc/heap_1.o
 .debug_info    0x00000000000070b9      0xeac gcc/BlockQ.o
 .debug_info    0x0000000000007f65      0xc6d gcc/PollQ.o
 .debug_info    0x0000000000008bd2      0xacb gcc/integer.o
 .debug_info    0x000000000000969d      0xdda gcc/semtest.o
 .debug_info    0x000000000000a477      0x886 gcc/osram96x16.o
 .debug_info    0x000000000000acfd      0xf35 /usr/lib/gcc/arm-none-eabi/9.2.1/../../../arm-none-eabi/lib/thumb/nofp/libc.a(lib_a-memcpy-stub.o)
 .debug_info    0x000000000000bc32      0xf21 /usr/lib/gcc/arm-none-eabi/9.2.1/../../../arm-none-eabi/lib/thumb/nofp/libc.a(lib_a-memset.o)

.debug_abbrev   0x0000000000000000     0x24c8
 .debug_abbrev  0x0000000000000000       0xe8 gcc/startup.o
 .debug_abbrev  0x00000000000000e8      0x2e9 gcc/main.o
 .debug_abbrev  0x00000000000003d1      0x249 gcc/list.o
 .debug_abbrev  0x000000000000061a      0x416 gcc/queue.o
 .debug_abbrev  0x0000000000000a30      0x580 gcc/tasks.o
 .debug_abbrev  0x0000000000000fb0      0x218 gcc/port.o
 .debug_abbrev  0x00000000000011c8      0x296 gcc/heap_1.o
 .debug_abbrev  0x000000000000145e      0x2da gcc/BlockQ.o
 .debug_abbrev  0x0000000000001738      0x29e gcc/PollQ.o
 .debug_abbrev  0x00000000000019d6      0x291 gcc/integer.o
 .debug_abbrev  0x0000000000001c67      0x2d4 gcc/semtest.o
 .debug_abbrev  0x0000000000001f3b      0x153 gcc/osram96x16.o
 .debug_abbrev  0x000000000000208e      0x223 /usr/lib/gcc/arm-none-eabi/9.2.1/../../../arm-none-eabi/lib/thumb/nofp/libc.a(lib_a-memcpy-stub.o)
 .debug_abbrev  0x00000000000022b1      0x217 /usr/lib/gcc/arm-none-eabi/9.2.1/../../../arm-none-eabi/lib/thumb/nofp/libc.a(lib_a-memset.o)

.debug_loc      0x0000000000000000     0x4bd1
 .debug_loc     0x0000000000000000       0x62 gcc/startup.o
 .debug_loc     0x0000000000000062      0x7bd gcc/main.o
 .debug_loc     0x000000000000081f       0xbc gcc/list.o
 .debug_loc     0x00000000000008db     0x1558 gcc/queue.o
 .debug_loc     0x0000000000001e33     0x1a5e gcc/tasks.o
 .debug_loc     0x0000000000003891       0xbe gcc/port.o
 .debug_loc     0x000000000000394f       0x97 gcc/heap_1.o
 .debug_loc     0x00000000000039e6      0x244 gcc/BlockQ.o
 .debug_loc     0x0000000000003c2a      0x163 gcc/PollQ.o
 .debug_loc     0x0000000000003d8d      0x124 gcc/integer.o
 .debug_loc     0x0000000000003eb1      0x1ac gcc/semtest.o
 .debug_loc     0x000000000000405d      0x414 gcc/osram96x16.o
 .debug_loc     0x0000000000004471      0x481 /usr/lib/gcc/arm-none-eabi/9.2.1/../../../arm-none-eabi/lib/thumb/nofp/libc.a(lib_a-memcpy-stub.o)
 .debug_loc     0x00000000000048f2      0x2df /usr/lib/gcc/arm-none-eabi/9.2.1/../../../arm-none-eabi/lib/thumb/nofp/libc.a(lib_a-memset.o)

.debug_aranges  0x0000000000000000      0x1c8
 .debug_aranges
                0x0000000000000000       0x20 gcc/startup.o
 .debug_aranges
                0x0000000000000020       0x28 gcc/main.o
 .debug_aranges
                0x0000000000000048       0x20 gcc/list.o
 .debug_aranges
                0x0000000000000068       0x20 gcc/queue.o
 .debug_aranges
                0x0000000000000088       0x20 gcc/tasks.o
 .debug_aranges
                0x00000000000000a8       0x20 gcc/port.o
 .debug_aranges
                0x00000000000000c8       0x20 gcc/heap_1.o
 .debug_aranges
                0x00000000000000e8       0x20 gcc/BlockQ.o
 .debug_aranges
                0x0000000000000108       0x20 gcc/PollQ.o
 .debug_aranges
                0x0000000000000128       0x20 gcc/integer.o
 .debug_aranges
                0x0000000000000148       0x20 gcc/semtest.o
 .debug_aranges
                0x0000000000000168       0x20 gcc/osram96x16.o
 .debug_aranges
                0x0000000000000188       0x20 /usr/lib/gcc/arm-none-eabi/9.2.1/../../../arm-none-eabi/lib/thumb/nofp/libc.a(lib_a-memcpy-stub.o)
 .debug_aranges
                0x00000000000001a8       0x20 /usr/lib/gcc/arm-none-eabi/9.2.1/../../../arm-none-eabi/lib/thumb/nofp/libc.a(lib_a-memset.o)

.debug_line     0x0000000000000000     0x4cc9
 .debug_line    0x0000000000000000       0xe4 gcc/startup.o
 .debug_line    0x00000000000000e4      0x903 gcc/main.o
 .debug_line    0x00000000000009e7      0x2e0 gcc/list.o
 .debug_line    0x0000000000000cc7     0x106f gcc/queue.o
 .debug_line    0x0000000000001d36     0x1571 gcc/tasks.o
 .debug_line    0x00000000000032a7      0x330 gcc/port.o
 .debug_line    0x00000000000035d7      0x1f6 gcc/heap_1.o
 .debug_line    0x00000000000037cd      0x38a gcc/BlockQ.o
 .debug_line    0x0000000000003b57      0x2ce gcc/PollQ.o
 .debug_line    0x0000000000003e25      0x20e gcc/integer.o
 .debug_line    0x0000000000004033      0x3b0 gcc/semtest.o
 .debug_line    0x00000000000043e3      0x424 gcc/osram96x16.o
 .debug_line    0x0000000000004807      0x247 /usr/lib/gcc/arm-none-eabi/9.2.1/../../../arm-none-eabi/lib/thumb/nofp/libc.a(lib_a-memcpy-stub.o)
 .debug_line    0x0000000000004a4e      0x27b /usr/lib/gcc/arm-none-eabi/9.2.1/../../../arm-none-eabi/lib/thumb/nofp/libc.a(lib_a-memset.o)

.debug_str      0x0000000000000000     0x22fa
 .debug_str     0x0000000000000000      0x157 gcc/startup.o
                                        0x176 (size before relaxing)
 .debug_str     0x0000000000000157      0x365 gcc/main.o
                                        0x494 (size before relaxing)
 .debug_str     0x00000000000004bc      0x4ed gcc/list.o
                                        0x6af (size before relaxing)
 .debug_str     0x00000000000009a9      0x555 gcc/queue.o
                                        0xc0e (size before relaxing)
 .debug_str     0x0000000000000efe      0x820 gcc/tasks.o
                                       0x10fa (size before relaxing)
 .debug_str     0x000000000000171e       0xc1 gcc/port.o
                                        0x350 (size before relaxing)
 .debug_str     0x00000000000017df       0x8b gcc/heap_1.o
                                        0x62c (size before relaxing)
 .debug_str     0x000000000000186a      0x215 gcc/BlockQ.o
                                        0x836 (size before relaxing)
 .debug_str     0x0000000000001a7f       0xbf gcc/PollQ.o
                                        0x753 (size before relaxing)
 .debug_str     0x0000000000001b3e       0x95 gcc/integer.o
                                        0x678 (size before relaxing)
 .debug_str     0x0000000000001bd3      0x158 gcc/semtest.o
                                        0x7e3 (size before relaxing)
 .debug_str     0x0000000000001d2b      0x172 gcc/osram96x16.o
                                        0x2bc (size before relaxing)
 .debug_str     0x0000000000001e9d      0x3c4 /usr/lib/gcc/arm-none-eabi/9.2.1/../../../arm-none-eabi/lib/thumb/nofp/libc.a(lib_a-memcpy-stub.o)
                                        0x8f0 (size before relaxing)
 .debug_str     0x0000000000002261       0x99 /usr/lib/gcc/arm-none-eabi/9.2.1/../../../arm-none-eabi/lib/thumb/nofp/libc.a(lib_a-memset.o)
                                        0x8cb (size before relaxing)

.comment        0x0000000000000000      0x30b
 .comment       0x0000000000000000       0x59 gcc/startup.o
                                         0x5a (size before relaxing)
 .comment       0x0000000000000059       0x5a gcc/main.o
 .comment       0x0000000000000059       0x5a gcc/list.o
 .comment       0x0000000000000059       0x5a gcc/queue.o
 .comment       0x0000000000000059       0x5a gcc/tasks.o
 .comment       0x0000000000000059       0x5a gcc/port.o
 .comment       0x0000000000000059       0x5a gcc/heap_1.o
 .comment       0x0000000000000059       0x5a gcc/BlockQ.o
 .comment       0x0000000000000059       0x5a gcc/PollQ.o
 .comment       0x0000000000000059       0x5a gcc/integer.o
 .comment       0x0000000000000059       0x5a gcc/semtest.o
 .comment       0x0000000000000059       0x5a gcc/osram96x16.o
 .comment       0x0000000000000059       0x22 hw_include/libdriver.a(gpio_pintypei2c_.o)
 .comment       0x000000000000007b       0x22 hw_include/libdriver.a(i2c_mastercontrol_.o)
 .comment       0x000000000000009d       0x22 hw_include/libdriver.a(i2c_masterdataput_.o)
 .comment       0x00000000000000bf       0x22 hw_include/libdriver.a(i2c_masterinit_.o)
 .comment       0x00000000000000e1       0x22 hw_include/libdriver.a(i2c_masterintstatus_.o)
 .comment       0x0000000000000103       0x22 hw_include/libdriver.a(i2c_masterslaveaddrset_.o)
 .comment       0x0000000000000125       0x22 hw_include/libdriver.a(sysctl_clockget_.o)
 .comment       0x0000000000000147       0x22 hw_include/libdriver.a(sysctl_peripheralenable_.o)
 .comment       0x0000000000000169       0x22 hw_include/libdriver.a(sysctl_pulrcgcregs_.o)
 .comment       0x000000000000018b       0x22 hw_include/libdriver.a(sysctl_pulxtals_.o)
 .comment       0x00000000000001ad       0x22 hw_include/libdriver.a(uart_charnonblockingget_.o)
 .comment       0x00000000000001cf       0x22 hw_include/libdriver.a(uart_charsavail_.o)
 .comment       0x00000000000001f1       0x22 hw_include/libdriver.a(uart_configset_.o)
 .comment       0x0000000000000213       0x22 hw_include/libdriver.a(uart_disable_.o)
 .comment       0x0000000000000235       0x22 hw_include/libdriver.a(uart_enable_.o)
 .comment       0x0000000000000257       0x22 hw_include/libdriver.a(gpio_dirmodeset_.o)
 .comment       0x0000000000000279       0x22 hw_include/libdriver.a(gpio_padconfigset_.o)
 .comment       0x000000000000029b       0x22 hw_include/libdriver.a(i2c_masterenable_.o)
 .comment       0x00000000000002bd       0x4e /usr/lib/gcc/arm-none-eabi/9.2.1/../../../arm-none-eabi/lib/thumb/nofp/libc.a(lib_a-memcpy-stub.o)
                                         0x4f (size before relaxing)
 .comment       0x000000000000030b       0x4f /usr/lib/gcc/arm-none-eabi/9.2.1/../../../arm-none-eabi/lib/thumb/nofp/libc.a(lib_a-memset.o)

.ARM.attributes
                0x0000000000000000       0x2f
 .ARM.attributes
                0x0000000000000000       0x2d gcc/startup.o
 .ARM.attributes
                0x000000000000002d       0x2d gcc/main.o
 .ARM.attributes
                0x000000000000005a       0x2d gcc/list.o
 .ARM.attributes
                0x0000000000000087       0x2d gcc/queue.o
 .ARM.attributes
                0x00000000000000b4       0x2d gcc/tasks.o
 .ARM.attributes
                0x00000000000000e1       0x2d gcc/port.o
 .ARM.attributes
                0x000000000000010e       0x2d gcc/heap_1.o
 .ARM.attributes
                0x000000000000013b       0x2d gcc/BlockQ.o
 .ARM.attributes
                0x0000000000000168       0x2d gcc/PollQ.o
 .ARM.attributes
                0x0000000000000195       0x2d gcc/integer.o
 .ARM.attributes
                0x00000000000001c2       0x2d gcc/semtest.o
 .ARM.attributes
                0x00000000000001ef       0x2d gcc/osram96x16.o
 .ARM.attributes
                0x000000000000021c       0x31 hw_include/libdriver.a(gpio_pintypei2c_.o)
 .ARM.attributes
                0x000000000000024d       0x31 hw_include/libdriver.a(i2c_mastercontrol_.o)
 .ARM.attributes
                0x000000000000027e       0x31 hw_include/libdriver.a(i2c_masterdataput_.o)
 .ARM.attributes
                0x00000000000002af       0x31 hw_include/libdriver.a(i2c_masterinit_.o)
 .ARM.attributes
                0x00000000000002e0       0x31 hw_include/libdriver.a(i2c_masterintstatus_.o)
 .ARM.attributes
                0x0000000000000311       0x31 hw_include/libdriver.a(i2c_masterslaveaddrset_.o)
 .ARM.attributes
                0x0000000000000342       0x31 hw_include/libdriver.a(sysctl_clockget_.o)
 .ARM.attributes
                0x0000000000000373       0x31 hw_include/libdriver.a(sysctl_peripheralenable_.o)
 .ARM.attributes
                0x00000000000003a4       0x2f hw_include/libdriver.a(sysctl_pulrcgcregs_.o)
 .ARM.attributes
                0x00000000000003d3       0x2f hw_include/libdriver.a(sysctl_pulxtals_.o)
 .ARM.attributes
                0x0000000000000402       0x31 hw_include/libdriver.a(uart_charnonblockingget_.o)
 .ARM.attributes
                0x0000000000000433       0x31 hw_include/libdriver.a(uart_charsavail_.o)
 .ARM.attributes
                0x0000000000000464       0x31 hw_include/libdriver.a(uart_configset_.o)
 .ARM.attributes
                0x0000000000000495       0x31 hw_include/libdriver.a(uart_disable_.o)
 .ARM.attributes
                0x00000000000004c6       0x31 hw_include/libdriver.a(uart_enable_.o)
 .ARM.attributes
                0x00000000000004f7       0x31 hw_include/libdriver.a(gpio_dirmodeset_.o)
 .ARM.attributes
                0x0000000000000528       0x31 hw_include/libdriver.a(gpio_padconfigset_.o)
 .ARM.attributes
                0x0000000000000559       0x31 hw_include/libdriver.a(i2c_masterenable_.o)
 .ARM.attributes
                0x000000000000058a       0x2a /usr/lib/gcc/arm-none-eabi/9.2.1/../../../arm-none-eabi/lib/thumb/nofp/libc.a(lib_a-memcpy-stub.o)
 .ARM.attributes
                0x00000000000005b4       0x2a /usr/lib/gcc/arm-none-eabi/9.2.1/../../../arm-none-eabi/lib/thumb/nofp/libc.a(lib_a-memset.o)

.debug_frame    0x0000000000000000      0xd88
 .debug_frame   0x0000000000000000       0x50 gcc/startup.o
 .debug_frame   0x0000000000000050      0x16c gcc/main.o
 .debug_frame   0x00000000000001bc       0x88 gcc/list.o
 .debug_frame   0x0000000000000244      0x268 gcc/queue.o
 .debug_frame   0x00000000000004ac      0x3a4 gcc/tasks.o
 .debug_frame   0x0000000000000850       0xf8 gcc/port.o
 .debug_frame   0x0000000000000948       0x58 gcc/heap_1.o
 .debug_frame   0x00000000000009a0       0x9c gcc/BlockQ.o
 .debug_frame   0x0000000000000a3c       0x84 gcc/PollQ.o
 .debug_frame   0x0000000000000ac0       0x60 gcc/integer.o
 .debug_frame   0x0000000000000b20       0x7c gcc/semtest.o
 .debug_frame   0x0000000000000b9c      0x188 gcc/osram96x16.o
 .debug_frame   0x0000000000000d24       0x34 /usr/lib/gcc/arm-none-eabi/9.2.1/../../../arm-none-eabi/lib/thumb/nofp/libc.a(lib_a-memcpy-stub.o)
 .debug_frame   0x0000000000000d58       0x30 /usr/lib/gcc/arm-none-eabi/9.2.1/../../../arm-none-eabi/lib/thumb/nofp/libc.a(lib_a-memset.o)

.debug_ranges   0x0000000000000000      0x9d8
 .debug_ranges  0x0000000000000000      0x198 gcc/main.o
 .debug_ranges  0x0000000000000198      0x2e0 gcc/queue.o
 .debug_ranges  0x0000000000000478      0x548 gcc/tasks.o
 .debug_ranges  0x00000000000009c0       0x18 gcc/port.o
