Archive member included to satisfy reference by file (symbol)

hw_include/libdriver.a(gpio_pintypei2c_.o)
                              gcc/osram96x16.o (GPIOPinTypeI2C)
hw_include/libdriver.a(i2c_mastercontrol_.o)
                              gcc/osram96x16.o (I2CMasterControl)
hw_include/libdriver.a(i2c_masterdataput_.o)
                              gcc/osram96x16.o (I2CMasterDataPut)
hw_include/libdriver.a(i2c_masterinit_.o)
                              gcc/osram96x16.o (I2CMasterInit)
hw_include/libdriver.a(i2c_masterintstatus_.o)
                              gcc/osram96x16.o (I2CMasterIntStatus)
hw_include/libdriver.a(i2c_masterslaveaddrset_.o)
                              gcc/osram96x16.o (I2CMasterSlaveAddrSet)
hw_include/libdriver.a(sysctl_clockget_.o)
                              hw_include/libdriver.a(i2c_masterinit_.o) (SysCtlClockGet)
hw_include/libdriver.a(sysctl_peripheralenable_.o)
                              gcc/osram96x16.o (SysCtlPeripheralEnable)
hw_include/libdriver.a(sysctl_pulrcgcregs_.o)
                              hw_include/libdriver.a(sysctl_peripheralenable_.o) (g_pulRCGCRegs)
hw_include/libdriver.a(sysctl_pulxtals_.o)
                              hw_include/libdriver.a(sysctl_clockget_.o) (g_pulXtals)
hw_include/libdriver.a(gpio_dirmodeset_.o)
                              hw_include/libdriver.a(gpio_pintypei2c_.o) (GPIODirModeSet)
hw_include/libdriver.a(gpio_padconfigset_.o)
                              hw_include/libdriver.a(gpio_pintypei2c_.o) (GPIOPadConfigSet)
hw_include/libdriver.a(i2c_masterenable_.o)
                              hw_include/libdriver.a(i2c_masterinit_.o) (I2CMasterEnable)
/usr/lib/gcc/arm-none-eabi/9.2.1/../../../arm-none-eabi/lib/thumb/nofp/libc.a(lib_a-memcpy-stub.o)
                              gcc/queue.o (memcpy)
/usr/lib/gcc/arm-none-eabi/9.2.1/../../../arm-none-eabi/lib/thumb/nofp/libc.a(lib_a-memset.o)
                              gcc/tasks.o (memset)

Allocating common symbols
Common symbol       size              file

xColaSensor         0x4               gcc/main.o

Memory Configuration

Name             Origin             Length             Attributes
FLASH            0x0000000000000000 0x0000000000010000 xr
SRAM             0x0000000020000000 0x0000000000002000 xrw
*default*        0x0000000000000000 0xffffffffffffffff

Linker script and memory map


.text           0x0000000000000000     0x2a88
 *(.isr_vector)
 .isr_vector    0x0000000000000000       0xb0 gcc/startup.o
                0x0000000000000000                g_pfnVectors
 *(.text*)
 .text          0x00000000000000b0       0x68 gcc/startup.o
                0x00000000000000bc                ResetISR
 .text          0x0000000000000118       0x7c gcc/main.o
                0x000000000000017c                getRandomNumber
 .text.startup  0x0000000000000194       0x40 gcc/main.o
                0x0000000000000194                main
 .text          0x00000000000001d4       0x90 gcc/list.o
                0x00000000000001d4                vListInitialise
                0x00000000000001ec                vListInitialiseItem
                0x00000000000001f4                vListInsertEnd
                0x0000000000000210                vListInsert
                0x0000000000000240                uxListRemove
 .text          0x0000000000000264      0x814 gcc/queue.o
                0x000000000000037c                xQueueGenericReset
                0x0000000000000400                xQueueGenericCreate
                0x0000000000000444                xQueueGenericSend
                0x0000000000000558                xQueueGenericSendFromISR
                0x00000000000005d0                xQueueGiveFromISR
                0x0000000000000644                xQueueReceive
                0x0000000000000760                xQueueSemaphoreTake
                0x0000000000000868                xQueuePeek
                0x0000000000000978                xQueueReceiveFromISR
                0x00000000000009f4                xQueuePeekFromISR
                0x0000000000000a28                uxQueueMessagesWaiting
                0x0000000000000a3c                uxQueueSpacesAvailable
                0x0000000000000a54                uxQueueMessagesWaitingFromISR
                0x0000000000000a58                vQueueDelete
                0x0000000000000a5c                xQueueIsQueueEmptyFromISR
                0x0000000000000a68                xQueueIsQueueFullFromISR
 .text          0x0000000000000a78      0xdc8 gcc/tasks.o
                0x0000000000000c0c                xTaskCreate
                0x0000000000000dc4                vTaskStartScheduler
                0x0000000000000e28                vTaskEndScheduler
                0x0000000000000e48                vTaskSuspendAll
                0x0000000000000e5c                xTaskResumeAll
                0x0000000000000fa4                xTaskDelayUntil
                0x0000000000000ffc                vTaskDelay
                0x0000000000001034                xTaskGetTickCount
                0x0000000000001040                xTaskGetTickCountFromISR
                0x000000000000104c                uxTaskGetNumberOfTasks
                0x0000000000001058                pcTaskGetName
                0x000000000000106c                xTaskCatchUpTicks
                0x000000000000109c                xTaskIncrementTick
                0x00000000000010b8                vTaskSwitchContext
                0x0000000000001100                vTaskPlaceOnEventList
                0x000000000000111c                vTaskPlaceOnUnorderedEventList
                0x000000000000115c                xTaskRemoveFromEventList
                0x000000000000121c                vTaskRemoveFromUnorderedEventList
                0x00000000000012b4                vTaskSetTimeOutState
                0x00000000000012d4                vTaskInternalSetTimeOutState
                0x00000000000012e4                xTaskCheckForTimeOut
                0x0000000000001334                vTaskMissedYield
                0x0000000000001344                uxTaskGetStackHighWaterMark
                0x0000000000001378                xTaskGetCurrentTaskHandle
                0x0000000000001384                uxTaskResetEventItemValue
                0x000000000000139c                ulTaskGenericNotifyTake
                0x0000000000001420                xTaskGenericNotifyWait
                0x00000000000014c4                xTaskGenericNotify
                0x00000000000015c8                xTaskGenericNotifyFromISR
                0x00000000000016ec                vTaskGenericNotifyGiveFromISR
                0x00000000000017dc                xTaskGenericNotifyStateClear
                0x0000000000001810                ulTaskGenericNotifyValueClear
 .text          0x0000000000001840      0x1b8 gcc/port.o
                0x0000000000001880                pxPortInitialiseStack
                0x00000000000018a8                vPortSVCHandler
                0x00000000000018d4                vPortEndScheduler
                0x00000000000018d8                vPortEnterCritical
                0x00000000000018f8                vPortExitCritical
                0x000000000000190c                xPortPendSVHandler
                0x0000000000001954                xPortSysTickHandler
                0x0000000000001980                vPortSetupTimerInterrupt
                0x00000000000019a8                xPortStartScheduler
 .text          0x00000000000019f8       0x90 gcc/heap_1.o
                0x00000000000019f8                pvPortMalloc
                0x0000000000001a68                vPortFree
                0x0000000000001a6c                vPortInitialiseBlocks
                0x0000000000001a78                xPortGetFreeHeapSize
 .text          0x0000000000001a88      0x204 gcc/BlockQ.o
                0x0000000000001b00                vStartBlockingQueueTasks
                0x0000000000001c3c                xAreBlockingQueuesStillRunning
 .text          0x0000000000001c8c      0x12c gcc/PollQ.o
                0x0000000000001d44                vStartPolledQueueTasks
                0x0000000000001d9c                xArePollingQueuesStillRunning
 .text          0x0000000000001db8       0xa0 gcc/integer.o
                0x0000000000001e18                vStartIntegerMathTasks
                0x0000000000001e44                xAreIntegerMathsTaskStillRunning
 .text          0x0000000000001e58      0x1d8 gcc/semtest.o
                0x0000000000001f2c                vStartSemaphoreTasks
                0x0000000000001ffc                xAreSemaphoreTasksStillRunning
 .text          0x0000000000002030      0x350 gcc/osram96x16.o
                0x000000000000211c                OSRAMClear
                0x0000000000002168                OSRAMStringDraw
                0x0000000000002220                OSRAMImageDraw
                0x0000000000002290                OSRAMInit
                0x0000000000002318                OSRAMDisplayOn
                0x0000000000002358                OSRAMDisplayOff
 .text          0x0000000000002380       0x20 hw_include/libdriver.a(gpio_pintypei2c_.o)
                0x0000000000002380                GPIOPinTypeI2C
 .text          0x00000000000023a0        0x4 hw_include/libdriver.a(i2c_mastercontrol_.o)
                0x00000000000023a0                I2CMasterControl
 .text          0x00000000000023a4        0x4 hw_include/libdriver.a(i2c_masterdataput_.o)
                0x00000000000023a4                I2CMasterDataPut
 .text          0x00000000000023a8       0x34 hw_include/libdriver.a(i2c_masterinit_.o)
                0x00000000000023a8                I2CMasterInit
 .text          0x00000000000023dc       0x18 hw_include/libdriver.a(i2c_masterintstatus_.o)
                0x00000000000023dc                I2CMasterIntStatus
 .text          0x00000000000023f4        0x8 hw_include/libdriver.a(i2c_masterslaveaddrset_.o)
                0x00000000000023f4                I2CMasterSlaveAddrSet
 .text          0x00000000000023fc       0x90 hw_include/libdriver.a(sysctl_clockget_.o)
                0x00000000000023fc                SysCtlClockGet
 .text          0x000000000000248c       0x1c hw_include/libdriver.a(sysctl_peripheralenable_.o)
                0x000000000000248c                SysCtlPeripheralEnable
 .text          0x00000000000024a8        0x0 hw_include/libdriver.a(sysctl_pulrcgcregs_.o)
 .text          0x00000000000024a8        0x0 hw_include/libdriver.a(sysctl_pulxtals_.o)
 .text          0x00000000000024a8       0x48 hw_include/libdriver.a(gpio_dirmodeset_.o)
                0x00000000000024a8                GPIODirModeSet
 .text          0x00000000000024f0      0x11c hw_include/libdriver.a(gpio_padconfigset_.o)
                0x00000000000024f0                GPIOPadConfigSet
 .text          0x000000000000260c        0xc hw_include/libdriver.a(i2c_masterenable_.o)
                0x000000000000260c                I2CMasterEnable
 .text          0x0000000000002618       0xac /usr/lib/gcc/arm-none-eabi/9.2.1/../../../arm-none-eabi/lib/thumb/nofp/libc.a(lib_a-memcpy-stub.o)
                0x0000000000002618                memcpy
 .text          0x00000000000026c4       0xb0 /usr/lib/gcc/arm-none-eabi/9.2.1/../../../arm-none-eabi/lib/thumb/nofp/libc.a(lib_a-memset.o)
                0x00000000000026c4                memset
 *(.rodata*)
 .rodata.str1.4
                0x0000000000002774        0x7 gcc/main.o
 *fill*         0x000000000000277b        0x1 
 .rodata.str1.4
                0x000000000000277c        0x5 gcc/tasks.o
 *fill*         0x0000000000002781        0x3 
 .rodata.str1.4
                0x0000000000002784       0x30 gcc/BlockQ.o
 .rodata.str1.4
                0x00000000000027b4       0x10 gcc/PollQ.o
 .rodata.str1.4
                0x00000000000027c4        0x8 gcc/integer.o
 .rodata.str1.4
                0x00000000000027cc       0x20 gcc/semtest.o
 .rodata        0x00000000000027ec      0x25d gcc/osram96x16.o
 *fill*         0x0000000000002a49        0x3 
 .rodata        0x0000000000002a4c        0xc hw_include/libdriver.a(sysctl_pulrcgcregs_.o)
                0x0000000000002a4c                g_pulRCGCRegs
 .rodata        0x0000000000002a58       0x30 hw_include/libdriver.a(sysctl_pulxtals_.o)
                0x0000000000002a58                g_pulXtals
                0x0000000000002a88                _etext = .

.glue_7         0x0000000000002a88        0x0
 .glue_7        0x0000000000002a88        0x0 linker stubs

.glue_7t        0x0000000000002a88        0x0
 .glue_7t       0x0000000000002a88        0x0 linker stubs

.vfp11_veneer   0x0000000000002a88        0x0
 .vfp11_veneer  0x0000000000002a88        0x0 linker stubs

.v4_bx          0x0000000000002a88        0x0
 .v4_bx         0x0000000000002a88        0x0 linker stubs

.iplt           0x0000000000002a88        0x0
 .iplt          0x0000000000002a88        0x0 gcc/startup.o

.rel.dyn        0x0000000000002a88        0x0
 .rel.iplt      0x0000000000002a88        0x0 gcc/startup.o

.data           0x0000000020000000       0x10 load address 0x0000000000002a88
                0x0000000020000000                _data = .
 *(vtable)
 *(.data)
 .data          0x0000000020000000        0x0 gcc/startup.o
 .data          0x0000000020000000        0x8 gcc/main.o
 .data          0x0000000020000008        0x0 gcc/list.o
 .data          0x0000000020000008        0x0 gcc/queue.o
 .data          0x0000000020000008        0x4 gcc/tasks.o
                0x0000000020000008                uxTopUsedPriority
 .data          0x000000002000000c        0x4 gcc/port.o
 .data          0x0000000020000010        0x0 gcc/heap_1.o
 .data          0x0000000020000010        0x0 gcc/BlockQ.o
 .data          0x0000000020000010        0x0 gcc/PollQ.o
 .data          0x0000000020000010        0x0 gcc/integer.o
 .data          0x0000000020000010        0x0 gcc/semtest.o
 .data          0x0000000020000010        0x0 gcc/osram96x16.o
 .data          0x0000000020000010        0x0 hw_include/libdriver.a(gpio_pintypei2c_.o)
 .data          0x0000000020000010        0x0 hw_include/libdriver.a(i2c_mastercontrol_.o)
 .data          0x0000000020000010        0x0 hw_include/libdriver.a(i2c_masterdataput_.o)
 .data          0x0000000020000010        0x0 hw_include/libdriver.a(i2c_masterinit_.o)
 .data          0x0000000020000010        0x0 hw_include/libdriver.a(i2c_masterintstatus_.o)
 .data          0x0000000020000010        0x0 hw_include/libdriver.a(i2c_masterslaveaddrset_.o)
 .data          0x0000000020000010        0x0 hw_include/libdriver.a(sysctl_clockget_.o)
 .data          0x0000000020000010        0x0 hw_include/libdriver.a(sysctl_peripheralenable_.o)
 .data          0x0000000020000010        0x0 hw_include/libdriver.a(sysctl_pulrcgcregs_.o)
 .data          0x0000000020000010        0x0 hw_include/libdriver.a(sysctl_pulxtals_.o)
 .data          0x0000000020000010        0x0 hw_include/libdriver.a(gpio_dirmodeset_.o)
 .data          0x0000000020000010        0x0 hw_include/libdriver.a(gpio_padconfigset_.o)
 .data          0x0000000020000010        0x0 hw_include/libdriver.a(i2c_masterenable_.o)
 .data          0x0000000020000010        0x0 /usr/lib/gcc/arm-none-eabi/9.2.1/../../../arm-none-eabi/lib/thumb/nofp/libc.a(lib_a-memcpy-stub.o)
 .data          0x0000000020000010        0x0 /usr/lib/gcc/arm-none-eabi/9.2.1/../../../arm-none-eabi/lib/thumb/nofp/libc.a(lib_a-memset.o)
                0x0000000020000010                _edata = .

.igot.plt       0x0000000020000010        0x0 load address 0x0000000000002a98
 .igot.plt      0x0000000020000010        0x0 gcc/startup.o

.bss            0x0000000020000010     0x1d84 load address 0x0000000000002a98
                0x0000000020000010                _bss = .
 *(.bss)
 .bss           0x0000000020000010      0x100 gcc/startup.o
 .bss           0x0000000020000110        0x0 gcc/main.o
 .bss           0x0000000020000110        0x0 gcc/list.o
 .bss           0x0000000020000110        0x0 gcc/queue.o
 .bss           0x0000000020000110       0xd8 gcc/tasks.o
                0x0000000020000114                pxCurrentTCB
 .bss           0x00000000200001e8        0x0 gcc/port.o
 .bss           0x00000000200001e8     0x1b60 gcc/heap_1.o
 .bss           0x0000000020001d48       0x1e gcc/BlockQ.o
 *fill*         0x0000000020001d66        0x2 
 .bss           0x0000000020001d68        0xc gcc/PollQ.o
 .bss           0x0000000020001d74        0x4 gcc/integer.o
 .bss           0x0000000020001d78       0x14 gcc/semtest.o
 .bss           0x0000000020001d8c        0x4 gcc/osram96x16.o
 .bss           0x0000000020001d90        0x0 hw_include/libdriver.a(gpio_pintypei2c_.o)
 .bss           0x0000000020001d90        0x0 hw_include/libdriver.a(i2c_mastercontrol_.o)
 .bss           0x0000000020001d90        0x0 hw_include/libdriver.a(i2c_masterdataput_.o)
 .bss           0x0000000020001d90        0x0 hw_include/libdriver.a(i2c_masterinit_.o)
 .bss           0x0000000020001d90        0x0 hw_include/libdriver.a(i2c_masterintstatus_.o)
 .bss           0x0000000020001d90        0x0 hw_include/libdriver.a(i2c_masterslaveaddrset_.o)
 .bss           0x0000000020001d90        0x0 hw_include/libdriver.a(sysctl_clockget_.o)
 .bss           0x0000000020001d90        0x0 hw_include/libdriver.a(sysctl_peripheralenable_.o)
 .bss           0x0000000020001d90        0x0 hw_include/libdriver.a(sysctl_pulrcgcregs_.o)
 .bss           0x0000000020001d90        0x0 hw_include/libdriver.a(sysctl_pulxtals_.o)
 .bss           0x0000000020001d90        0x0 hw_include/libdriver.a(gpio_dirmodeset_.o)
 .bss           0x0000000020001d90        0x0 hw_include/libdriver.a(gpio_padconfigset_.o)
 .bss           0x0000000020001d90        0x0 hw_include/libdriver.a(i2c_masterenable_.o)
 .bss           0x0000000020001d90        0x0 /usr/lib/gcc/arm-none-eabi/9.2.1/../../../arm-none-eabi/lib/thumb/nofp/libc.a(lib_a-memcpy-stub.o)
 .bss           0x0000000020001d90        0x0 /usr/lib/gcc/arm-none-eabi/9.2.1/../../../arm-none-eabi/lib/thumb/nofp/libc.a(lib_a-memset.o)
 *(COMMON)
 COMMON         0x0000000020001d90        0x4 gcc/main.o
                0x0000000020001d90                xColaSensor
                0x0000000020001d94                _ebss = .
LOAD gcc/startup.o
LOAD gcc/main.o
LOAD gcc/list.o
LOAD gcc/queue.o
LOAD gcc/tasks.o
LOAD gcc/port.o
LOAD gcc/heap_1.o
LOAD gcc/BlockQ.o
LOAD gcc/PollQ.o
LOAD gcc/integer.o
LOAD gcc/semtest.o
LOAD gcc/osram96x16.o
LOAD hw_include/libdriver.a
LOAD /usr/lib/gcc/arm-none-eabi/9.2.1/../../../arm-none-eabi/lib/thumb/nofp/libc.a
LOAD /usr/lib/gcc/arm-none-eabi/9.2.1/thumb/nofp/libgcc.a
OUTPUT(gcc/RTOSDemo.axf elf32-littlearm)
LOAD linker stubs

.debug_info     0x0000000000000000     0xc175
 .debug_info    0x0000000000000000      0x155 gcc/startup.o
 .debug_info    0x0000000000000155      0x2a6 gcc/main.o
 .debug_info    0x00000000000003fb      0xb6e gcc/list.o
 .debug_info    0x0000000000000f69     0x2259 gcc/queue.o
 .debug_info    0x00000000000031c2     0x2729 gcc/tasks.o
 .debug_info    0x00000000000058eb      0x38f gcc/port.o
 .debug_info    0x0000000000005c7a      0xa54 gcc/heap_1.o
 .debug_info    0x00000000000066ce      0xeb2 gcc/BlockQ.o
 .debug_info    0x0000000000007580      0xc6f gcc/PollQ.o
 .debug_info    0x00000000000081ef      0xacc gcc/integer.o
 .debug_info    0x0000000000008cbb      0xdde gcc/semtest.o
 .debug_info    0x0000000000009a99      0x886 gcc/osram96x16.o
 .debug_info    0x000000000000a31f      0xf35 /usr/lib/gcc/arm-none-eabi/9.2.1/../../../arm-none-eabi/lib/thumb/nofp/libc.a(lib_a-memcpy-stub.o)
 .debug_info    0x000000000000b254      0xf21 /usr/lib/gcc/arm-none-eabi/9.2.1/../../../arm-none-eabi/lib/thumb/nofp/libc.a(lib_a-memset.o)

.debug_abbrev   0x0000000000000000     0x231c
 .debug_abbrev  0x0000000000000000       0xe8 gcc/startup.o
 .debug_abbrev  0x00000000000000e8      0x13d gcc/main.o
 .debug_abbrev  0x0000000000000225      0x249 gcc/list.o
 .debug_abbrev  0x000000000000046e      0x416 gcc/queue.o
 .debug_abbrev  0x0000000000000884      0x580 gcc/tasks.o
 .debug_abbrev  0x0000000000000e04      0x218 gcc/port.o
 .debug_abbrev  0x000000000000101c      0x296 gcc/heap_1.o
 .debug_abbrev  0x00000000000012b2      0x2da gcc/BlockQ.o
 .debug_abbrev  0x000000000000158c      0x29e gcc/PollQ.o
 .debug_abbrev  0x000000000000182a      0x291 gcc/integer.o
 .debug_abbrev  0x0000000000001abb      0x2d4 gcc/semtest.o
 .debug_abbrev  0x0000000000001d8f      0x153 gcc/osram96x16.o
 .debug_abbrev  0x0000000000001ee2      0x223 /usr/lib/gcc/arm-none-eabi/9.2.1/../../../arm-none-eabi/lib/thumb/nofp/libc.a(lib_a-memcpy-stub.o)
 .debug_abbrev  0x0000000000002105      0x217 /usr/lib/gcc/arm-none-eabi/9.2.1/../../../arm-none-eabi/lib/thumb/nofp/libc.a(lib_a-memset.o)

.debug_loc      0x0000000000000000     0x4439
 .debug_loc     0x0000000000000000       0x62 gcc/startup.o
 .debug_loc     0x0000000000000062       0x25 gcc/main.o
 .debug_loc     0x0000000000000087       0xbc gcc/list.o
 .debug_loc     0x0000000000000143     0x1558 gcc/queue.o
 .debug_loc     0x000000000000169b     0x1a5e gcc/tasks.o
 .debug_loc     0x00000000000030f9       0xbe gcc/port.o
 .debug_loc     0x00000000000031b7       0x97 gcc/heap_1.o
 .debug_loc     0x000000000000324e      0x244 gcc/BlockQ.o
 .debug_loc     0x0000000000003492      0x163 gcc/PollQ.o
 .debug_loc     0x00000000000035f5      0x124 gcc/integer.o
 .debug_loc     0x0000000000003719      0x1ac gcc/semtest.o
 .debug_loc     0x00000000000038c5      0x414 gcc/osram96x16.o
 .debug_loc     0x0000000000003cd9      0x481 /usr/lib/gcc/arm-none-eabi/9.2.1/../../../arm-none-eabi/lib/thumb/nofp/libc.a(lib_a-memcpy-stub.o)
 .debug_loc     0x000000000000415a      0x2df /usr/lib/gcc/arm-none-eabi/9.2.1/../../../arm-none-eabi/lib/thumb/nofp/libc.a(lib_a-memset.o)

.debug_aranges  0x0000000000000000      0x1c8
 .debug_aranges
                0x0000000000000000       0x20 gcc/startup.o
 .debug_aranges
                0x0000000000000020       0x28 gcc/main.o
 .debug_aranges
                0x0000000000000048       0x20 gcc/list.o
 .debug_aranges
                0x0000000000000068       0x20 gcc/queue.o
 .debug_aranges
                0x0000000000000088       0x20 gcc/tasks.o
 .debug_aranges
                0x00000000000000a8       0x20 gcc/port.o
 .debug_aranges
                0x00000000000000c8       0x20 gcc/heap_1.o
 .debug_aranges
                0x00000000000000e8       0x20 gcc/BlockQ.o
 .debug_aranges
                0x0000000000000108       0x20 gcc/PollQ.o
 .debug_aranges
                0x0000000000000128       0x20 gcc/integer.o
 .debug_aranges
                0x0000000000000148       0x20 gcc/semtest.o
 .debug_aranges
                0x0000000000000168       0x20 gcc/osram96x16.o
 .debug_aranges
                0x0000000000000188       0x20 /usr/lib/gcc/arm-none-eabi/9.2.1/../../../arm-none-eabi/lib/thumb/nofp/libc.a(lib_a-memcpy-stub.o)
 .debug_aranges
                0x00000000000001a8       0x20 /usr/lib/gcc/arm-none-eabi/9.2.1/../../../arm-none-eabi/lib/thumb/nofp/libc.a(lib_a-memset.o)

.debug_line     0x0000000000000000     0x45b5
 .debug_line    0x0000000000000000       0xe4 gcc/startup.o
 .debug_line    0x00000000000000e4      0x1e8 gcc/main.o
 .debug_line    0x00000000000002cc      0x2e0 gcc/list.o
 .debug_line    0x00000000000005ac     0x106f gcc/queue.o
 .debug_line    0x000000000000161b     0x1571 gcc/tasks.o
 .debug_line    0x0000000000002b8c      0x330 gcc/port.o
 .debug_line    0x0000000000002ebc      0x1fd gcc/heap_1.o
 .debug_line    0x00000000000030b9      0x38a gcc/BlockQ.o
 .debug_line    0x0000000000003443      0x2ce gcc/PollQ.o
 .debug_line    0x0000000000003711      0x20e gcc/integer.o
 .debug_line    0x000000000000391f      0x3b0 gcc/semtest.o
 .debug_line    0x0000000000003ccf      0x424 gcc/osram96x16.o
 .debug_line    0x00000000000040f3      0x247 /usr/lib/gcc/arm-none-eabi/9.2.1/../../../arm-none-eabi/lib/thumb/nofp/libc.a(lib_a-memcpy-stub.o)
 .debug_line    0x000000000000433a      0x27b /usr/lib/gcc/arm-none-eabi/9.2.1/../../../arm-none-eabi/lib/thumb/nofp/libc.a(lib_a-memset.o)

.debug_str      0x0000000000000000     0x217d
 .debug_str     0x0000000000000000      0x157 gcc/startup.o
                                        0x176 (size before relaxing)
 .debug_str     0x0000000000000157      0x198 gcc/main.o
                                        0x2b6 (size before relaxing)
 .debug_str     0x00000000000002ef      0x4ed gcc/list.o
                                        0x6af (size before relaxing)
 .debug_str     0x00000000000007dc      0x563 gcc/queue.o
                                        0xc0e (size before relaxing)
 .debug_str     0x0000000000000d3f      0x831 gcc/tasks.o
                                       0x10fa (size before relaxing)
 .debug_str     0x0000000000001570       0xc1 gcc/port.o
                                        0x350 (size before relaxing)
 .debug_str     0x0000000000001631       0x8b gcc/heap_1.o
                                        0x62c (size before relaxing)
 .debug_str     0x00000000000016bc      0x215 gcc/BlockQ.o
                                        0x836 (size before relaxing)
 .debug_str     0x00000000000018d1       0xbf gcc/PollQ.o
                                        0x753 (size before relaxing)
 .debug_str     0x0000000000001990       0x95 gcc/integer.o
                                        0x678 (size before relaxing)
 .debug_str     0x0000000000001a25      0x158 gcc/semtest.o
                                        0x7e3 (size before relaxing)
 .debug_str     0x0000000000001b7d      0x1a3 gcc/osram96x16.o
                                        0x2bc (size before relaxing)
 .debug_str     0x0000000000001d20      0x3c4 /usr/lib/gcc/arm-none-eabi/9.2.1/../../../arm-none-eabi/lib/thumb/nofp/libc.a(lib_a-memcpy-stub.o)
                                        0x8f0 (size before relaxing)
 .debug_str     0x00000000000020e4       0x99 /usr/lib/gcc/arm-none-eabi/9.2.1/../../../arm-none-eabi/lib/thumb/nofp/libc.a(lib_a-memset.o)
                                        0x8cb (size before relaxing)

.comment        0x0000000000000000      0x261
 .comment       0x0000000000000000       0x59 gcc/startup.o
                                         0x5a (size before relaxing)
 .comment       0x0000000000000059       0x5a gcc/main.o
 .comment       0x0000000000000059       0x5a gcc/list.o
 .comment       0x0000000000000059       0x5a gcc/queue.o
 .comment       0x0000000000000059       0x5a gcc/tasks.o
 .comment       0x0000000000000059       0x5a gcc/port.o
 .comment       0x0000000000000059       0x5a gcc/heap_1.o
 .comment       0x0000000000000059       0x5a gcc/BlockQ.o
 .comment       0x0000000000000059       0x5a gcc/PollQ.o
 .comment       0x0000000000000059       0x5a gcc/integer.o
 .comment       0x0000000000000059       0x5a gcc/semtest.o
 .comment       0x0000000000000059       0x5a gcc/osram96x16.o
 .comment       0x0000000000000059       0x22 hw_include/libdriver.a(gpio_pintypei2c_.o)
 .comment       0x000000000000007b       0x22 hw_include/libdriver.a(i2c_mastercontrol_.o)
 .comment       0x000000000000009d       0x22 hw_include/libdriver.a(i2c_masterdataput_.o)
 .comment       0x00000000000000bf       0x22 hw_include/libdriver.a(i2c_masterinit_.o)
 .comment       0x00000000000000e1       0x22 hw_include/libdriver.a(i2c_masterintstatus_.o)
 .comment       0x0000000000000103       0x22 hw_include/libdriver.a(i2c_masterslaveaddrset_.o)
 .comment       0x0000000000000125       0x22 hw_include/libdriver.a(sysctl_clockget_.o)
 .comment       0x0000000000000147       0x22 hw_include/libdriver.a(sysctl_peripheralenable_.o)
 .comment       0x0000000000000169       0x22 hw_include/libdriver.a(sysctl_pulrcgcregs_.o)
 .comment       0x000000000000018b       0x22 hw_include/libdriver.a(sysctl_pulxtals_.o)
 .comment       0x00000000000001ad       0x22 hw_include/libdriver.a(gpio_dirmodeset_.o)
 .comment       0x00000000000001cf       0x22 hw_include/libdriver.a(gpio_padconfigset_.o)
 .comment       0x00000000000001f1       0x22 hw_include/libdriver.a(i2c_masterenable_.o)
 .comment       0x0000000000000213       0x4e /usr/lib/gcc/arm-none-eabi/9.2.1/../../../arm-none-eabi/lib/thumb/nofp/libc.a(lib_a-memcpy-stub.o)
                                         0x4f (size before relaxing)
 .comment       0x0000000000000261       0x4f /usr/lib/gcc/arm-none-eabi/9.2.1/../../../arm-none-eabi/lib/thumb/nofp/libc.a(lib_a-memset.o)

.ARM.attributes
                0x0000000000000000       0x2f
 .ARM.attributes
                0x0000000000000000       0x2d gcc/startup.o
 .ARM.attributes
                0x000000000000002d       0x2d gcc/main.o
 .ARM.attributes
                0x000000000000005a       0x2d gcc/list.o
 .ARM.attributes
                0x0000000000000087       0x2d gcc/queue.o
 .ARM.attributes
                0x00000000000000b4       0x2d gcc/tasks.o
 .ARM.attributes
                0x00000000000000e1       0x2d gcc/port.o
 .ARM.attributes
                0x000000000000010e       0x2d gcc/heap_1.o
 .ARM.attributes
                0x000000000000013b       0x2d gcc/BlockQ.o
 .ARM.attributes
                0x0000000000000168       0x2d gcc/PollQ.o
 .ARM.attributes
                0x0000000000000195       0x2d gcc/integer.o
 .ARM.attributes
                0x00000000000001c2       0x2d gcc/semtest.o
 .ARM.attributes
                0x00000000000001ef       0x2d gcc/osram96x16.o
 .ARM.attributes
                0x000000000000021c       0x31 hw_include/libdriver.a(gpio_pintypei2c_.o)
 .ARM.attributes
                0x000000000000024d       0x31 hw_include/libdriver.a(i2c_mastercontrol_.o)
 .ARM.attributes
                0x000000000000027e       0x31 hw_include/libdriver.a(i2c_masterdataput_.o)
 .ARM.attributes
                0x00000000000002af       0x31 hw_include/libdriver.a(i2c_masterinit_.o)
 .ARM.attributes
                0x00000000000002e0       0x31 hw_include/libdriver.a(i2c_masterintstatus_.o)
 .ARM.attributes
                0x0000000000000311       0x31 hw_include/libdriver.a(i2c_masterslaveaddrset_.o)
 .ARM.attributes
                0x0000000000000342       0x31 hw_include/libdriver.a(sysctl_clockget_.o)
 .ARM.attributes
                0x0000000000000373       0x31 hw_include/libdriver.a(sysctl_peripheralenable_.o)
 .ARM.attributes
                0x00000000000003a4       0x2f hw_include/libdriver.a(sysctl_pulrcgcregs_.o)
 .ARM.attributes
                0x00000000000003d3       0x2f hw_include/libdriver.a(sysctl_pulxtals_.o)
 .ARM.attributes
                0x0000000000000402       0x31 hw_include/libdriver.a(gpio_dirmodeset_.o)
 .ARM.attributes
                0x0000000000000433       0x31 hw_include/libdriver.a(gpio_padconfigset_.o)
 .ARM.attributes
                0x0000000000000464       0x31 hw_include/libdriver.a(i2c_masterenable_.o)
 .ARM.attributes
                0x0000000000000495       0x2a /usr/lib/gcc/arm-none-eabi/9.2.1/../../../arm-none-eabi/lib/thumb/nofp/libc.a(lib_a-memcpy-stub.o)
 .ARM.attributes
                0x00000000000004bf       0x2a /usr/lib/gcc/arm-none-eabi/9.2.1/../../../arm-none-eabi/lib/thumb/nofp/libc.a(lib_a-memset.o)

.debug_frame    0x0000000000000000      0xc78
 .debug_frame   0x0000000000000000       0x50 gcc/startup.o
 .debug_frame   0x0000000000000050       0x5c gcc/main.o
 .debug_frame   0x00000000000000ac       0x88 gcc/list.o
 .debug_frame   0x0000000000000134      0x268 gcc/queue.o
 .debug_frame   0x000000000000039c      0x3a4 gcc/tasks.o
 .debug_frame   0x0000000000000740       0xf8 gcc/port.o
 .debug_frame   0x0000000000000838       0x58 gcc/heap_1.o
 .debug_frame   0x0000000000000890       0x9c gcc/BlockQ.o
 .debug_frame   0x000000000000092c       0x84 gcc/PollQ.o
 .debug_frame   0x00000000000009b0       0x60 gcc/integer.o
 .debug_frame   0x0000000000000a10       0x7c gcc/semtest.o
 .debug_frame   0x0000000000000a8c      0x188 gcc/osram96x16.o
 .debug_frame   0x0000000000000c14       0x34 /usr/lib/gcc/arm-none-eabi/9.2.1/../../../arm-none-eabi/lib/thumb/nofp/libc.a(lib_a-memcpy-stub.o)
 .debug_frame   0x0000000000000c48       0x30 /usr/lib/gcc/arm-none-eabi/9.2.1/../../../arm-none-eabi/lib/thumb/nofp/libc.a(lib_a-memset.o)

.debug_ranges   0x0000000000000000      0x878
 .debug_ranges  0x0000000000000000       0x38 gcc/main.o
 .debug_ranges  0x0000000000000038      0x2e0 gcc/queue.o
 .debug_ranges  0x0000000000000318      0x548 gcc/tasks.o
 .debug_ranges  0x0000000000000860       0x18 gcc/port.o
