Archive member included to satisfy reference by file (symbol)

hw_include/libdriver.a(gpio_pintypei2c_.o)
                              gcc/osram96x16.o (GPIOPinTypeI2C)
hw_include/libdriver.a(i2c_mastercontrol_.o)
                              gcc/osram96x16.o (I2CMasterControl)
hw_include/libdriver.a(i2c_masterdataput_.o)
                              gcc/osram96x16.o (I2CMasterDataPut)
hw_include/libdriver.a(i2c_masterinit_.o)
                              gcc/osram96x16.o (I2CMasterInit)
hw_include/libdriver.a(i2c_masterintstatus_.o)
                              gcc/osram96x16.o (I2CMasterIntStatus)
hw_include/libdriver.a(i2c_masterslaveaddrset_.o)
                              gcc/osram96x16.o (I2CMasterSlaveAddrSet)
hw_include/libdriver.a(sysctl_clockget_.o)
                              hw_include/libdriver.a(i2c_masterinit_.o) (SysCtlClockGet)
hw_include/libdriver.a(sysctl_peripheralenable_.o)
                              gcc/main.o (SysCtlPeripheralEnable)
hw_include/libdriver.a(sysctl_pulrcgcregs_.o)
                              hw_include/libdriver.a(sysctl_peripheralenable_.o) (g_pulRCGCRegs)
hw_include/libdriver.a(sysctl_pulxtals_.o)
                              hw_include/libdriver.a(sysctl_clockget_.o) (g_pulXtals)
hw_include/libdriver.a(uart_charnonblockingget_.o)
                              gcc/main.o (UARTCharNonBlockingGet)
hw_include/libdriver.a(uart_charsavail_.o)
                              gcc/main.o (UARTCharsAvail)
hw_include/libdriver.a(uart_configset_.o)
                              gcc/main.o (UARTConfigSet)
hw_include/libdriver.a(uart_disable_.o)
                              hw_include/libdriver.a(uart_configset_.o) (UARTDisable)
hw_include/libdriver.a(uart_enable_.o)
                              hw_include/libdriver.a(uart_configset_.o) (UARTEnable)
hw_include/libdriver.a(gpio_dirmodeset_.o)
                              hw_include/libdriver.a(gpio_pintypei2c_.o) (GPIODirModeSet)
hw_include/libdriver.a(gpio_padconfigset_.o)
                              hw_include/libdriver.a(gpio_pintypei2c_.o) (GPIOPadConfigSet)
hw_include/libdriver.a(i2c_masterenable_.o)
                              hw_include/libdriver.a(i2c_masterinit_.o) (I2CMasterEnable)
/usr/lib/gcc/arm-none-eabi/9.2.1/../../../arm-none-eabi/lib/thumb/nofp/libc.a(lib_a-memcpy-stub.o)
                              gcc/queue.o (memcpy)
/usr/lib/gcc/arm-none-eabi/9.2.1/../../../arm-none-eabi/lib/thumb/nofp/libc.a(lib_a-memset.o)
                              gcc/main.o (memset)

Allocating common symbols
Common symbol       size              file

xColaSensor         0x4               gcc/main.o
xColaPromedio       0x4               gcc/main.o

Memory Configuration

Name             Origin             Length             Attributes
FLASH            0x0000000000000000 0x0000000000010000 xr
SRAM             0x0000000020000000 0x0000000000002000 xrw
*default*        0x0000000000000000 0xffffffffffffffff

Linker script and memory map


.text           0x0000000000000000     0x2edc
 *(.isr_vector)
 .isr_vector    0x0000000000000000       0xb0 gcc/startup.o
                0x0000000000000000                g_pfnVectors
 *(.text*)
 .text          0x00000000000000b0       0x68 gcc/startup.o
                0x00000000000000bc                ResetISR
 .text          0x0000000000000118      0x3a0 gcc/main.o
                0x00000000000001ec                iniciarDisplay
                0x00000000000001f4                iniciarUART
                0x0000000000000214                dibujarEjes
                0x0000000000000314                actualizarArregloCircular
                0x0000000000000348                actualizarTamVentana
                0x0000000000000434                numeroAleatorio
                0x000000000000045c                calcularPromedio
                0x000000000000048c                atoi
 .text.startup  0x00000000000004b8       0xac gcc/main.o
                0x00000000000004b8                main
 .text          0x0000000000000564       0x90 gcc/list.o
                0x0000000000000564                vListInitialise
                0x000000000000057c                vListInitialiseItem
                0x0000000000000584                vListInsertEnd
                0x00000000000005a0                vListInsert
                0x00000000000005d0                uxListRemove
 .text          0x00000000000005f4      0x814 gcc/queue.o
                0x000000000000070c                xQueueGenericReset
                0x0000000000000790                xQueueGenericCreate
                0x00000000000007d4                xQueueGenericSend
                0x00000000000008e8                xQueueGenericSendFromISR
                0x0000000000000960                xQueueGiveFromISR
                0x00000000000009d4                xQueueReceive
                0x0000000000000af0                xQueueSemaphoreTake
                0x0000000000000bf8                xQueuePeek
                0x0000000000000d08                xQueueReceiveFromISR
                0x0000000000000d84                xQueuePeekFromISR
                0x0000000000000db8                uxQueueMessagesWaiting
                0x0000000000000dcc                uxQueueSpacesAvailable
                0x0000000000000de4                uxQueueMessagesWaitingFromISR
                0x0000000000000de8                vQueueDelete
                0x0000000000000dec                xQueueIsQueueEmptyFromISR
                0x0000000000000df8                xQueueIsQueueFullFromISR
 .text          0x0000000000000e08      0xdc4 gcc/tasks.o
                0x0000000000000f9c                xTaskCreate
                0x0000000000001154                vTaskStartScheduler
                0x00000000000011b4                vTaskEndScheduler
                0x00000000000011d4                vTaskSuspendAll
                0x00000000000011e8                xTaskResumeAll
                0x0000000000001330                xTaskDelayUntil
                0x0000000000001388                vTaskDelay
                0x00000000000013c0                xTaskGetTickCount
                0x00000000000013cc                xTaskGetTickCountFromISR
                0x00000000000013d8                uxTaskGetNumberOfTasks
                0x00000000000013e4                pcTaskGetName
                0x00000000000013f8                xTaskCatchUpTicks
                0x0000000000001428                xTaskIncrementTick
                0x0000000000001444                vTaskSwitchContext
                0x000000000000148c                vTaskPlaceOnEventList
                0x00000000000014a8                vTaskPlaceOnUnorderedEventList
                0x00000000000014e8                xTaskRemoveFromEventList
                0x00000000000015a8                vTaskRemoveFromUnorderedEventList
                0x0000000000001640                vTaskSetTimeOutState
                0x0000000000001660                vTaskInternalSetTimeOutState
                0x0000000000001670                xTaskCheckForTimeOut
                0x00000000000016c0                vTaskMissedYield
                0x00000000000016d0                uxTaskGetStackHighWaterMark
                0x0000000000001704                xTaskGetCurrentTaskHandle
                0x0000000000001710                uxTaskResetEventItemValue
                0x0000000000001728                ulTaskGenericNotifyTake
                0x00000000000017ac                xTaskGenericNotifyWait
                0x0000000000001850                xTaskGenericNotify
                0x0000000000001954                xTaskGenericNotifyFromISR
                0x0000000000001a78                vTaskGenericNotifyGiveFromISR
                0x0000000000001b68                xTaskGenericNotifyStateClear
                0x0000000000001b9c                ulTaskGenericNotifyValueClear
 *fill*         0x0000000000001bcc        0x4 
 .text          0x0000000000001bd0      0x1b8 gcc/port.o
                0x0000000000001c10                pxPortInitialiseStack
                0x0000000000001c38                vPortSVCHandler
                0x0000000000001c64                vPortEndScheduler
                0x0000000000001c68                vPortEnterCritical
                0x0000000000001c88                vPortExitCritical
                0x0000000000001c9c                xPortPendSVHandler
                0x0000000000001ce4                xPortSysTickHandler
                0x0000000000001d10                vPortSetupTimerInterrupt
                0x0000000000001d38                xPortStartScheduler
 .text          0x0000000000001d88       0x8c gcc/heap_1.o
                0x0000000000001d88                pvPortMalloc
                0x0000000000001df4                vPortFree
                0x0000000000001df8                vPortInitialiseBlocks
                0x0000000000001e04                xPortGetFreeHeapSize
 .text          0x0000000000001e14      0x1f8 gcc/BlockQ.o
                0x0000000000001e8c                vStartBlockingQueueTasks
                0x0000000000001fbc                xAreBlockingQueuesStillRunning
 .text          0x000000000000200c      0x128 gcc/PollQ.o
                0x00000000000020c4                vStartPolledQueueTasks
                0x0000000000002118                xArePollingQueuesStillRunning
 .text          0x0000000000002134       0x9c gcc/integer.o
                0x0000000000002194                vStartIntegerMathTasks
                0x00000000000021bc                xAreIntegerMathsTaskStillRunning
 .text          0x00000000000021d0      0x1d0 gcc/semtest.o
                0x00000000000022a4                vStartSemaphoreTasks
                0x000000000000236c                xAreSemaphoreTasksStillRunning
 .text          0x00000000000023a0      0x350 gcc/osram96x16.o
                0x000000000000248c                OSRAMClear
                0x00000000000024d8                OSRAMStringDraw
                0x0000000000002590                OSRAMImageDraw
                0x0000000000002600                OSRAMInit
                0x0000000000002688                OSRAMDisplayOn
                0x00000000000026c8                OSRAMDisplayOff
 .text          0x00000000000026f0       0x20 hw_include/libdriver.a(gpio_pintypei2c_.o)
                0x00000000000026f0                GPIOPinTypeI2C
 .text          0x0000000000002710        0x4 hw_include/libdriver.a(i2c_mastercontrol_.o)
                0x0000000000002710                I2CMasterControl
 .text          0x0000000000002714        0x4 hw_include/libdriver.a(i2c_masterdataput_.o)
                0x0000000000002714                I2CMasterDataPut
 .text          0x0000000000002718       0x34 hw_include/libdriver.a(i2c_masterinit_.o)
                0x0000000000002718                I2CMasterInit
 .text          0x000000000000274c       0x18 hw_include/libdriver.a(i2c_masterintstatus_.o)
                0x000000000000274c                I2CMasterIntStatus
 .text          0x0000000000002764        0x8 hw_include/libdriver.a(i2c_masterslaveaddrset_.o)
                0x0000000000002764                I2CMasterSlaveAddrSet
 .text          0x000000000000276c       0x90 hw_include/libdriver.a(sysctl_clockget_.o)
                0x000000000000276c                SysCtlClockGet
 .text          0x00000000000027fc       0x1c hw_include/libdriver.a(sysctl_peripheralenable_.o)
                0x00000000000027fc                SysCtlPeripheralEnable
 .text          0x0000000000002818        0x0 hw_include/libdriver.a(sysctl_pulrcgcregs_.o)
 .text          0x0000000000002818        0x0 hw_include/libdriver.a(sysctl_pulxtals_.o)
 .text          0x0000000000002818       0x10 hw_include/libdriver.a(uart_charnonblockingget_.o)
                0x0000000000002818                UARTCharNonBlockingGet
 .text          0x0000000000002828       0x10 hw_include/libdriver.a(uart_charsavail_.o)
                0x0000000000002828                UARTCharsAvail
 .text          0x0000000000002838       0x38 hw_include/libdriver.a(uart_configset_.o)
                0x0000000000002838                UARTConfigSet
 .text          0x0000000000002870       0x24 hw_include/libdriver.a(uart_disable_.o)
                0x0000000000002870                UARTDisable
 .text          0x0000000000002894       0x18 hw_include/libdriver.a(uart_enable_.o)
                0x0000000000002894                UARTEnable
 .text          0x00000000000028ac       0x48 hw_include/libdriver.a(gpio_dirmodeset_.o)
                0x00000000000028ac                GPIODirModeSet
 .text          0x00000000000028f4      0x11c hw_include/libdriver.a(gpio_padconfigset_.o)
                0x00000000000028f4                GPIOPadConfigSet
 .text          0x0000000000002a10        0xc hw_include/libdriver.a(i2c_masterenable_.o)
                0x0000000000002a10                I2CMasterEnable
 .text          0x0000000000002a1c       0xac /usr/lib/gcc/arm-none-eabi/9.2.1/../../../arm-none-eabi/lib/thumb/nofp/libc.a(lib_a-memcpy-stub.o)
                0x0000000000002a1c                memcpy
 .text          0x0000000000002ac8       0xb0 /usr/lib/gcc/arm-none-eabi/9.2.1/../../../arm-none-eabi/lib/thumb/nofp/libc.a(lib_a-memset.o)
                0x0000000000002ac8                memset
 *(.rodata*)
 .rodata.str1.4
                0x0000000000002b78       0x56 gcc/main.o
 *fill*         0x0000000000002bce        0x2 
 .rodata.str1.4
                0x0000000000002bd0        0x5 gcc/tasks.o
 *fill*         0x0000000000002bd5        0x3 
 .rodata.str1.4
                0x0000000000002bd8       0x30 gcc/BlockQ.o
 .rodata.str1.4
                0x0000000000002c08       0x10 gcc/PollQ.o
 .rodata.str1.4
                0x0000000000002c18        0x8 gcc/integer.o
 .rodata.str1.4
                0x0000000000002c20       0x20 gcc/semtest.o
 .rodata        0x0000000000002c40      0x25d gcc/osram96x16.o
 *fill*         0x0000000000002e9d        0x3 
 .rodata        0x0000000000002ea0        0xc hw_include/libdriver.a(sysctl_pulrcgcregs_.o)
                0x0000000000002ea0                g_pulRCGCRegs
 .rodata        0x0000000000002eac       0x30 hw_include/libdriver.a(sysctl_pulxtals_.o)
                0x0000000000002eac                g_pulXtals
                0x0000000000002edc                _etext = .

.glue_7         0x0000000000002edc        0x0
 .glue_7        0x0000000000002edc        0x0 linker stubs

.glue_7t        0x0000000000002edc        0x0
 .glue_7t       0x0000000000002edc        0x0 linker stubs

.vfp11_veneer   0x0000000000002edc        0x0
 .vfp11_veneer  0x0000000000002edc        0x0 linker stubs

.v4_bx          0x0000000000002edc        0x0
 .v4_bx         0x0000000000002edc        0x0 linker stubs

.iplt           0x0000000000002edc        0x0
 .iplt          0x0000000000002edc        0x0 gcc/startup.o

.rel.dyn        0x0000000000002edc        0x0
 .rel.iplt      0x0000000000002edc        0x0 gcc/startup.o

.data           0x0000000020000000       0x10 load address 0x0000000000002edc
                0x0000000020000000                _data = .
 *(vtable)
 *(.data)
 .data          0x0000000020000000        0x0 gcc/startup.o
 .data          0x0000000020000000        0x8 gcc/main.o
 .data          0x0000000020000008        0x0 gcc/list.o
 .data          0x0000000020000008        0x0 gcc/queue.o
 .data          0x0000000020000008        0x4 gcc/tasks.o
                0x0000000020000008                uxTopUsedPriority
 .data          0x000000002000000c        0x4 gcc/port.o
 .data          0x0000000020000010        0x0 gcc/heap_1.o
 .data          0x0000000020000010        0x0 gcc/BlockQ.o
 .data          0x0000000020000010        0x0 gcc/PollQ.o
 .data          0x0000000020000010        0x0 gcc/integer.o
 .data          0x0000000020000010        0x0 gcc/semtest.o
 .data          0x0000000020000010        0x0 gcc/osram96x16.o
 .data          0x0000000020000010        0x0 hw_include/libdriver.a(gpio_pintypei2c_.o)
 .data          0x0000000020000010        0x0 hw_include/libdriver.a(i2c_mastercontrol_.o)
 .data          0x0000000020000010        0x0 hw_include/libdriver.a(i2c_masterdataput_.o)
 .data          0x0000000020000010        0x0 hw_include/libdriver.a(i2c_masterinit_.o)
 .data          0x0000000020000010        0x0 hw_include/libdriver.a(i2c_masterintstatus_.o)
 .data          0x0000000020000010        0x0 hw_include/libdriver.a(i2c_masterslaveaddrset_.o)
 .data          0x0000000020000010        0x0 hw_include/libdriver.a(sysctl_clockget_.o)
 .data          0x0000000020000010        0x0 hw_include/libdriver.a(sysctl_peripheralenable_.o)
 .data          0x0000000020000010        0x0 hw_include/libdriver.a(sysctl_pulrcgcregs_.o)
 .data          0x0000000020000010        0x0 hw_include/libdriver.a(sysctl_pulxtals_.o)
 .data          0x0000000020000010        0x0 hw_include/libdriver.a(uart_charnonblockingget_.o)
 .data          0x0000000020000010        0x0 hw_include/libdriver.a(uart_charsavail_.o)
 .data          0x0000000020000010        0x0 hw_include/libdriver.a(uart_configset_.o)
 .data          0x0000000020000010        0x0 hw_include/libdriver.a(uart_disable_.o)
 .data          0x0000000020000010        0x0 hw_include/libdriver.a(uart_enable_.o)
 .data          0x0000000020000010        0x0 hw_include/libdriver.a(gpio_dirmodeset_.o)
 .data          0x0000000020000010        0x0 hw_include/libdriver.a(gpio_padconfigset_.o)
 .data          0x0000000020000010        0x0 hw_include/libdriver.a(i2c_masterenable_.o)
 .data          0x0000000020000010        0x0 /usr/lib/gcc/arm-none-eabi/9.2.1/../../../arm-none-eabi/lib/thumb/nofp/libc.a(lib_a-memcpy-stub.o)
 .data          0x0000000020000010        0x0 /usr/lib/gcc/arm-none-eabi/9.2.1/../../../arm-none-eabi/lib/thumb/nofp/libc.a(lib_a-memset.o)
                0x0000000020000010                _edata = .

.igot.plt       0x0000000020000010        0x0 load address 0x0000000000002eec
 .igot.plt      0x0000000020000010        0x0 gcc/startup.o

.bss            0x0000000020000010     0x15b8 load address 0x0000000000002eec
                0x0000000020000010                _bss = .
 *(.bss)
 .bss           0x0000000020000010      0x100 gcc/startup.o
 .bss           0x0000000020000110        0x0 gcc/main.o
 .bss           0x0000000020000110        0x0 gcc/list.o
 .bss           0x0000000020000110        0x0 gcc/queue.o
 .bss           0x0000000020000110       0xd8 gcc/tasks.o
                0x0000000020000114                pxCurrentTCB
 .bss           0x00000000200001e8        0x0 gcc/port.o
 .bss           0x00000000200001e8     0x1390 gcc/heap_1.o
 .bss           0x0000000020001578       0x1e gcc/BlockQ.o
 *fill*         0x0000000020001596        0x2 
 .bss           0x0000000020001598        0xc gcc/PollQ.o
 .bss           0x00000000200015a4        0x4 gcc/integer.o
 .bss           0x00000000200015a8       0x14 gcc/semtest.o
 .bss           0x00000000200015bc        0x4 gcc/osram96x16.o
 .bss           0x00000000200015c0        0x0 hw_include/libdriver.a(gpio_pintypei2c_.o)
 .bss           0x00000000200015c0        0x0 hw_include/libdriver.a(i2c_mastercontrol_.o)
 .bss           0x00000000200015c0        0x0 hw_include/libdriver.a(i2c_masterdataput_.o)
 .bss           0x00000000200015c0        0x0 hw_include/libdriver.a(i2c_masterinit_.o)
 .bss           0x00000000200015c0        0x0 hw_include/libdriver.a(i2c_masterintstatus_.o)
 .bss           0x00000000200015c0        0x0 hw_include/libdriver.a(i2c_masterslaveaddrset_.o)
 .bss           0x00000000200015c0        0x0 hw_include/libdriver.a(sysctl_clockget_.o)
 .bss           0x00000000200015c0        0x0 hw_include/libdriver.a(sysctl_peripheralenable_.o)
 .bss           0x00000000200015c0        0x0 hw_include/libdriver.a(sysctl_pulrcgcregs_.o)
 .bss           0x00000000200015c0        0x0 hw_include/libdriver.a(sysctl_pulxtals_.o)
 .bss           0x00000000200015c0        0x0 hw_include/libdriver.a(uart_charnonblockingget_.o)
 .bss           0x00000000200015c0        0x0 hw_include/libdriver.a(uart_charsavail_.o)
 .bss           0x00000000200015c0        0x0 hw_include/libdriver.a(uart_configset_.o)
 .bss           0x00000000200015c0        0x0 hw_include/libdriver.a(uart_disable_.o)
 .bss           0x00000000200015c0        0x0 hw_include/libdriver.a(uart_enable_.o)
 .bss           0x00000000200015c0        0x0 hw_include/libdriver.a(gpio_dirmodeset_.o)
 .bss           0x00000000200015c0        0x0 hw_include/libdriver.a(gpio_padconfigset_.o)
 .bss           0x00000000200015c0        0x0 hw_include/libdriver.a(i2c_masterenable_.o)
 .bss           0x00000000200015c0        0x0 /usr/lib/gcc/arm-none-eabi/9.2.1/../../../arm-none-eabi/lib/thumb/nofp/libc.a(lib_a-memcpy-stub.o)
 .bss           0x00000000200015c0        0x0 /usr/lib/gcc/arm-none-eabi/9.2.1/../../../arm-none-eabi/lib/thumb/nofp/libc.a(lib_a-memset.o)
 *(COMMON)
 COMMON         0x00000000200015c0        0x8 gcc/main.o
                0x00000000200015c0                xColaSensor
                0x00000000200015c4                xColaPromedio
                0x00000000200015c8                _ebss = .
LOAD gcc/startup.o
LOAD gcc/main.o
LOAD gcc/list.o
LOAD gcc/queue.o
LOAD gcc/tasks.o
LOAD gcc/port.o
LOAD gcc/heap_1.o
LOAD gcc/BlockQ.o
LOAD gcc/PollQ.o
LOAD gcc/integer.o
LOAD gcc/semtest.o
LOAD gcc/osram96x16.o
LOAD hw_include/libdriver.a
LOAD /usr/lib/gcc/arm-none-eabi/9.2.1/../../../arm-none-eabi/lib/thumb/nofp/libc.a
LOAD /usr/lib/gcc/arm-none-eabi/9.2.1/thumb/nofp/libgcc.a
OUTPUT(gcc/RTOSDemo.axf elf32-littlearm)
LOAD linker stubs

.debug_info     0x0000000000000000     0xcc45
 .debug_info    0x0000000000000000      0x155 gcc/startup.o
 .debug_info    0x0000000000000155      0xd84 gcc/main.o
 .debug_info    0x0000000000000ed9      0xb6e gcc/list.o
 .debug_info    0x0000000000001a47     0x2259 gcc/queue.o
 .debug_info    0x0000000000003ca0     0x2728 gcc/tasks.o
 .debug_info    0x00000000000063c8      0x38f gcc/port.o
 .debug_info    0x0000000000006757      0xa54 gcc/heap_1.o
 .debug_info    0x00000000000071ab      0xeac gcc/BlockQ.o
 .debug_info    0x0000000000008057      0xc6d gcc/PollQ.o
 .debug_info    0x0000000000008cc4      0xacb gcc/integer.o
 .debug_info    0x000000000000978f      0xdda gcc/semtest.o
 .debug_info    0x000000000000a569      0x886 gcc/osram96x16.o
 .debug_info    0x000000000000adef      0xf35 /usr/lib/gcc/arm-none-eabi/9.2.1/../../../arm-none-eabi/lib/thumb/nofp/libc.a(lib_a-memcpy-stub.o)
 .debug_info    0x000000000000bd24      0xf21 /usr/lib/gcc/arm-none-eabi/9.2.1/../../../arm-none-eabi/lib/thumb/nofp/libc.a(lib_a-memset.o)

.debug_abbrev   0x0000000000000000     0x24e1
 .debug_abbrev  0x0000000000000000       0xe8 gcc/startup.o
 .debug_abbrev  0x00000000000000e8      0x302 gcc/main.o
 .debug_abbrev  0x00000000000003ea      0x249 gcc/list.o
 .debug_abbrev  0x0000000000000633      0x416 gcc/queue.o
 .debug_abbrev  0x0000000000000a49      0x580 gcc/tasks.o
 .debug_abbrev  0x0000000000000fc9      0x218 gcc/port.o
 .debug_abbrev  0x00000000000011e1      0x296 gcc/heap_1.o
 .debug_abbrev  0x0000000000001477      0x2da gcc/BlockQ.o
 .debug_abbrev  0x0000000000001751      0x29e gcc/PollQ.o
 .debug_abbrev  0x00000000000019ef      0x291 gcc/integer.o
 .debug_abbrev  0x0000000000001c80      0x2d4 gcc/semtest.o
 .debug_abbrev  0x0000000000001f54      0x153 gcc/osram96x16.o
 .debug_abbrev  0x00000000000020a7      0x223 /usr/lib/gcc/arm-none-eabi/9.2.1/../../../arm-none-eabi/lib/thumb/nofp/libc.a(lib_a-memcpy-stub.o)
 .debug_abbrev  0x00000000000022ca      0x217 /usr/lib/gcc/arm-none-eabi/9.2.1/../../../arm-none-eabi/lib/thumb/nofp/libc.a(lib_a-memset.o)

.debug_loc      0x0000000000000000     0x4a01
 .debug_loc     0x0000000000000000       0x62 gcc/startup.o
 .debug_loc     0x0000000000000062      0x5ed gcc/main.o
 .debug_loc     0x000000000000064f       0xbc gcc/list.o
 .debug_loc     0x000000000000070b     0x1558 gcc/queue.o
 .debug_loc     0x0000000000001c63     0x1a5e gcc/tasks.o
 .debug_loc     0x00000000000036c1       0xbe gcc/port.o
 .debug_loc     0x000000000000377f       0x97 gcc/heap_1.o
 .debug_loc     0x0000000000003816      0x244 gcc/BlockQ.o
 .debug_loc     0x0000000000003a5a      0x163 gcc/PollQ.o
 .debug_loc     0x0000000000003bbd      0x124 gcc/integer.o
 .debug_loc     0x0000000000003ce1      0x1ac gcc/semtest.o
 .debug_loc     0x0000000000003e8d      0x414 gcc/osram96x16.o
 .debug_loc     0x00000000000042a1      0x481 /usr/lib/gcc/arm-none-eabi/9.2.1/../../../arm-none-eabi/lib/thumb/nofp/libc.a(lib_a-memcpy-stub.o)
 .debug_loc     0x0000000000004722      0x2df /usr/lib/gcc/arm-none-eabi/9.2.1/../../../arm-none-eabi/lib/thumb/nofp/libc.a(lib_a-memset.o)

.debug_aranges  0x0000000000000000      0x1c8
 .debug_aranges
                0x0000000000000000       0x20 gcc/startup.o
 .debug_aranges
                0x0000000000000020       0x28 gcc/main.o
 .debug_aranges
                0x0000000000000048       0x20 gcc/list.o
 .debug_aranges
                0x0000000000000068       0x20 gcc/queue.o
 .debug_aranges
                0x0000000000000088       0x20 gcc/tasks.o
 .debug_aranges
                0x00000000000000a8       0x20 gcc/port.o
 .debug_aranges
                0x00000000000000c8       0x20 gcc/heap_1.o
 .debug_aranges
                0x00000000000000e8       0x20 gcc/BlockQ.o
 .debug_aranges
                0x0000000000000108       0x20 gcc/PollQ.o
 .debug_aranges
                0x0000000000000128       0x20 gcc/integer.o
 .debug_aranges
                0x0000000000000148       0x20 gcc/semtest.o
 .debug_aranges
                0x0000000000000168       0x20 gcc/osram96x16.o
 .debug_aranges
                0x0000000000000188       0x20 /usr/lib/gcc/arm-none-eabi/9.2.1/../../../arm-none-eabi/lib/thumb/nofp/libc.a(lib_a-memcpy-stub.o)
 .debug_aranges
                0x00000000000001a8       0x20 /usr/lib/gcc/arm-none-eabi/9.2.1/../../../arm-none-eabi/lib/thumb/nofp/libc.a(lib_a-memset.o)

.debug_line     0x0000000000000000     0x4bd2
 .debug_line    0x0000000000000000       0xe4 gcc/startup.o
 .debug_line    0x00000000000000e4      0x80c gcc/main.o
 .debug_line    0x00000000000008f0      0x2e0 gcc/list.o
 .debug_line    0x0000000000000bd0     0x106f gcc/queue.o
 .debug_line    0x0000000000001c3f     0x1571 gcc/tasks.o
 .debug_line    0x00000000000031b0      0x330 gcc/port.o
 .debug_line    0x00000000000034e0      0x1f6 gcc/heap_1.o
 .debug_line    0x00000000000036d6      0x38a gcc/BlockQ.o
 .debug_line    0x0000000000003a60      0x2ce gcc/PollQ.o
 .debug_line    0x0000000000003d2e      0x20e gcc/integer.o
 .debug_line    0x0000000000003f3c      0x3b0 gcc/semtest.o
 .debug_line    0x00000000000042ec      0x424 gcc/osram96x16.o
 .debug_line    0x0000000000004710      0x247 /usr/lib/gcc/arm-none-eabi/9.2.1/../../../arm-none-eabi/lib/thumb/nofp/libc.a(lib_a-memcpy-stub.o)
 .debug_line    0x0000000000004957      0x27b /usr/lib/gcc/arm-none-eabi/9.2.1/../../../arm-none-eabi/lib/thumb/nofp/libc.a(lib_a-memset.o)

.debug_str      0x0000000000000000     0x22ea
 .debug_str     0x0000000000000000      0x157 gcc/startup.o
                                        0x176 (size before relaxing)
 .debug_str     0x0000000000000157      0x34a gcc/main.o
                                        0x479 (size before relaxing)
 .debug_str     0x00000000000004a1      0x4ed gcc/list.o
                                        0x6af (size before relaxing)
 .debug_str     0x000000000000098e      0x555 gcc/queue.o
                                        0xc0e (size before relaxing)
 .debug_str     0x0000000000000ee3      0x820 gcc/tasks.o
                                       0x10fa (size before relaxing)
 .debug_str     0x0000000000001703       0xc1 gcc/port.o
                                        0x350 (size before relaxing)
 .debug_str     0x00000000000017c4       0x8b gcc/heap_1.o
                                        0x62c (size before relaxing)
 .debug_str     0x000000000000184f      0x215 gcc/BlockQ.o
                                        0x836 (size before relaxing)
 .debug_str     0x0000000000001a64       0xbf gcc/PollQ.o
                                        0x753 (size before relaxing)
 .debug_str     0x0000000000001b23       0x95 gcc/integer.o
                                        0x678 (size before relaxing)
 .debug_str     0x0000000000001bb8      0x158 gcc/semtest.o
                                        0x7e3 (size before relaxing)
 .debug_str     0x0000000000001d10      0x17d gcc/osram96x16.o
                                        0x2bc (size before relaxing)
 .debug_str     0x0000000000001e8d      0x3c4 /usr/lib/gcc/arm-none-eabi/9.2.1/../../../arm-none-eabi/lib/thumb/nofp/libc.a(lib_a-memcpy-stub.o)
                                        0x8f0 (size before relaxing)
 .debug_str     0x0000000000002251       0x99 /usr/lib/gcc/arm-none-eabi/9.2.1/../../../arm-none-eabi/lib/thumb/nofp/libc.a(lib_a-memset.o)
                                        0x8cb (size before relaxing)

.comment        0x0000000000000000      0x30b
 .comment       0x0000000000000000       0x59 gcc/startup.o
                                         0x5a (size before relaxing)
 .comment       0x0000000000000059       0x5a gcc/main.o
 .comment       0x0000000000000059       0x5a gcc/list.o
 .comment       0x0000000000000059       0x5a gcc/queue.o
 .comment       0x0000000000000059       0x5a gcc/tasks.o
 .comment       0x0000000000000059       0x5a gcc/port.o
 .comment       0x0000000000000059       0x5a gcc/heap_1.o
 .comment       0x0000000000000059       0x5a gcc/BlockQ.o
 .comment       0x0000000000000059       0x5a gcc/PollQ.o
 .comment       0x0000000000000059       0x5a gcc/integer.o
 .comment       0x0000000000000059       0x5a gcc/semtest.o
 .comment       0x0000000000000059       0x5a gcc/osram96x16.o
 .comment       0x0000000000000059       0x22 hw_include/libdriver.a(gpio_pintypei2c_.o)
 .comment       0x000000000000007b       0x22 hw_include/libdriver.a(i2c_mastercontrol_.o)
 .comment       0x000000000000009d       0x22 hw_include/libdriver.a(i2c_masterdataput_.o)
 .comment       0x00000000000000bf       0x22 hw_include/libdriver.a(i2c_masterinit_.o)
 .comment       0x00000000000000e1       0x22 hw_include/libdriver.a(i2c_masterintstatus_.o)
 .comment       0x0000000000000103       0x22 hw_include/libdriver.a(i2c_masterslaveaddrset_.o)
 .comment       0x0000000000000125       0x22 hw_include/libdriver.a(sysctl_clockget_.o)
 .comment       0x0000000000000147       0x22 hw_include/libdriver.a(sysctl_peripheralenable_.o)
 .comment       0x0000000000000169       0x22 hw_include/libdriver.a(sysctl_pulrcgcregs_.o)
 .comment       0x000000000000018b       0x22 hw_include/libdriver.a(sysctl_pulxtals_.o)
 .comment       0x00000000000001ad       0x22 hw_include/libdriver.a(uart_charnonblockingget_.o)
 .comment       0x00000000000001cf       0x22 hw_include/libdriver.a(uart_charsavail_.o)
 .comment       0x00000000000001f1       0x22 hw_include/libdriver.a(uart_configset_.o)
 .comment       0x0000000000000213       0x22 hw_include/libdriver.a(uart_disable_.o)
 .comment       0x0000000000000235       0x22 hw_include/libdriver.a(uart_enable_.o)
 .comment       0x0000000000000257       0x22 hw_include/libdriver.a(gpio_dirmodeset_.o)
 .comment       0x0000000000000279       0x22 hw_include/libdriver.a(gpio_padconfigset_.o)
 .comment       0x000000000000029b       0x22 hw_include/libdriver.a(i2c_masterenable_.o)
 .comment       0x00000000000002bd       0x4e /usr/lib/gcc/arm-none-eabi/9.2.1/../../../arm-none-eabi/lib/thumb/nofp/libc.a(lib_a-memcpy-stub.o)
                                         0x4f (size before relaxing)
 .comment       0x000000000000030b       0x4f /usr/lib/gcc/arm-none-eabi/9.2.1/../../../arm-none-eabi/lib/thumb/nofp/libc.a(lib_a-memset.o)

.ARM.attributes
                0x0000000000000000       0x2f
 .ARM.attributes
                0x0000000000000000       0x2d gcc/startup.o
 .ARM.attributes
                0x000000000000002d       0x2d gcc/main.o
 .ARM.attributes
                0x000000000000005a       0x2d gcc/list.o
 .ARM.attributes
                0x0000000000000087       0x2d gcc/queue.o
 .ARM.attributes
                0x00000000000000b4       0x2d gcc/tasks.o
 .ARM.attributes
                0x00000000000000e1       0x2d gcc/port.o
 .ARM.attributes
                0x000000000000010e       0x2d gcc/heap_1.o
 .ARM.attributes
                0x000000000000013b       0x2d gcc/BlockQ.o
 .ARM.attributes
                0x0000000000000168       0x2d gcc/PollQ.o
 .ARM.attributes
                0x0000000000000195       0x2d gcc/integer.o
 .ARM.attributes
                0x00000000000001c2       0x2d gcc/semtest.o
 .ARM.attributes
                0x00000000000001ef       0x2d gcc/osram96x16.o
 .ARM.attributes
                0x000000000000021c       0x31 hw_include/libdriver.a(gpio_pintypei2c_.o)
 .ARM.attributes
                0x000000000000024d       0x31 hw_include/libdriver.a(i2c_mastercontrol_.o)
 .ARM.attributes
                0x000000000000027e       0x31 hw_include/libdriver.a(i2c_masterdataput_.o)
 .ARM.attributes
                0x00000000000002af       0x31 hw_include/libdriver.a(i2c_masterinit_.o)
 .ARM.attributes
                0x00000000000002e0       0x31 hw_include/libdriver.a(i2c_masterintstatus_.o)
 .ARM.attributes
                0x0000000000000311       0x31 hw_include/libdriver.a(i2c_masterslaveaddrset_.o)
 .ARM.attributes
                0x0000000000000342       0x31 hw_include/libdriver.a(sysctl_clockget_.o)
 .ARM.attributes
                0x0000000000000373       0x31 hw_include/libdriver.a(sysctl_peripheralenable_.o)
 .ARM.attributes
                0x00000000000003a4       0x2f hw_include/libdriver.a(sysctl_pulrcgcregs_.o)
 .ARM.attributes
                0x00000000000003d3       0x2f hw_include/libdriver.a(sysctl_pulxtals_.o)
 .ARM.attributes
                0x0000000000000402       0x31 hw_include/libdriver.a(uart_charnonblockingget_.o)
 .ARM.attributes
                0x0000000000000433       0x31 hw_include/libdriver.a(uart_charsavail_.o)
 .ARM.attributes
                0x0000000000000464       0x31 hw_include/libdriver.a(uart_configset_.o)
 .ARM.attributes
                0x0000000000000495       0x31 hw_include/libdriver.a(uart_disable_.o)
 .ARM.attributes
                0x00000000000004c6       0x31 hw_include/libdriver.a(uart_enable_.o)
 .ARM.attributes
                0x00000000000004f7       0x31 hw_include/libdriver.a(gpio_dirmodeset_.o)
 .ARM.attributes
                0x0000000000000528       0x31 hw_include/libdriver.a(gpio_padconfigset_.o)
 .ARM.attributes
                0x0000000000000559       0x31 hw_include/libdriver.a(i2c_masterenable_.o)
 .ARM.attributes
                0x000000000000058a       0x2a /usr/lib/gcc/arm-none-eabi/9.2.1/../../../arm-none-eabi/lib/thumb/nofp/libc.a(lib_a-memcpy-stub.o)
 .ARM.attributes
                0x00000000000005b4       0x2a /usr/lib/gcc/arm-none-eabi/9.2.1/../../../arm-none-eabi/lib/thumb/nofp/libc.a(lib_a-memset.o)

.debug_frame    0x0000000000000000      0xd7c
 .debug_frame   0x0000000000000000       0x50 gcc/startup.o
 .debug_frame   0x0000000000000050      0x160 gcc/main.o
 .debug_frame   0x00000000000001b0       0x88 gcc/list.o
 .debug_frame   0x0000000000000238      0x268 gcc/queue.o
 .debug_frame   0x00000000000004a0      0x3a4 gcc/tasks.o
 .debug_frame   0x0000000000000844       0xf8 gcc/port.o
 .debug_frame   0x000000000000093c       0x58 gcc/heap_1.o
 .debug_frame   0x0000000000000994       0x9c gcc/BlockQ.o
 .debug_frame   0x0000000000000a30       0x84 gcc/PollQ.o
 .debug_frame   0x0000000000000ab4       0x60 gcc/integer.o
 .debug_frame   0x0000000000000b14       0x7c gcc/semtest.o
 .debug_frame   0x0000000000000b90      0x188 gcc/osram96x16.o
 .debug_frame   0x0000000000000d18       0x34 /usr/lib/gcc/arm-none-eabi/9.2.1/../../../arm-none-eabi/lib/thumb/nofp/libc.a(lib_a-memcpy-stub.o)
 .debug_frame   0x0000000000000d4c       0x30 /usr/lib/gcc/arm-none-eabi/9.2.1/../../../arm-none-eabi/lib/thumb/nofp/libc.a(lib_a-memset.o)

.debug_ranges   0x0000000000000000      0x990
 .debug_ranges  0x0000000000000000      0x150 gcc/main.o
 .debug_ranges  0x0000000000000150      0x2e0 gcc/queue.o
 .debug_ranges  0x0000000000000430      0x548 gcc/tasks.o
 .debug_ranges  0x0000000000000978       0x18 gcc/port.o
