Archive member included to satisfy reference by file (symbol)

hw_include/libdriver.a(gpio_pintypei2c_.o)
                              gcc/osram96x16.o (GPIOPinTypeI2C)
hw_include/libdriver.a(i2c_mastercontrol_.o)
                              gcc/osram96x16.o (I2CMasterControl)
hw_include/libdriver.a(i2c_masterdataput_.o)
                              gcc/osram96x16.o (I2CMasterDataPut)
hw_include/libdriver.a(i2c_masterinit_.o)
                              gcc/osram96x16.o (I2CMasterInit)
hw_include/libdriver.a(i2c_masterintstatus_.o)
                              gcc/osram96x16.o (I2CMasterIntStatus)
hw_include/libdriver.a(i2c_masterslaveaddrset_.o)
                              gcc/osram96x16.o (I2CMasterSlaveAddrSet)
hw_include/libdriver.a(sysctl_clockget_.o)
                              hw_include/libdriver.a(i2c_masterinit_.o) (SysCtlClockGet)
hw_include/libdriver.a(sysctl_peripheralenable_.o)
                              gcc/osram96x16.o (SysCtlPeripheralEnable)
hw_include/libdriver.a(sysctl_pulrcgcregs_.o)
                              hw_include/libdriver.a(sysctl_peripheralenable_.o) (g_pulRCGCRegs)
hw_include/libdriver.a(sysctl_pulxtals_.o)
                              hw_include/libdriver.a(sysctl_clockget_.o) (g_pulXtals)
hw_include/libdriver.a(gpio_dirmodeset_.o)
                              hw_include/libdriver.a(gpio_pintypei2c_.o) (GPIODirModeSet)
hw_include/libdriver.a(gpio_padconfigset_.o)
                              hw_include/libdriver.a(gpio_pintypei2c_.o) (GPIOPadConfigSet)
hw_include/libdriver.a(i2c_masterenable_.o)
                              hw_include/libdriver.a(i2c_masterinit_.o) (I2CMasterEnable)
/usr/lib/gcc/arm-none-eabi/9.2.1/../../../arm-none-eabi/lib/thumb/nofp/libc.a(lib_a-memcpy-stub.o)
                              gcc/queue.o (memcpy)
/usr/lib/gcc/arm-none-eabi/9.2.1/../../../arm-none-eabi/lib/thumb/nofp/libc.a(lib_a-memset.o)
                              gcc/main.o (memset)

Allocating common symbols
Common symbol       size              file

xColaSensor         0x4               gcc/main.o
xColaPromedio       0x4               gcc/main.o

Memory Configuration

Name             Origin             Length             Attributes
FLASH            0x0000000000000000 0x0000000000010000 xr
SRAM             0x0000000020000000 0x0000000000002000 xrw
*default*        0x0000000000000000 0xffffffffffffffff

Linker script and memory map


.text           0x0000000000000000     0x2c50
 *(.isr_vector)
 .isr_vector    0x0000000000000000       0xb0 gcc/startup.o
                0x0000000000000000                g_pfnVectors
 *(.text*)
 .text          0x00000000000000b0       0x68 gcc/startup.o
                0x00000000000000bc                ResetISR
 .text          0x0000000000000118      0x1f8 gcc/main.o
                0x0000000000000284                actualizarArregloCircular
                0x00000000000002b8                numeroAleatorio
                0x00000000000002e0                calcularPromedio
 .text.startup  0x0000000000000310       0x88 gcc/main.o
                0x0000000000000310                main
 .text          0x0000000000000398       0x90 gcc/list.o
                0x0000000000000398                vListInitialise
                0x00000000000003b0                vListInitialiseItem
                0x00000000000003b8                vListInsertEnd
                0x00000000000003d4                vListInsert
                0x0000000000000404                uxListRemove
 .text          0x0000000000000428      0x814 gcc/queue.o
                0x0000000000000540                xQueueGenericReset
                0x00000000000005c4                xQueueGenericCreate
                0x0000000000000608                xQueueGenericSend
                0x000000000000071c                xQueueGenericSendFromISR
                0x0000000000000794                xQueueGiveFromISR
                0x0000000000000808                xQueueReceive
                0x0000000000000924                xQueueSemaphoreTake
                0x0000000000000a2c                xQueuePeek
                0x0000000000000b3c                xQueueReceiveFromISR
                0x0000000000000bb8                xQueuePeekFromISR
                0x0000000000000bec                uxQueueMessagesWaiting
                0x0000000000000c00                uxQueueSpacesAvailable
                0x0000000000000c18                uxQueueMessagesWaitingFromISR
                0x0000000000000c1c                vQueueDelete
                0x0000000000000c20                xQueueIsQueueEmptyFromISR
                0x0000000000000c2c                xQueueIsQueueFullFromISR
 .text          0x0000000000000c3c      0xdc4 gcc/tasks.o
                0x0000000000000dd0                xTaskCreate
                0x0000000000000f88                vTaskStartScheduler
                0x0000000000000fe8                vTaskEndScheduler
                0x0000000000001008                vTaskSuspendAll
                0x000000000000101c                xTaskResumeAll
                0x0000000000001164                xTaskDelayUntil
                0x00000000000011bc                vTaskDelay
                0x00000000000011f4                xTaskGetTickCount
                0x0000000000001200                xTaskGetTickCountFromISR
                0x000000000000120c                uxTaskGetNumberOfTasks
                0x0000000000001218                pcTaskGetName
                0x000000000000122c                xTaskCatchUpTicks
                0x000000000000125c                xTaskIncrementTick
                0x0000000000001278                vTaskSwitchContext
                0x00000000000012c0                vTaskPlaceOnEventList
                0x00000000000012dc                vTaskPlaceOnUnorderedEventList
                0x000000000000131c                xTaskRemoveFromEventList
                0x00000000000013dc                vTaskRemoveFromUnorderedEventList
                0x0000000000001474                vTaskSetTimeOutState
                0x0000000000001494                vTaskInternalSetTimeOutState
                0x00000000000014a4                xTaskCheckForTimeOut
                0x00000000000014f4                vTaskMissedYield
                0x0000000000001504                uxTaskGetStackHighWaterMark
                0x0000000000001538                xTaskGetCurrentTaskHandle
                0x0000000000001544                uxTaskResetEventItemValue
                0x000000000000155c                ulTaskGenericNotifyTake
                0x00000000000015e0                xTaskGenericNotifyWait
                0x0000000000001684                xTaskGenericNotify
                0x0000000000001788                xTaskGenericNotifyFromISR
                0x00000000000018ac                vTaskGenericNotifyGiveFromISR
                0x000000000000199c                xTaskGenericNotifyStateClear
                0x00000000000019d0                ulTaskGenericNotifyValueClear
 .text          0x0000000000001a00      0x1b8 gcc/port.o
                0x0000000000001a40                pxPortInitialiseStack
                0x0000000000001a68                vPortSVCHandler
                0x0000000000001a94                vPortEndScheduler
                0x0000000000001a98                vPortEnterCritical
                0x0000000000001ab8                vPortExitCritical
                0x0000000000001acc                xPortPendSVHandler
                0x0000000000001b14                xPortSysTickHandler
                0x0000000000001b40                vPortSetupTimerInterrupt
                0x0000000000001b68                xPortStartScheduler
 .text          0x0000000000001bb8       0x8c gcc/heap_1.o
                0x0000000000001bb8                pvPortMalloc
                0x0000000000001c24                vPortFree
                0x0000000000001c28                vPortInitialiseBlocks
                0x0000000000001c34                xPortGetFreeHeapSize
 .text          0x0000000000001c44      0x1f8 gcc/BlockQ.o
                0x0000000000001cbc                vStartBlockingQueueTasks
                0x0000000000001dec                xAreBlockingQueuesStillRunning
 .text          0x0000000000001e3c      0x128 gcc/PollQ.o
                0x0000000000001ef4                vStartPolledQueueTasks
                0x0000000000001f48                xArePollingQueuesStillRunning
 .text          0x0000000000001f64       0x9c gcc/integer.o
                0x0000000000001fc4                vStartIntegerMathTasks
                0x0000000000001fec                xAreIntegerMathsTaskStillRunning
 .text          0x0000000000002000      0x1d0 gcc/semtest.o
                0x00000000000020d4                vStartSemaphoreTasks
                0x000000000000219c                xAreSemaphoreTasksStillRunning
 .text          0x00000000000021d0      0x350 gcc/osram96x16.o
                0x00000000000022bc                OSRAMClear
                0x0000000000002308                OSRAMStringDraw
                0x00000000000023c0                OSRAMImageDraw
                0x0000000000002430                OSRAMInit
                0x00000000000024b8                OSRAMDisplayOn
                0x00000000000024f8                OSRAMDisplayOff
 .text          0x0000000000002520       0x20 hw_include/libdriver.a(gpio_pintypei2c_.o)
                0x0000000000002520                GPIOPinTypeI2C
 .text          0x0000000000002540        0x4 hw_include/libdriver.a(i2c_mastercontrol_.o)
                0x0000000000002540                I2CMasterControl
 .text          0x0000000000002544        0x4 hw_include/libdriver.a(i2c_masterdataput_.o)
                0x0000000000002544                I2CMasterDataPut
 .text          0x0000000000002548       0x34 hw_include/libdriver.a(i2c_masterinit_.o)
                0x0000000000002548                I2CMasterInit
 .text          0x000000000000257c       0x18 hw_include/libdriver.a(i2c_masterintstatus_.o)
                0x000000000000257c                I2CMasterIntStatus
 .text          0x0000000000002594        0x8 hw_include/libdriver.a(i2c_masterslaveaddrset_.o)
                0x0000000000002594                I2CMasterSlaveAddrSet
 .text          0x000000000000259c       0x90 hw_include/libdriver.a(sysctl_clockget_.o)
                0x000000000000259c                SysCtlClockGet
 .text          0x000000000000262c       0x1c hw_include/libdriver.a(sysctl_peripheralenable_.o)
                0x000000000000262c                SysCtlPeripheralEnable
 .text          0x0000000000002648        0x0 hw_include/libdriver.a(sysctl_pulrcgcregs_.o)
 .text          0x0000000000002648        0x0 hw_include/libdriver.a(sysctl_pulxtals_.o)
 .text          0x0000000000002648       0x48 hw_include/libdriver.a(gpio_dirmodeset_.o)
                0x0000000000002648                GPIODirModeSet
 .text          0x0000000000002690      0x11c hw_include/libdriver.a(gpio_padconfigset_.o)
                0x0000000000002690                GPIOPadConfigSet
 .text          0x00000000000027ac        0xc hw_include/libdriver.a(i2c_masterenable_.o)
                0x00000000000027ac                I2CMasterEnable
 .text          0x00000000000027b8       0xac /usr/lib/gcc/arm-none-eabi/9.2.1/../../../arm-none-eabi/lib/thumb/nofp/libc.a(lib_a-memcpy-stub.o)
                0x00000000000027b8                memcpy
 .text          0x0000000000002864       0xb0 /usr/lib/gcc/arm-none-eabi/9.2.1/../../../arm-none-eabi/lib/thumb/nofp/libc.a(lib_a-memset.o)
                0x0000000000002864                memset
 *(.rodata*)
 .rodata.str1.4
                0x0000000000002914       0x2d gcc/main.o
 *fill*         0x0000000000002941        0x3 
 .rodata.str1.4
                0x0000000000002944        0x5 gcc/tasks.o
 *fill*         0x0000000000002949        0x3 
 .rodata.str1.4
                0x000000000000294c       0x30 gcc/BlockQ.o
 .rodata.str1.4
                0x000000000000297c       0x10 gcc/PollQ.o
 .rodata.str1.4
                0x000000000000298c        0x8 gcc/integer.o
 .rodata.str1.4
                0x0000000000002994       0x20 gcc/semtest.o
 .rodata        0x00000000000029b4      0x25d gcc/osram96x16.o
 *fill*         0x0000000000002c11        0x3 
 .rodata        0x0000000000002c14        0xc hw_include/libdriver.a(sysctl_pulrcgcregs_.o)
                0x0000000000002c14                g_pulRCGCRegs
 .rodata        0x0000000000002c20       0x30 hw_include/libdriver.a(sysctl_pulxtals_.o)
                0x0000000000002c20                g_pulXtals
                0x0000000000002c50                _etext = .

.glue_7         0x0000000000002c50        0x0
 .glue_7        0x0000000000002c50        0x0 linker stubs

.glue_7t        0x0000000000002c50        0x0
 .glue_7t       0x0000000000002c50        0x0 linker stubs

.vfp11_veneer   0x0000000000002c50        0x0
 .vfp11_veneer  0x0000000000002c50        0x0 linker stubs

.v4_bx          0x0000000000002c50        0x0
 .v4_bx         0x0000000000002c50        0x0 linker stubs

.iplt           0x0000000000002c50        0x0
 .iplt          0x0000000000002c50        0x0 gcc/startup.o

.rel.dyn        0x0000000000002c50        0x0
 .rel.iplt      0x0000000000002c50        0x0 gcc/startup.o

.data           0x0000000020000000       0x10 load address 0x0000000000002c50
                0x0000000020000000                _data = .
 *(vtable)
 *(.data)
 .data          0x0000000020000000        0x0 gcc/startup.o
 .data          0x0000000020000000        0x8 gcc/main.o
 .data          0x0000000020000008        0x0 gcc/list.o
 .data          0x0000000020000008        0x0 gcc/queue.o
 .data          0x0000000020000008        0x4 gcc/tasks.o
                0x0000000020000008                uxTopUsedPriority
 .data          0x000000002000000c        0x4 gcc/port.o
 .data          0x0000000020000010        0x0 gcc/heap_1.o
 .data          0x0000000020000010        0x0 gcc/BlockQ.o
 .data          0x0000000020000010        0x0 gcc/PollQ.o
 .data          0x0000000020000010        0x0 gcc/integer.o
 .data          0x0000000020000010        0x0 gcc/semtest.o
 .data          0x0000000020000010        0x0 gcc/osram96x16.o
 .data          0x0000000020000010        0x0 hw_include/libdriver.a(gpio_pintypei2c_.o)
 .data          0x0000000020000010        0x0 hw_include/libdriver.a(i2c_mastercontrol_.o)
 .data          0x0000000020000010        0x0 hw_include/libdriver.a(i2c_masterdataput_.o)
 .data          0x0000000020000010        0x0 hw_include/libdriver.a(i2c_masterinit_.o)
 .data          0x0000000020000010        0x0 hw_include/libdriver.a(i2c_masterintstatus_.o)
 .data          0x0000000020000010        0x0 hw_include/libdriver.a(i2c_masterslaveaddrset_.o)
 .data          0x0000000020000010        0x0 hw_include/libdriver.a(sysctl_clockget_.o)
 .data          0x0000000020000010        0x0 hw_include/libdriver.a(sysctl_peripheralenable_.o)
 .data          0x0000000020000010        0x0 hw_include/libdriver.a(sysctl_pulrcgcregs_.o)
 .data          0x0000000020000010        0x0 hw_include/libdriver.a(sysctl_pulxtals_.o)
 .data          0x0000000020000010        0x0 hw_include/libdriver.a(gpio_dirmodeset_.o)
 .data          0x0000000020000010        0x0 hw_include/libdriver.a(gpio_padconfigset_.o)
 .data          0x0000000020000010        0x0 hw_include/libdriver.a(i2c_masterenable_.o)
 .data          0x0000000020000010        0x0 /usr/lib/gcc/arm-none-eabi/9.2.1/../../../arm-none-eabi/lib/thumb/nofp/libc.a(lib_a-memcpy-stub.o)
 .data          0x0000000020000010        0x0 /usr/lib/gcc/arm-none-eabi/9.2.1/../../../arm-none-eabi/lib/thumb/nofp/libc.a(lib_a-memset.o)
                0x0000000020000010                _edata = .

.igot.plt       0x0000000020000010        0x0 load address 0x0000000000002c60
 .igot.plt      0x0000000020000010        0x0 gcc/startup.o

.bss            0x0000000020000010     0x15bc load address 0x0000000000002c60
                0x0000000020000010                _bss = .
 *(.bss)
 .bss           0x0000000020000010      0x100 gcc/startup.o
 .bss           0x0000000020000110        0x4 gcc/main.o
 .bss           0x0000000020000114        0x0 gcc/list.o
 .bss           0x0000000020000114        0x0 gcc/queue.o
 .bss           0x0000000020000114       0xd8 gcc/tasks.o
                0x0000000020000118                pxCurrentTCB
 .bss           0x00000000200001ec        0x0 gcc/port.o
 .bss           0x00000000200001ec     0x1390 gcc/heap_1.o
 .bss           0x000000002000157c       0x1e gcc/BlockQ.o
 *fill*         0x000000002000159a        0x2 
 .bss           0x000000002000159c        0xc gcc/PollQ.o
 .bss           0x00000000200015a8        0x4 gcc/integer.o
 .bss           0x00000000200015ac       0x14 gcc/semtest.o
 .bss           0x00000000200015c0        0x4 gcc/osram96x16.o
 .bss           0x00000000200015c4        0x0 hw_include/libdriver.a(gpio_pintypei2c_.o)
 .bss           0x00000000200015c4        0x0 hw_include/libdriver.a(i2c_mastercontrol_.o)
 .bss           0x00000000200015c4        0x0 hw_include/libdriver.a(i2c_masterdataput_.o)
 .bss           0x00000000200015c4        0x0 hw_include/libdriver.a(i2c_masterinit_.o)
 .bss           0x00000000200015c4        0x0 hw_include/libdriver.a(i2c_masterintstatus_.o)
 .bss           0x00000000200015c4        0x0 hw_include/libdriver.a(i2c_masterslaveaddrset_.o)
 .bss           0x00000000200015c4        0x0 hw_include/libdriver.a(sysctl_clockget_.o)
 .bss           0x00000000200015c4        0x0 hw_include/libdriver.a(sysctl_peripheralenable_.o)
 .bss           0x00000000200015c4        0x0 hw_include/libdriver.a(sysctl_pulrcgcregs_.o)
 .bss           0x00000000200015c4        0x0 hw_include/libdriver.a(sysctl_pulxtals_.o)
 .bss           0x00000000200015c4        0x0 hw_include/libdriver.a(gpio_dirmodeset_.o)
 .bss           0x00000000200015c4        0x0 hw_include/libdriver.a(gpio_padconfigset_.o)
 .bss           0x00000000200015c4        0x0 hw_include/libdriver.a(i2c_masterenable_.o)
 .bss           0x00000000200015c4        0x0 /usr/lib/gcc/arm-none-eabi/9.2.1/../../../arm-none-eabi/lib/thumb/nofp/libc.a(lib_a-memcpy-stub.o)
 .bss           0x00000000200015c4        0x0 /usr/lib/gcc/arm-none-eabi/9.2.1/../../../arm-none-eabi/lib/thumb/nofp/libc.a(lib_a-memset.o)
 *(COMMON)
 COMMON         0x00000000200015c4        0x8 gcc/main.o
                0x00000000200015c4                xColaSensor
                0x00000000200015c8                xColaPromedio
                0x00000000200015cc                _ebss = .
LOAD gcc/startup.o
LOAD gcc/main.o
LOAD gcc/list.o
LOAD gcc/queue.o
LOAD gcc/tasks.o
LOAD gcc/port.o
LOAD gcc/heap_1.o
LOAD gcc/BlockQ.o
LOAD gcc/PollQ.o
LOAD gcc/integer.o
LOAD gcc/semtest.o
LOAD gcc/osram96x16.o
LOAD hw_include/libdriver.a
LOAD /usr/lib/gcc/arm-none-eabi/9.2.1/../../../arm-none-eabi/lib/thumb/nofp/libc.a
LOAD /usr/lib/gcc/arm-none-eabi/9.2.1/thumb/nofp/libgcc.a
OUTPUT(gcc/RTOSDemo.axf elf32-littlearm)
LOAD linker stubs

.debug_info     0x0000000000000000     0xc680
 .debug_info    0x0000000000000000      0x155 gcc/startup.o
 .debug_info    0x0000000000000155      0x7bf gcc/main.o
 .debug_info    0x0000000000000914      0xb6e gcc/list.o
 .debug_info    0x0000000000001482     0x2259 gcc/queue.o
 .debug_info    0x00000000000036db     0x2728 gcc/tasks.o
 .debug_info    0x0000000000005e03      0x38f gcc/port.o
 .debug_info    0x0000000000006192      0xa54 gcc/heap_1.o
 .debug_info    0x0000000000006be6      0xeac gcc/BlockQ.o
 .debug_info    0x0000000000007a92      0xc6d gcc/PollQ.o
 .debug_info    0x00000000000086ff      0xacb gcc/integer.o
 .debug_info    0x00000000000091ca      0xdda gcc/semtest.o
 .debug_info    0x0000000000009fa4      0x886 gcc/osram96x16.o
 .debug_info    0x000000000000a82a      0xf35 /usr/lib/gcc/arm-none-eabi/9.2.1/../../../arm-none-eabi/lib/thumb/nofp/libc.a(lib_a-memcpy-stub.o)
 .debug_info    0x000000000000b75f      0xf21 /usr/lib/gcc/arm-none-eabi/9.2.1/../../../arm-none-eabi/lib/thumb/nofp/libc.a(lib_a-memset.o)

.debug_abbrev   0x0000000000000000     0x2447
 .debug_abbrev  0x0000000000000000       0xe8 gcc/startup.o
 .debug_abbrev  0x00000000000000e8      0x268 gcc/main.o
 .debug_abbrev  0x0000000000000350      0x249 gcc/list.o
 .debug_abbrev  0x0000000000000599      0x416 gcc/queue.o
 .debug_abbrev  0x00000000000009af      0x580 gcc/tasks.o
 .debug_abbrev  0x0000000000000f2f      0x218 gcc/port.o
 .debug_abbrev  0x0000000000001147      0x296 gcc/heap_1.o
 .debug_abbrev  0x00000000000013dd      0x2da gcc/BlockQ.o
 .debug_abbrev  0x00000000000016b7      0x29e gcc/PollQ.o
 .debug_abbrev  0x0000000000001955      0x291 gcc/integer.o
 .debug_abbrev  0x0000000000001be6      0x2d4 gcc/semtest.o
 .debug_abbrev  0x0000000000001eba      0x153 gcc/osram96x16.o
 .debug_abbrev  0x000000000000200d      0x223 /usr/lib/gcc/arm-none-eabi/9.2.1/../../../arm-none-eabi/lib/thumb/nofp/libc.a(lib_a-memcpy-stub.o)
 .debug_abbrev  0x0000000000002230      0x217 /usr/lib/gcc/arm-none-eabi/9.2.1/../../../arm-none-eabi/lib/thumb/nofp/libc.a(lib_a-memset.o)

.debug_loc      0x0000000000000000     0x4777
 .debug_loc     0x0000000000000000       0x62 gcc/startup.o
 .debug_loc     0x0000000000000062      0x363 gcc/main.o
 .debug_loc     0x00000000000003c5       0xbc gcc/list.o
 .debug_loc     0x0000000000000481     0x1558 gcc/queue.o
 .debug_loc     0x00000000000019d9     0x1a5e gcc/tasks.o
 .debug_loc     0x0000000000003437       0xbe gcc/port.o
 .debug_loc     0x00000000000034f5       0x97 gcc/heap_1.o
 .debug_loc     0x000000000000358c      0x244 gcc/BlockQ.o
 .debug_loc     0x00000000000037d0      0x163 gcc/PollQ.o
 .debug_loc     0x0000000000003933      0x124 gcc/integer.o
 .debug_loc     0x0000000000003a57      0x1ac gcc/semtest.o
 .debug_loc     0x0000000000003c03      0x414 gcc/osram96x16.o
 .debug_loc     0x0000000000004017      0x481 /usr/lib/gcc/arm-none-eabi/9.2.1/../../../arm-none-eabi/lib/thumb/nofp/libc.a(lib_a-memcpy-stub.o)
 .debug_loc     0x0000000000004498      0x2df /usr/lib/gcc/arm-none-eabi/9.2.1/../../../arm-none-eabi/lib/thumb/nofp/libc.a(lib_a-memset.o)

.debug_aranges  0x0000000000000000      0x1c8
 .debug_aranges
                0x0000000000000000       0x20 gcc/startup.o
 .debug_aranges
                0x0000000000000020       0x28 gcc/main.o
 .debug_aranges
                0x0000000000000048       0x20 gcc/list.o
 .debug_aranges
                0x0000000000000068       0x20 gcc/queue.o
 .debug_aranges
                0x0000000000000088       0x20 gcc/tasks.o
 .debug_aranges
                0x00000000000000a8       0x20 gcc/port.o
 .debug_aranges
                0x00000000000000c8       0x20 gcc/heap_1.o
 .debug_aranges
                0x00000000000000e8       0x20 gcc/BlockQ.o
 .debug_aranges
                0x0000000000000108       0x20 gcc/PollQ.o
 .debug_aranges
                0x0000000000000128       0x20 gcc/integer.o
 .debug_aranges
                0x0000000000000148       0x20 gcc/semtest.o
 .debug_aranges
                0x0000000000000168       0x20 gcc/osram96x16.o
 .debug_aranges
                0x0000000000000188       0x20 /usr/lib/gcc/arm-none-eabi/9.2.1/../../../arm-none-eabi/lib/thumb/nofp/libc.a(lib_a-memcpy-stub.o)
 .debug_aranges
                0x00000000000001a8       0x20 /usr/lib/gcc/arm-none-eabi/9.2.1/../../../arm-none-eabi/lib/thumb/nofp/libc.a(lib_a-memset.o)

.debug_line     0x0000000000000000     0x4996
 .debug_line    0x0000000000000000       0xe4 gcc/startup.o
 .debug_line    0x00000000000000e4      0x5d0 gcc/main.o
 .debug_line    0x00000000000006b4      0x2e0 gcc/list.o
 .debug_line    0x0000000000000994     0x106f gcc/queue.o
 .debug_line    0x0000000000001a03     0x1571 gcc/tasks.o
 .debug_line    0x0000000000002f74      0x330 gcc/port.o
 .debug_line    0x00000000000032a4      0x1f6 gcc/heap_1.o
 .debug_line    0x000000000000349a      0x38a gcc/BlockQ.o
 .debug_line    0x0000000000003824      0x2ce gcc/PollQ.o
 .debug_line    0x0000000000003af2      0x20e gcc/integer.o
 .debug_line    0x0000000000003d00      0x3b0 gcc/semtest.o
 .debug_line    0x00000000000040b0      0x424 gcc/osram96x16.o
 .debug_line    0x00000000000044d4      0x247 /usr/lib/gcc/arm-none-eabi/9.2.1/../../../arm-none-eabi/lib/thumb/nofp/libc.a(lib_a-memcpy-stub.o)
 .debug_line    0x000000000000471b      0x27b /usr/lib/gcc/arm-none-eabi/9.2.1/../../../arm-none-eabi/lib/thumb/nofp/libc.a(lib_a-memset.o)

.debug_str      0x0000000000000000     0x2246
 .debug_str     0x0000000000000000      0x157 gcc/startup.o
                                        0x176 (size before relaxing)
 .debug_str     0x0000000000000157      0x280 gcc/main.o
                                        0x3a5 (size before relaxing)
 .debug_str     0x00000000000003d7      0x4ed gcc/list.o
                                        0x6af (size before relaxing)
 .debug_str     0x00000000000008c4      0x555 gcc/queue.o
                                        0xc0e (size before relaxing)
 .debug_str     0x0000000000000e19      0x820 gcc/tasks.o
                                       0x10fa (size before relaxing)
 .debug_str     0x0000000000001639       0xc1 gcc/port.o
                                        0x350 (size before relaxing)
 .debug_str     0x00000000000016fa       0x8b gcc/heap_1.o
                                        0x62c (size before relaxing)
 .debug_str     0x0000000000001785      0x215 gcc/BlockQ.o
                                        0x836 (size before relaxing)
 .debug_str     0x000000000000199a       0xbf gcc/PollQ.o
                                        0x753 (size before relaxing)
 .debug_str     0x0000000000001a59       0x95 gcc/integer.o
                                        0x678 (size before relaxing)
 .debug_str     0x0000000000001aee      0x158 gcc/semtest.o
                                        0x7e3 (size before relaxing)
 .debug_str     0x0000000000001c46      0x1a3 gcc/osram96x16.o
                                        0x2bc (size before relaxing)
 .debug_str     0x0000000000001de9      0x3c4 /usr/lib/gcc/arm-none-eabi/9.2.1/../../../arm-none-eabi/lib/thumb/nofp/libc.a(lib_a-memcpy-stub.o)
                                        0x8f0 (size before relaxing)
 .debug_str     0x00000000000021ad       0x99 /usr/lib/gcc/arm-none-eabi/9.2.1/../../../arm-none-eabi/lib/thumb/nofp/libc.a(lib_a-memset.o)
                                        0x8cb (size before relaxing)

.comment        0x0000000000000000      0x261
 .comment       0x0000000000000000       0x59 gcc/startup.o
                                         0x5a (size before relaxing)
 .comment       0x0000000000000059       0x5a gcc/main.o
 .comment       0x0000000000000059       0x5a gcc/list.o
 .comment       0x0000000000000059       0x5a gcc/queue.o
 .comment       0x0000000000000059       0x5a gcc/tasks.o
 .comment       0x0000000000000059       0x5a gcc/port.o
 .comment       0x0000000000000059       0x5a gcc/heap_1.o
 .comment       0x0000000000000059       0x5a gcc/BlockQ.o
 .comment       0x0000000000000059       0x5a gcc/PollQ.o
 .comment       0x0000000000000059       0x5a gcc/integer.o
 .comment       0x0000000000000059       0x5a gcc/semtest.o
 .comment       0x0000000000000059       0x5a gcc/osram96x16.o
 .comment       0x0000000000000059       0x22 hw_include/libdriver.a(gpio_pintypei2c_.o)
 .comment       0x000000000000007b       0x22 hw_include/libdriver.a(i2c_mastercontrol_.o)
 .comment       0x000000000000009d       0x22 hw_include/libdriver.a(i2c_masterdataput_.o)
 .comment       0x00000000000000bf       0x22 hw_include/libdriver.a(i2c_masterinit_.o)
 .comment       0x00000000000000e1       0x22 hw_include/libdriver.a(i2c_masterintstatus_.o)
 .comment       0x0000000000000103       0x22 hw_include/libdriver.a(i2c_masterslaveaddrset_.o)
 .comment       0x0000000000000125       0x22 hw_include/libdriver.a(sysctl_clockget_.o)
 .comment       0x0000000000000147       0x22 hw_include/libdriver.a(sysctl_peripheralenable_.o)
 .comment       0x0000000000000169       0x22 hw_include/libdriver.a(sysctl_pulrcgcregs_.o)
 .comment       0x000000000000018b       0x22 hw_include/libdriver.a(sysctl_pulxtals_.o)
 .comment       0x00000000000001ad       0x22 hw_include/libdriver.a(gpio_dirmodeset_.o)
 .comment       0x00000000000001cf       0x22 hw_include/libdriver.a(gpio_padconfigset_.o)
 .comment       0x00000000000001f1       0x22 hw_include/libdriver.a(i2c_masterenable_.o)
 .comment       0x0000000000000213       0x4e /usr/lib/gcc/arm-none-eabi/9.2.1/../../../arm-none-eabi/lib/thumb/nofp/libc.a(lib_a-memcpy-stub.o)
                                         0x4f (size before relaxing)
 .comment       0x0000000000000261       0x4f /usr/lib/gcc/arm-none-eabi/9.2.1/../../../arm-none-eabi/lib/thumb/nofp/libc.a(lib_a-memset.o)

.ARM.attributes
                0x0000000000000000       0x2f
 .ARM.attributes
                0x0000000000000000       0x2d gcc/startup.o
 .ARM.attributes
                0x000000000000002d       0x2d gcc/main.o
 .ARM.attributes
                0x000000000000005a       0x2d gcc/list.o
 .ARM.attributes
                0x0000000000000087       0x2d gcc/queue.o
 .ARM.attributes
                0x00000000000000b4       0x2d gcc/tasks.o
 .ARM.attributes
                0x00000000000000e1       0x2d gcc/port.o
 .ARM.attributes
                0x000000000000010e       0x2d gcc/heap_1.o
 .ARM.attributes
                0x000000000000013b       0x2d gcc/BlockQ.o
 .ARM.attributes
                0x0000000000000168       0x2d gcc/PollQ.o
 .ARM.attributes
                0x0000000000000195       0x2d gcc/integer.o
 .ARM.attributes
                0x00000000000001c2       0x2d gcc/semtest.o
 .ARM.attributes
                0x00000000000001ef       0x2d gcc/osram96x16.o
 .ARM.attributes
                0x000000000000021c       0x31 hw_include/libdriver.a(gpio_pintypei2c_.o)
 .ARM.attributes
                0x000000000000024d       0x31 hw_include/libdriver.a(i2c_mastercontrol_.o)
 .ARM.attributes
                0x000000000000027e       0x31 hw_include/libdriver.a(i2c_masterdataput_.o)
 .ARM.attributes
                0x00000000000002af       0x31 hw_include/libdriver.a(i2c_masterinit_.o)
 .ARM.attributes
                0x00000000000002e0       0x31 hw_include/libdriver.a(i2c_masterintstatus_.o)
 .ARM.attributes
                0x0000000000000311       0x31 hw_include/libdriver.a(i2c_masterslaveaddrset_.o)
 .ARM.attributes
                0x0000000000000342       0x31 hw_include/libdriver.a(sysctl_clockget_.o)
 .ARM.attributes
                0x0000000000000373       0x31 hw_include/libdriver.a(sysctl_peripheralenable_.o)
 .ARM.attributes
                0x00000000000003a4       0x2f hw_include/libdriver.a(sysctl_pulrcgcregs_.o)
 .ARM.attributes
                0x00000000000003d3       0x2f hw_include/libdriver.a(sysctl_pulxtals_.o)
 .ARM.attributes
                0x0000000000000402       0x31 hw_include/libdriver.a(gpio_dirmodeset_.o)
 .ARM.attributes
                0x0000000000000433       0x31 hw_include/libdriver.a(gpio_padconfigset_.o)
 .ARM.attributes
                0x0000000000000464       0x31 hw_include/libdriver.a(i2c_masterenable_.o)
 .ARM.attributes
                0x0000000000000495       0x2a /usr/lib/gcc/arm-none-eabi/9.2.1/../../../arm-none-eabi/lib/thumb/nofp/libc.a(lib_a-memcpy-stub.o)
 .ARM.attributes
                0x00000000000004bf       0x2a /usr/lib/gcc/arm-none-eabi/9.2.1/../../../arm-none-eabi/lib/thumb/nofp/libc.a(lib_a-memset.o)

.debug_frame    0x0000000000000000      0xcf0
 .debug_frame   0x0000000000000000       0x50 gcc/startup.o
 .debug_frame   0x0000000000000050       0xd4 gcc/main.o
 .debug_frame   0x0000000000000124       0x88 gcc/list.o
 .debug_frame   0x00000000000001ac      0x268 gcc/queue.o
 .debug_frame   0x0000000000000414      0x3a4 gcc/tasks.o
 .debug_frame   0x00000000000007b8       0xf8 gcc/port.o
 .debug_frame   0x00000000000008b0       0x58 gcc/heap_1.o
 .debug_frame   0x0000000000000908       0x9c gcc/BlockQ.o
 .debug_frame   0x00000000000009a4       0x84 gcc/PollQ.o
 .debug_frame   0x0000000000000a28       0x60 gcc/integer.o
 .debug_frame   0x0000000000000a88       0x7c gcc/semtest.o
 .debug_frame   0x0000000000000b04      0x188 gcc/osram96x16.o
 .debug_frame   0x0000000000000c8c       0x34 /usr/lib/gcc/arm-none-eabi/9.2.1/../../../arm-none-eabi/lib/thumb/nofp/libc.a(lib_a-memcpy-stub.o)
 .debug_frame   0x0000000000000cc0       0x30 /usr/lib/gcc/arm-none-eabi/9.2.1/../../../arm-none-eabi/lib/thumb/nofp/libc.a(lib_a-memset.o)

.debug_ranges   0x0000000000000000      0x918
 .debug_ranges  0x0000000000000000       0xd8 gcc/main.o
 .debug_ranges  0x00000000000000d8      0x2e0 gcc/queue.o
 .debug_ranges  0x00000000000003b8      0x548 gcc/tasks.o
 .debug_ranges  0x0000000000000900       0x18 gcc/port.o
