Archive member included to satisfy reference by file (symbol)

hw_include/libdriver.a(gpio_pintypei2c_.o)
                              gcc/osram96x16.o (GPIOPinTypeI2C)
hw_include/libdriver.a(i2c_mastercontrol_.o)
                              gcc/osram96x16.o (I2CMasterControl)
hw_include/libdriver.a(i2c_masterdataput_.o)
                              gcc/osram96x16.o (I2CMasterDataPut)
hw_include/libdriver.a(i2c_masterinit_.o)
                              gcc/osram96x16.o (I2CMasterInit)
hw_include/libdriver.a(i2c_masterintstatus_.o)
                              gcc/osram96x16.o (I2CMasterIntStatus)
hw_include/libdriver.a(i2c_masterslaveaddrset_.o)
                              gcc/osram96x16.o (I2CMasterSlaveAddrSet)
hw_include/libdriver.a(interrupt_masterenable_.o)
                              gcc/main.o (IntMasterEnable)
hw_include/libdriver.a(sysctl_clockget_.o)
                              hw_include/libdriver.a(i2c_masterinit_.o) (SysCtlClockGet)
hw_include/libdriver.a(sysctl_peripheralenable_.o)
                              gcc/main.o (SysCtlPeripheralEnable)
hw_include/libdriver.a(sysctl_pulrcgcregs_.o)
                              hw_include/libdriver.a(sysctl_peripheralenable_.o) (g_pulRCGCRegs)
hw_include/libdriver.a(sysctl_pulxtals_.o)
                              hw_include/libdriver.a(sysctl_clockget_.o) (g_pulXtals)
hw_include/libdriver.a(timer_configure_.o)
                              gcc/main.o (TimerConfigure)
hw_include/libdriver.a(timer_enable_.o)
                              gcc/main.o (TimerEnable)
hw_include/libdriver.a(timer_intclear_.o)
                              gcc/main.o (TimerIntClear)
hw_include/libdriver.a(timer_intenable_.o)
                              gcc/main.o (TimerIntEnable)
hw_include/libdriver.a(timer_intregister_.o)
                              gcc/main.o (TimerIntRegister)
hw_include/libdriver.a(timer_loadset_.o)
                              gcc/main.o (TimerLoadSet)
hw_include/libdriver.a(uart_charnonblockingget_.o)
                              gcc/main.o (UARTCharNonBlockingGet)
hw_include/libdriver.a(uart_charput_.o)
                              gcc/main.o (UARTCharPut)
hw_include/libdriver.a(uart_charsavail_.o)
                              gcc/main.o (UARTCharsAvail)
hw_include/libdriver.a(uart_configset_.o)
                              gcc/main.o (UARTConfigSet)
hw_include/libdriver.a(uart_disable_.o)
                              hw_include/libdriver.a(uart_configset_.o) (UARTDisable)
hw_include/libdriver.a(uart_enable_.o)
                              hw_include/libdriver.a(uart_configset_.o) (UARTEnable)
hw_include/libdriver.a(cpu_cpsie_.o)
                              hw_include/libdriver.a(interrupt_masterenable_.o) (CPUcpsie)
hw_include/libdriver.a(gpio_dirmodeset_.o)
                              hw_include/libdriver.a(gpio_pintypei2c_.o) (GPIODirModeSet)
hw_include/libdriver.a(gpio_padconfigset_.o)
                              hw_include/libdriver.a(gpio_pintypei2c_.o) (GPIOPadConfigSet)
hw_include/libdriver.a(i2c_masterenable_.o)
                              hw_include/libdriver.a(i2c_masterinit_.o) (I2CMasterEnable)
hw_include/libdriver.a(interrupt_enable_.o)
                              hw_include/libdriver.a(timer_intregister_.o) (IntEnable)
hw_include/libdriver.a(interrupt_register_.o)
                              hw_include/libdriver.a(timer_intregister_.o) (IntRegister)
hw_include/libdriver.a(interrupt_vtable_.o)
                              hw_include/libdriver.a(interrupt_register_.o) (g_pfnRAMVectors)
/usr/lib/gcc/arm-none-eabi/9.2.1/../../../arm-none-eabi/lib/thumb/nofp/libc.a(lib_a-memcpy-stub.o)
                              gcc/queue.o (memcpy)
/usr/lib/gcc/arm-none-eabi/9.2.1/../../../arm-none-eabi/lib/thumb/nofp/libc.a(lib_a-memset.o)
                              gcc/main.o (memset)
/usr/lib/gcc/arm-none-eabi/9.2.1/../../../arm-none-eabi/lib/thumb/nofp/libc.a(lib_a-utoa.o)
                              gcc/main.o (utoa)
/usr/lib/gcc/arm-none-eabi/9.2.1/thumb/nofp/libgcc.a(_udivsi3.o)
                              /usr/lib/gcc/arm-none-eabi/9.2.1/../../../arm-none-eabi/lib/thumb/nofp/libc.a(lib_a-utoa.o) (__aeabi_uidivmod)
/usr/lib/gcc/arm-none-eabi/9.2.1/thumb/nofp/libgcc.a(_dvmd_tls.o)
                              /usr/lib/gcc/arm-none-eabi/9.2.1/thumb/nofp/libgcc.a(_udivsi3.o) (__aeabi_idiv0)

Allocating common symbols
Common symbol       size              file

pxTaskStatusArray   0x4               gcc/main.o
ulHighFrequencyTimerTicks
                    0x4               gcc/main.o
xColaSensor         0x4               gcc/main.o
xColaPromedio       0x4               gcc/main.o

Memory Configuration

Name             Origin             Length             Attributes
FLASH            0x0000000000000000 0x0000000000010000 xr
SRAM             0x0000000020000000 0x0000000000002000 xrw
*default*        0x0000000000000000 0xffffffffffffffff

Linker script and memory map


.text           0x0000000000000000     0x375d
 *(.isr_vector)
 .isr_vector    0x0000000000000000       0xb0 gcc/startup.o
                0x0000000000000000                g_pfnVectors
 *(.text*)
 .text          0x00000000000000b0       0x68 gcc/startup.o
                0x00000000000000bc                ResetISR
 .text          0x0000000000000118      0x618 gcc/main.o
                0x00000000000001d8                Timer0IntHandler
                0x00000000000001f4                iniciarDisplay
                0x00000000000001fc                iniciarUART
                0x000000000000021c                dibujarEjes
                0x00000000000002ac                configurarTimer0
                0x00000000000002f8                enviarCadenaUART0
                0x0000000000000328                imprimirEstadisticas
                0x0000000000000444                actualizarArregloCircular
                0x0000000000000478                actualizarTamVentana
                0x0000000000000564                numeroAleatorio
                0x000000000000058c                calcularPromedio
                0x00000000000005bc                atoi
                0x00000000000005e8                obtenerCaracterEquivalente
                0x0000000000000724                obtenerValor
 .text.startup  0x0000000000000730       0xb0 gcc/main.o
                0x0000000000000730                main
 .text          0x00000000000007e0       0x90 gcc/list.o
                0x00000000000007e0                vListInitialise
                0x00000000000007f8                vListInitialiseItem
                0x0000000000000800                vListInsertEnd
                0x000000000000081c                vListInsert
                0x000000000000084c                uxListRemove
 .text          0x0000000000000870      0x82c gcc/queue.o
                0x0000000000000988                xQueueGenericReset
                0x0000000000000a0c                xQueueGenericCreate
                0x0000000000000a58                xQueueGenericSend
                0x0000000000000b6c                xQueueGenericSendFromISR
                0x0000000000000be4                xQueueGiveFromISR
                0x0000000000000c58                xQueueReceive
                0x0000000000000d74                xQueueSemaphoreTake
                0x0000000000000e7c                xQueuePeek
                0x0000000000000f8c                xQueueReceiveFromISR
                0x0000000000001008                xQueuePeekFromISR
                0x000000000000103c                uxQueueMessagesWaiting
                0x0000000000001050                uxQueueSpacesAvailable
                0x0000000000001068                uxQueueMessagesWaitingFromISR
                0x000000000000106c                vQueueDelete
                0x0000000000001070                uxQueueGetQueueNumber
                0x0000000000001074                vQueueSetQueueNumber
                0x0000000000001078                ucQueueGetQueueType
                0x0000000000001080                xQueueIsQueueEmptyFromISR
                0x000000000000108c                xQueueIsQueueFullFromISR
 .text          0x000000000000109c      0xff0 gcc/tasks.o
                0x0000000000001230                xTaskCreate
                0x00000000000013f0                eTaskGetState
                0x0000000000001424                vTaskStartScheduler
                0x0000000000001488                vTaskEndScheduler
                0x00000000000014a8                vTaskSuspendAll
                0x00000000000014bc                xTaskResumeAll
                0x0000000000001604                xTaskDelayUntil
                0x000000000000165c                vTaskDelay
                0x0000000000001694                xTaskGetTickCount
                0x00000000000016a0                xTaskGetTickCountFromISR
                0x00000000000016ac                uxTaskGetNumberOfTasks
                0x00000000000016b8                pcTaskGetName
                0x00000000000016cc                xTaskCatchUpTicks
                0x00000000000016fc                xTaskIncrementTick
                0x0000000000001718                vTaskSwitchContext
                0x0000000000001794                vTaskPlaceOnEventList
                0x00000000000017b0                vTaskPlaceOnUnorderedEventList
                0x00000000000017f0                xTaskRemoveFromEventList
                0x00000000000018b0                vTaskRemoveFromUnorderedEventList
                0x0000000000001948                vTaskSetTimeOutState
                0x0000000000001968                vTaskInternalSetTimeOutState
                0x0000000000001978                xTaskCheckForTimeOut
                0x00000000000019c8                vTaskMissedYield
                0x00000000000019d8                uxTaskGetTaskNumber
                0x00000000000019e0                vTaskSetTaskNumber
                0x00000000000019e8                vTaskGetInfo
                0x0000000000001ae0                uxTaskGetSystemState
                0x0000000000001b7c                uxTaskGetStackHighWaterMark
                0x0000000000001bb0                xTaskGetCurrentTaskHandle
                0x0000000000001bbc                uxTaskResetEventItemValue
                0x0000000000001bd4                ulTaskGenericNotifyTake
                0x0000000000001c60                xTaskGenericNotifyWait
                0x0000000000001d08                xTaskGenericNotify
                0x0000000000001e10                xTaskGenericNotifyFromISR
                0x0000000000001f38                vTaskGenericNotifyGiveFromISR
                0x0000000000002028                xTaskGenericNotifyStateClear
                0x000000000000205c                ulTaskGenericNotifyValueClear
 *fill*         0x000000000000208c        0x4 
 .text          0x0000000000002090      0x1b8 gcc/port.o
                0x00000000000020d0                pxPortInitialiseStack
                0x00000000000020f8                vPortSVCHandler
                0x0000000000002124                vPortEndScheduler
                0x0000000000002128                vPortEnterCritical
                0x0000000000002148                vPortExitCritical
                0x000000000000215c                xPortPendSVHandler
                0x00000000000021a4                xPortSysTickHandler
                0x00000000000021d0                vPortSetupTimerInterrupt
                0x00000000000021f8                xPortStartScheduler
 .text          0x0000000000002248       0x8c gcc/heap_1.o
                0x0000000000002248                pvPortMalloc
                0x00000000000022b4                vPortFree
                0x00000000000022b8                vPortInitialiseBlocks
                0x00000000000022c4                xPortGetFreeHeapSize
 .text          0x00000000000022d4      0x1f8 gcc/BlockQ.o
                0x000000000000234c                vStartBlockingQueueTasks
                0x000000000000247c                xAreBlockingQueuesStillRunning
 .text          0x00000000000024cc      0x128 gcc/PollQ.o
                0x0000000000002584                vStartPolledQueueTasks
                0x00000000000025d8                xArePollingQueuesStillRunning
 .text          0x00000000000025f4       0x9c gcc/integer.o
                0x0000000000002654                vStartIntegerMathTasks
                0x000000000000267c                xAreIntegerMathsTaskStillRunning
 .text          0x0000000000002690      0x1d0 gcc/semtest.o
                0x0000000000002764                vStartSemaphoreTasks
                0x000000000000282c                xAreSemaphoreTasksStillRunning
 .text          0x0000000000002860      0x350 gcc/osram96x16.o
                0x000000000000294c                OSRAMClear
                0x0000000000002998                OSRAMStringDraw
                0x0000000000002a50                OSRAMImageDraw
                0x0000000000002ac0                OSRAMInit
                0x0000000000002b48                OSRAMDisplayOn
                0x0000000000002b88                OSRAMDisplayOff
 .text          0x0000000000002bb0       0x20 hw_include/libdriver.a(gpio_pintypei2c_.o)
                0x0000000000002bb0                GPIOPinTypeI2C
 .text          0x0000000000002bd0        0x4 hw_include/libdriver.a(i2c_mastercontrol_.o)
                0x0000000000002bd0                I2CMasterControl
 .text          0x0000000000002bd4        0x4 hw_include/libdriver.a(i2c_masterdataput_.o)
                0x0000000000002bd4                I2CMasterDataPut
 .text          0x0000000000002bd8       0x34 hw_include/libdriver.a(i2c_masterinit_.o)
                0x0000000000002bd8                I2CMasterInit
 .text          0x0000000000002c0c       0x18 hw_include/libdriver.a(i2c_masterintstatus_.o)
                0x0000000000002c0c                I2CMasterIntStatus
 .text          0x0000000000002c24        0x8 hw_include/libdriver.a(i2c_masterslaveaddrset_.o)
                0x0000000000002c24                I2CMasterSlaveAddrSet
 .text          0x0000000000002c2c        0xc hw_include/libdriver.a(interrupt_masterenable_.o)
                0x0000000000002c2c                IntMasterEnable
 .text          0x0000000000002c38       0x90 hw_include/libdriver.a(sysctl_clockget_.o)
                0x0000000000002c38                SysCtlClockGet
 .text          0x0000000000002cc8       0x1c hw_include/libdriver.a(sysctl_peripheralenable_.o)
                0x0000000000002cc8                SysCtlPeripheralEnable
 .text          0x0000000000002ce4        0x0 hw_include/libdriver.a(sysctl_pulrcgcregs_.o)
 .text          0x0000000000002ce4        0x0 hw_include/libdriver.a(sysctl_pulxtals_.o)
 .text          0x0000000000002ce4       0x20 hw_include/libdriver.a(timer_configure_.o)
                0x0000000000002ce4                TimerConfigure
 .text          0x0000000000002d04       0x10 hw_include/libdriver.a(timer_enable_.o)
                0x0000000000002d04                TimerEnable
 .text          0x0000000000002d14        0x4 hw_include/libdriver.a(timer_intclear_.o)
                0x0000000000002d14                TimerIntClear
 .text          0x0000000000002d18        0x8 hw_include/libdriver.a(timer_intenable_.o)
                0x0000000000002d18                TimerIntEnable
 .text          0x0000000000002d20       0x50 hw_include/libdriver.a(timer_intregister_.o)
                0x0000000000002d20                TimerIntRegister
 .text          0x0000000000002d70       0x14 hw_include/libdriver.a(timer_loadset_.o)
                0x0000000000002d70                TimerLoadSet
 .text          0x0000000000002d84       0x10 hw_include/libdriver.a(uart_charnonblockingget_.o)
                0x0000000000002d84                UARTCharNonBlockingGet
 .text          0x0000000000002d94       0x10 hw_include/libdriver.a(uart_charput_.o)
                0x0000000000002d94                UARTCharPut
 .text          0x0000000000002da4       0x10 hw_include/libdriver.a(uart_charsavail_.o)
                0x0000000000002da4                UARTCharsAvail
 .text          0x0000000000002db4       0x38 hw_include/libdriver.a(uart_configset_.o)
                0x0000000000002db4                UARTConfigSet
 .text          0x0000000000002dec       0x24 hw_include/libdriver.a(uart_disable_.o)
                0x0000000000002dec                UARTDisable
 .text          0x0000000000002e10       0x18 hw_include/libdriver.a(uart_enable_.o)
                0x0000000000002e10                UARTEnable
 .text          0x0000000000002e28        0x4 hw_include/libdriver.a(cpu_cpsie_.o)
                0x0000000000002e28                CPUcpsie
 .text          0x0000000000002e2c       0x48 hw_include/libdriver.a(gpio_dirmodeset_.o)
                0x0000000000002e2c                GPIODirModeSet
 .text          0x0000000000002e74      0x11c hw_include/libdriver.a(gpio_padconfigset_.o)
                0x0000000000002e74                GPIOPadConfigSet
 .text          0x0000000000002f90        0xc hw_include/libdriver.a(i2c_masterenable_.o)
                0x0000000000002f90                I2CMasterEnable
 .text          0x0000000000002f9c       0x5c hw_include/libdriver.a(interrupt_enable_.o)
                0x0000000000002f9c                IntEnable
 .text          0x0000000000002ff8       0x3c hw_include/libdriver.a(interrupt_register_.o)
                0x0000000000002ff8                IntRegister
 .text          0x0000000000003034        0x0 hw_include/libdriver.a(interrupt_vtable_.o)
 .text          0x0000000000003034       0xac /usr/lib/gcc/arm-none-eabi/9.2.1/../../../arm-none-eabi/lib/thumb/nofp/libc.a(lib_a-memcpy-stub.o)
                0x0000000000003034                memcpy
 .text          0x00000000000030e0       0xb0 /usr/lib/gcc/arm-none-eabi/9.2.1/../../../arm-none-eabi/lib/thumb/nofp/libc.a(lib_a-memset.o)
                0x00000000000030e0                memset
 .text          0x0000000000003190       0x90 /usr/lib/gcc/arm-none-eabi/9.2.1/../../../arm-none-eabi/lib/thumb/nofp/libc.a(lib_a-utoa.o)
                0x0000000000003190                __utoa
                0x0000000000003214                utoa
 .text          0x0000000000003220      0x11c /usr/lib/gcc/arm-none-eabi/9.2.1/thumb/nofp/libgcc.a(_udivsi3.o)
                0x0000000000003220                __udivsi3
                0x0000000000003220                __aeabi_uidiv
                0x000000000000331c                __aeabi_uidivmod
 .text          0x000000000000333c        0x4 /usr/lib/gcc/arm-none-eabi/9.2.1/thumb/nofp/libgcc.a(_dvmd_tls.o)
                0x000000000000333c                __aeabi_ldiv0
                0x000000000000333c                __aeabi_idiv0
 .text.__stub   0x0000000000003340        0x8 linker stubs
 *(.rodata*)
 .rodata.str1.4
                0x0000000000003348       0xe2 gcc/main.o
 *fill*         0x000000000000342a        0x2 
 .rodata.str1.4
                0x000000000000342c        0x5 gcc/tasks.o
 *fill*         0x0000000000003431        0x3 
 .rodata.str1.4
                0x0000000000003434       0x30 gcc/BlockQ.o
 .rodata.str1.4
                0x0000000000003464       0x10 gcc/PollQ.o
 .rodata.str1.4
                0x0000000000003474        0x8 gcc/integer.o
 .rodata.str1.4
                0x000000000000347c       0x20 gcc/semtest.o
 .rodata        0x000000000000349c      0x25d gcc/osram96x16.o
 *fill*         0x00000000000036f9        0x3 
 .rodata        0x00000000000036fc        0xc hw_include/libdriver.a(sysctl_pulrcgcregs_.o)
                0x00000000000036fc                g_pulRCGCRegs
 .rodata        0x0000000000003708       0x30 hw_include/libdriver.a(sysctl_pulxtals_.o)
                0x0000000000003708                g_pulXtals
 .rodata.str1.4
                0x0000000000003738       0x25 /usr/lib/gcc/arm-none-eabi/9.2.1/../../../arm-none-eabi/lib/thumb/nofp/libc.a(lib_a-utoa.o)
                0x000000000000375d                _etext = .

.glue_7         0x0000000000003760        0x0
 .glue_7        0x0000000000003760        0x0 linker stubs

.glue_7t        0x0000000000003760        0x0
 .glue_7t       0x0000000000003760        0x0 linker stubs

.vfp11_veneer   0x0000000000003760        0x0
 .vfp11_veneer  0x0000000000003760        0x0 linker stubs

.v4_bx          0x0000000000003760        0x0
 .v4_bx         0x0000000000003760        0x0 linker stubs

.iplt           0x0000000000003760        0x0
 .iplt          0x0000000000003760        0x0 gcc/startup.o

.rel.dyn        0x0000000000003760        0x0
 .rel.iplt      0x0000000000003760        0x0 gcc/startup.o

.data           0x0000000020000000       0xc8 load address 0x000000000000375d
                0x0000000020000000                _data = .
 *(vtable)
 vtable         0x0000000020000000       0xb8 hw_include/libdriver.a(interrupt_vtable_.o)
                0x0000000020000000                g_pfnRAMVectors
 *(.data)
 .data          0x00000000200000b8        0x0 gcc/startup.o
 .data          0x00000000200000b8        0x8 gcc/main.o
 .data          0x00000000200000c0        0x0 gcc/list.o
 .data          0x00000000200000c0        0x0 gcc/queue.o
 .data          0x00000000200000c0        0x4 gcc/tasks.o
                0x00000000200000c0                uxTopUsedPriority
 .data          0x00000000200000c4        0x4 gcc/port.o
 .data          0x00000000200000c8        0x0 gcc/heap_1.o
 .data          0x00000000200000c8        0x0 gcc/BlockQ.o
 .data          0x00000000200000c8        0x0 gcc/PollQ.o
 .data          0x00000000200000c8        0x0 gcc/integer.o
 .data          0x00000000200000c8        0x0 gcc/semtest.o
 .data          0x00000000200000c8        0x0 gcc/osram96x16.o
 .data          0x00000000200000c8        0x0 hw_include/libdriver.a(gpio_pintypei2c_.o)
 .data          0x00000000200000c8        0x0 hw_include/libdriver.a(i2c_mastercontrol_.o)
 .data          0x00000000200000c8        0x0 hw_include/libdriver.a(i2c_masterdataput_.o)
 .data          0x00000000200000c8        0x0 hw_include/libdriver.a(i2c_masterinit_.o)
 .data          0x00000000200000c8        0x0 hw_include/libdriver.a(i2c_masterintstatus_.o)
 .data          0x00000000200000c8        0x0 hw_include/libdriver.a(i2c_masterslaveaddrset_.o)
 .data          0x00000000200000c8        0x0 hw_include/libdriver.a(interrupt_masterenable_.o)
 .data          0x00000000200000c8        0x0 hw_include/libdriver.a(sysctl_clockget_.o)
 .data          0x00000000200000c8        0x0 hw_include/libdriver.a(sysctl_peripheralenable_.o)
 .data          0x00000000200000c8        0x0 hw_include/libdriver.a(sysctl_pulrcgcregs_.o)
 .data          0x00000000200000c8        0x0 hw_include/libdriver.a(sysctl_pulxtals_.o)
 .data          0x00000000200000c8        0x0 hw_include/libdriver.a(timer_configure_.o)
 .data          0x00000000200000c8        0x0 hw_include/libdriver.a(timer_enable_.o)
 .data          0x00000000200000c8        0x0 hw_include/libdriver.a(timer_intclear_.o)
 .data          0x00000000200000c8        0x0 hw_include/libdriver.a(timer_intenable_.o)
 .data          0x00000000200000c8        0x0 hw_include/libdriver.a(timer_intregister_.o)
 .data          0x00000000200000c8        0x0 hw_include/libdriver.a(timer_loadset_.o)
 .data          0x00000000200000c8        0x0 hw_include/libdriver.a(uart_charnonblockingget_.o)
 .data          0x00000000200000c8        0x0 hw_include/libdriver.a(uart_charput_.o)
 .data          0x00000000200000c8        0x0 hw_include/libdriver.a(uart_charsavail_.o)
 .data          0x00000000200000c8        0x0 hw_include/libdriver.a(uart_configset_.o)
 .data          0x00000000200000c8        0x0 hw_include/libdriver.a(uart_disable_.o)
 .data          0x00000000200000c8        0x0 hw_include/libdriver.a(uart_enable_.o)
 .data          0x00000000200000c8        0x0 hw_include/libdriver.a(cpu_cpsie_.o)
 .data          0x00000000200000c8        0x0 hw_include/libdriver.a(gpio_dirmodeset_.o)
 .data          0x00000000200000c8        0x0 hw_include/libdriver.a(gpio_padconfigset_.o)
 .data          0x00000000200000c8        0x0 hw_include/libdriver.a(i2c_masterenable_.o)
 .data          0x00000000200000c8        0x0 hw_include/libdriver.a(interrupt_enable_.o)
 .data          0x00000000200000c8        0x0 hw_include/libdriver.a(interrupt_register_.o)
 .data          0x00000000200000c8        0x0 hw_include/libdriver.a(interrupt_vtable_.o)
 .data          0x00000000200000c8        0x0 /usr/lib/gcc/arm-none-eabi/9.2.1/../../../arm-none-eabi/lib/thumb/nofp/libc.a(lib_a-memcpy-stub.o)
 .data          0x00000000200000c8        0x0 /usr/lib/gcc/arm-none-eabi/9.2.1/../../../arm-none-eabi/lib/thumb/nofp/libc.a(lib_a-memset.o)
 .data          0x00000000200000c8        0x0 /usr/lib/gcc/arm-none-eabi/9.2.1/../../../arm-none-eabi/lib/thumb/nofp/libc.a(lib_a-utoa.o)
 .data          0x00000000200000c8        0x0 /usr/lib/gcc/arm-none-eabi/9.2.1/thumb/nofp/libgcc.a(_udivsi3.o)
 .data          0x00000000200000c8        0x0 /usr/lib/gcc/arm-none-eabi/9.2.1/thumb/nofp/libgcc.a(_dvmd_tls.o)
                0x00000000200000c8                _edata = .

.igot.plt       0x00000000200000c8        0x0 load address 0x0000000000003828
 .igot.plt      0x00000000200000c8        0x0 gcc/startup.o

.bss            0x00000000200000c8     0x15c8 load address 0x0000000000003828
                0x00000000200000c8                _bss = .
 *(.bss)
 .bss           0x00000000200000c8      0x100 gcc/startup.o
 .bss           0x00000000200001c8        0x0 gcc/main.o
 .bss           0x00000000200001c8        0x0 gcc/list.o
 .bss           0x00000000200001c8        0x0 gcc/queue.o
 .bss           0x00000000200001c8       0xe0 gcc/tasks.o
                0x00000000200001cc                pxCurrentTCB
 .bss           0x00000000200002a8        0x0 gcc/port.o
 .bss           0x00000000200002a8     0x1390 gcc/heap_1.o
 .bss           0x0000000020001638       0x1e gcc/BlockQ.o
 *fill*         0x0000000020001656        0x2 
 .bss           0x0000000020001658        0xc gcc/PollQ.o
 .bss           0x0000000020001664        0x4 gcc/integer.o
 .bss           0x0000000020001668       0x14 gcc/semtest.o
 .bss           0x000000002000167c        0x4 gcc/osram96x16.o
 .bss           0x0000000020001680        0x0 hw_include/libdriver.a(gpio_pintypei2c_.o)
 .bss           0x0000000020001680        0x0 hw_include/libdriver.a(i2c_mastercontrol_.o)
 .bss           0x0000000020001680        0x0 hw_include/libdriver.a(i2c_masterdataput_.o)
 .bss           0x0000000020001680        0x0 hw_include/libdriver.a(i2c_masterinit_.o)
 .bss           0x0000000020001680        0x0 hw_include/libdriver.a(i2c_masterintstatus_.o)
 .bss           0x0000000020001680        0x0 hw_include/libdriver.a(i2c_masterslaveaddrset_.o)
 .bss           0x0000000020001680        0x0 hw_include/libdriver.a(interrupt_masterenable_.o)
 .bss           0x0000000020001680        0x0 hw_include/libdriver.a(sysctl_clockget_.o)
 .bss           0x0000000020001680        0x0 hw_include/libdriver.a(sysctl_peripheralenable_.o)
 .bss           0x0000000020001680        0x0 hw_include/libdriver.a(sysctl_pulrcgcregs_.o)
 .bss           0x0000000020001680        0x0 hw_include/libdriver.a(sysctl_pulxtals_.o)
 .bss           0x0000000020001680        0x0 hw_include/libdriver.a(timer_configure_.o)
 .bss           0x0000000020001680        0x0 hw_include/libdriver.a(timer_enable_.o)
 .bss           0x0000000020001680        0x0 hw_include/libdriver.a(timer_intclear_.o)
 .bss           0x0000000020001680        0x0 hw_include/libdriver.a(timer_intenable_.o)
 .bss           0x0000000020001680        0x0 hw_include/libdriver.a(timer_intregister_.o)
 .bss           0x0000000020001680        0x0 hw_include/libdriver.a(timer_loadset_.o)
 .bss           0x0000000020001680        0x0 hw_include/libdriver.a(uart_charnonblockingget_.o)
 .bss           0x0000000020001680        0x0 hw_include/libdriver.a(uart_charput_.o)
 .bss           0x0000000020001680        0x0 hw_include/libdriver.a(uart_charsavail_.o)
 .bss           0x0000000020001680        0x0 hw_include/libdriver.a(uart_configset_.o)
 .bss           0x0000000020001680        0x0 hw_include/libdriver.a(uart_disable_.o)
 .bss           0x0000000020001680        0x0 hw_include/libdriver.a(uart_enable_.o)
 .bss           0x0000000020001680        0x0 hw_include/libdriver.a(cpu_cpsie_.o)
 .bss           0x0000000020001680        0x0 hw_include/libdriver.a(gpio_dirmodeset_.o)
 .bss           0x0000000020001680        0x0 hw_include/libdriver.a(gpio_padconfigset_.o)
 .bss           0x0000000020001680        0x0 hw_include/libdriver.a(i2c_masterenable_.o)
 .bss           0x0000000020001680        0x0 hw_include/libdriver.a(interrupt_enable_.o)
 .bss           0x0000000020001680        0x0 hw_include/libdriver.a(interrupt_register_.o)
 .bss           0x0000000020001680        0x0 hw_include/libdriver.a(interrupt_vtable_.o)
 .bss           0x0000000020001680        0x0 /usr/lib/gcc/arm-none-eabi/9.2.1/../../../arm-none-eabi/lib/thumb/nofp/libc.a(lib_a-memcpy-stub.o)
 .bss           0x0000000020001680        0x0 /usr/lib/gcc/arm-none-eabi/9.2.1/../../../arm-none-eabi/lib/thumb/nofp/libc.a(lib_a-memset.o)
 .bss           0x0000000020001680        0x0 /usr/lib/gcc/arm-none-eabi/9.2.1/../../../arm-none-eabi/lib/thumb/nofp/libc.a(lib_a-utoa.o)
 .bss           0x0000000020001680        0x0 /usr/lib/gcc/arm-none-eabi/9.2.1/thumb/nofp/libgcc.a(_udivsi3.o)
 .bss           0x0000000020001680        0x0 /usr/lib/gcc/arm-none-eabi/9.2.1/thumb/nofp/libgcc.a(_dvmd_tls.o)
 *(COMMON)
 COMMON         0x0000000020001680       0x10 gcc/main.o
                0x0000000020001680                pxTaskStatusArray
                0x0000000020001684                ulHighFrequencyTimerTicks
                0x0000000020001688                xColaSensor
                0x000000002000168c                xColaPromedio
                0x0000000020001690                _ebss = .
LOAD gcc/startup.o
LOAD gcc/main.o
LOAD gcc/list.o
LOAD gcc/queue.o
LOAD gcc/tasks.o
LOAD gcc/port.o
LOAD gcc/heap_1.o
LOAD gcc/BlockQ.o
LOAD gcc/PollQ.o
LOAD gcc/integer.o
LOAD gcc/semtest.o
LOAD gcc/osram96x16.o
LOAD hw_include/libdriver.a
LOAD /usr/lib/gcc/arm-none-eabi/9.2.1/../../../arm-none-eabi/lib/thumb/nofp/libc.a
LOAD /usr/lib/gcc/arm-none-eabi/9.2.1/thumb/nofp/libgcc.a
OUTPUT(gcc/RTOSDemo.axf elf32-littlearm)
LOAD linker stubs

.debug_info     0x0000000000000000     0xe4e7
 .debug_info    0x0000000000000000      0x155 gcc/startup.o
 .debug_info    0x0000000000000155     0x12d0 gcc/main.o
 .debug_info    0x0000000000001425      0xb6e gcc/list.o
 .debug_info    0x0000000000001f93     0x230b gcc/queue.o
 .debug_info    0x000000000000429e     0x2f2e gcc/tasks.o
 .debug_info    0x00000000000071cc      0x38f gcc/port.o
 .debug_info    0x000000000000755b      0xa54 gcc/heap_1.o
 .debug_info    0x0000000000007faf      0xeac gcc/BlockQ.o
 .debug_info    0x0000000000008e5b      0xc6d gcc/PollQ.o
 .debug_info    0x0000000000009ac8      0xacb gcc/integer.o
 .debug_info    0x000000000000a593      0xdda gcc/semtest.o
 .debug_info    0x000000000000b36d      0x886 gcc/osram96x16.o
 .debug_info    0x000000000000bbf3      0xf35 /usr/lib/gcc/arm-none-eabi/9.2.1/../../../arm-none-eabi/lib/thumb/nofp/libc.a(lib_a-memcpy-stub.o)
 .debug_info    0x000000000000cb28      0xf21 /usr/lib/gcc/arm-none-eabi/9.2.1/../../../arm-none-eabi/lib/thumb/nofp/libc.a(lib_a-memset.o)
 .debug_info    0x000000000000da49      0xa52 /usr/lib/gcc/arm-none-eabi/9.2.1/../../../arm-none-eabi/lib/thumb/nofp/libc.a(lib_a-utoa.o)
 .debug_info    0x000000000000e49b       0x26 /usr/lib/gcc/arm-none-eabi/9.2.1/thumb/nofp/libgcc.a(_udivsi3.o)
 .debug_info    0x000000000000e4c1       0x26 /usr/lib/gcc/arm-none-eabi/9.2.1/thumb/nofp/libgcc.a(_dvmd_tls.o)

.debug_abbrev   0x0000000000000000     0x2884
 .debug_abbrev  0x0000000000000000       0xe8 gcc/startup.o
 .debug_abbrev  0x00000000000000e8      0x3d8 gcc/main.o
 .debug_abbrev  0x00000000000004c0      0x249 gcc/list.o
 .debug_abbrev  0x0000000000000709      0x427 gcc/queue.o
 .debug_abbrev  0x0000000000000b30      0x5ab gcc/tasks.o
 .debug_abbrev  0x00000000000010db      0x218 gcc/port.o
 .debug_abbrev  0x00000000000012f3      0x296 gcc/heap_1.o
 .debug_abbrev  0x0000000000001589      0x2da gcc/BlockQ.o
 .debug_abbrev  0x0000000000001863      0x29e gcc/PollQ.o
 .debug_abbrev  0x0000000000001b01      0x291 gcc/integer.o
 .debug_abbrev  0x0000000000001d92      0x2d4 gcc/semtest.o
 .debug_abbrev  0x0000000000002066      0x153 gcc/osram96x16.o
 .debug_abbrev  0x00000000000021b9      0x223 /usr/lib/gcc/arm-none-eabi/9.2.1/../../../arm-none-eabi/lib/thumb/nofp/libc.a(lib_a-memcpy-stub.o)
 .debug_abbrev  0x00000000000023dc      0x217 /usr/lib/gcc/arm-none-eabi/9.2.1/../../../arm-none-eabi/lib/thumb/nofp/libc.a(lib_a-memset.o)
 .debug_abbrev  0x00000000000025f3      0x269 /usr/lib/gcc/arm-none-eabi/9.2.1/../../../arm-none-eabi/lib/thumb/nofp/libc.a(lib_a-utoa.o)
 .debug_abbrev  0x000000000000285c       0x14 /usr/lib/gcc/arm-none-eabi/9.2.1/thumb/nofp/libgcc.a(_udivsi3.o)
 .debug_abbrev  0x0000000000002870       0x14 /usr/lib/gcc/arm-none-eabi/9.2.1/thumb/nofp/libgcc.a(_dvmd_tls.o)

.debug_loc      0x0000000000000000     0x5624
 .debug_loc     0x0000000000000000       0x62 gcc/startup.o
 .debug_loc     0x0000000000000062      0x88a gcc/main.o
 .debug_loc     0x00000000000008ec       0xbc gcc/list.o
 .debug_loc     0x00000000000009a8     0x159c gcc/queue.o
 .debug_loc     0x0000000000001f44     0x21d4 gcc/tasks.o
 .debug_loc     0x0000000000004118       0xbe gcc/port.o
 .debug_loc     0x00000000000041d6       0x97 gcc/heap_1.o
 .debug_loc     0x000000000000426d      0x244 gcc/BlockQ.o
 .debug_loc     0x00000000000044b1      0x163 gcc/PollQ.o
 .debug_loc     0x0000000000004614      0x124 gcc/integer.o
 .debug_loc     0x0000000000004738      0x1ac gcc/semtest.o
 .debug_loc     0x00000000000048e4      0x414 gcc/osram96x16.o
 .debug_loc     0x0000000000004cf8      0x481 /usr/lib/gcc/arm-none-eabi/9.2.1/../../../arm-none-eabi/lib/thumb/nofp/libc.a(lib_a-memcpy-stub.o)
 .debug_loc     0x0000000000005179      0x2df /usr/lib/gcc/arm-none-eabi/9.2.1/../../../arm-none-eabi/lib/thumb/nofp/libc.a(lib_a-memset.o)
 .debug_loc     0x0000000000005458      0x1cc /usr/lib/gcc/arm-none-eabi/9.2.1/../../../arm-none-eabi/lib/thumb/nofp/libc.a(lib_a-utoa.o)

.debug_aranges  0x0000000000000000      0x228
 .debug_aranges
                0x0000000000000000       0x20 gcc/startup.o
 .debug_aranges
                0x0000000000000020       0x28 gcc/main.o
 .debug_aranges
                0x0000000000000048       0x20 gcc/list.o
 .debug_aranges
                0x0000000000000068       0x20 gcc/queue.o
 .debug_aranges
                0x0000000000000088       0x20 gcc/tasks.o
 .debug_aranges
                0x00000000000000a8       0x20 gcc/port.o
 .debug_aranges
                0x00000000000000c8       0x20 gcc/heap_1.o
 .debug_aranges
                0x00000000000000e8       0x20 gcc/BlockQ.o
 .debug_aranges
                0x0000000000000108       0x20 gcc/PollQ.o
 .debug_aranges
                0x0000000000000128       0x20 gcc/integer.o
 .debug_aranges
                0x0000000000000148       0x20 gcc/semtest.o
 .debug_aranges
                0x0000000000000168       0x20 gcc/osram96x16.o
 .debug_aranges
                0x0000000000000188       0x20 /usr/lib/gcc/arm-none-eabi/9.2.1/../../../arm-none-eabi/lib/thumb/nofp/libc.a(lib_a-memcpy-stub.o)
 .debug_aranges
                0x00000000000001a8       0x20 /usr/lib/gcc/arm-none-eabi/9.2.1/../../../arm-none-eabi/lib/thumb/nofp/libc.a(lib_a-memset.o)
 .debug_aranges
                0x00000000000001c8       0x20 /usr/lib/gcc/arm-none-eabi/9.2.1/../../../arm-none-eabi/lib/thumb/nofp/libc.a(lib_a-utoa.o)
 .debug_aranges
                0x00000000000001e8       0x20 /usr/lib/gcc/arm-none-eabi/9.2.1/thumb/nofp/libgcc.a(_udivsi3.o)
 .debug_aranges
                0x0000000000000208       0x20 /usr/lib/gcc/arm-none-eabi/9.2.1/thumb/nofp/libgcc.a(_dvmd_tls.o)

.debug_line     0x0000000000000000     0x56e0
 .debug_line    0x0000000000000000       0xe4 gcc/startup.o
 .debug_line    0x00000000000000e4      0xb7b gcc/main.o
 .debug_line    0x0000000000000c5f      0x2e0 gcc/list.o
 .debug_line    0x0000000000000f3f     0x109d gcc/queue.o
 .debug_line    0x0000000000001fdc     0x19df gcc/tasks.o
 .debug_line    0x00000000000039bb      0x330 gcc/port.o
 .debug_line    0x0000000000003ceb      0x1f6 gcc/heap_1.o
 .debug_line    0x0000000000003ee1      0x38a gcc/BlockQ.o
 .debug_line    0x000000000000426b      0x2ce gcc/PollQ.o
 .debug_line    0x0000000000004539      0x20e gcc/integer.o
 .debug_line    0x0000000000004747      0x3b0 gcc/semtest.o
 .debug_line    0x0000000000004af7      0x424 gcc/osram96x16.o
 .debug_line    0x0000000000004f1b      0x247 /usr/lib/gcc/arm-none-eabi/9.2.1/../../../arm-none-eabi/lib/thumb/nofp/libc.a(lib_a-memcpy-stub.o)
 .debug_line    0x0000000000005162      0x27b /usr/lib/gcc/arm-none-eabi/9.2.1/../../../arm-none-eabi/lib/thumb/nofp/libc.a(lib_a-memset.o)
 .debug_line    0x00000000000053dd      0x22c /usr/lib/gcc/arm-none-eabi/9.2.1/../../../arm-none-eabi/lib/thumb/nofp/libc.a(lib_a-utoa.o)
 .debug_line    0x0000000000005609       0x7a /usr/lib/gcc/arm-none-eabi/9.2.1/thumb/nofp/libgcc.a(_udivsi3.o)
 .debug_line    0x0000000000005683       0x5d /usr/lib/gcc/arm-none-eabi/9.2.1/thumb/nofp/libgcc.a(_dvmd_tls.o)

.debug_str      0x0000000000000000     0x2793
 .debug_str     0x0000000000000000      0x157 gcc/startup.o
                                        0x176 (size before relaxing)
 .debug_str     0x0000000000000157      0x5da gcc/main.o
                                        0x731 (size before relaxing)
 .debug_str     0x0000000000000731      0x4ed gcc/list.o
                                        0x6af (size before relaxing)
 .debug_str     0x0000000000000c1e      0x55d gcc/queue.o
                                        0xc5b (size before relaxing)
 .debug_str     0x000000000000117b      0x90d gcc/tasks.o
                                       0x1348 (size before relaxing)
 .debug_str     0x0000000000001a88       0xc1 gcc/port.o
                                        0x350 (size before relaxing)
 .debug_str     0x0000000000001b49       0x8b gcc/heap_1.o
                                        0x62c (size before relaxing)
 .debug_str     0x0000000000001bd4      0x215 gcc/BlockQ.o
                                        0x836 (size before relaxing)
 .debug_str     0x0000000000001de9       0xbf gcc/PollQ.o
                                        0x753 (size before relaxing)
 .debug_str     0x0000000000001ea8       0x95 gcc/integer.o
                                        0x678 (size before relaxing)
 .debug_str     0x0000000000001f3d      0x158 gcc/semtest.o
                                        0x7e3 (size before relaxing)
 .debug_str     0x0000000000002095      0x172 gcc/osram96x16.o
                                        0x2bc (size before relaxing)
 .debug_str     0x0000000000002207      0x3c4 /usr/lib/gcc/arm-none-eabi/9.2.1/../../../arm-none-eabi/lib/thumb/nofp/libc.a(lib_a-memcpy-stub.o)
                                        0x8f0 (size before relaxing)
 .debug_str     0x00000000000025cb       0x99 /usr/lib/gcc/arm-none-eabi/9.2.1/../../../arm-none-eabi/lib/thumb/nofp/libc.a(lib_a-memset.o)
                                        0x8cb (size before relaxing)
 .debug_str     0x0000000000002664       0x94 /usr/lib/gcc/arm-none-eabi/9.2.1/../../../arm-none-eabi/lib/thumb/nofp/libc.a(lib_a-utoa.o)
                                        0x5c4 (size before relaxing)
 .debug_str     0x00000000000026f8       0x9b /usr/lib/gcc/arm-none-eabi/9.2.1/thumb/nofp/libgcc.a(_udivsi3.o)
 .debug_str     0x0000000000002793       0x9b /usr/lib/gcc/arm-none-eabi/9.2.1/thumb/nofp/libgcc.a(_dvmd_tls.o)

.comment        0x0000000000000000      0x481
 .comment       0x0000000000000000       0x59 gcc/startup.o
                                         0x5a (size before relaxing)
 .comment       0x0000000000000059       0x5a gcc/main.o
 .comment       0x0000000000000059       0x5a gcc/list.o
 .comment       0x0000000000000059       0x5a gcc/queue.o
 .comment       0x0000000000000059       0x5a gcc/tasks.o
 .comment       0x0000000000000059       0x5a gcc/port.o
 .comment       0x0000000000000059       0x5a gcc/heap_1.o
 .comment       0x0000000000000059       0x5a gcc/BlockQ.o
 .comment       0x0000000000000059       0x5a gcc/PollQ.o
 .comment       0x0000000000000059       0x5a gcc/integer.o
 .comment       0x0000000000000059       0x5a gcc/semtest.o
 .comment       0x0000000000000059       0x5a gcc/osram96x16.o
 .comment       0x0000000000000059       0x22 hw_include/libdriver.a(gpio_pintypei2c_.o)
 .comment       0x000000000000007b       0x22 hw_include/libdriver.a(i2c_mastercontrol_.o)
 .comment       0x000000000000009d       0x22 hw_include/libdriver.a(i2c_masterdataput_.o)
 .comment       0x00000000000000bf       0x22 hw_include/libdriver.a(i2c_masterinit_.o)
 .comment       0x00000000000000e1       0x22 hw_include/libdriver.a(i2c_masterintstatus_.o)
 .comment       0x0000000000000103       0x22 hw_include/libdriver.a(i2c_masterslaveaddrset_.o)
 .comment       0x0000000000000125       0x22 hw_include/libdriver.a(interrupt_masterenable_.o)
 .comment       0x0000000000000147       0x22 hw_include/libdriver.a(sysctl_clockget_.o)
 .comment       0x0000000000000169       0x22 hw_include/libdriver.a(sysctl_peripheralenable_.o)
 .comment       0x000000000000018b       0x22 hw_include/libdriver.a(sysctl_pulrcgcregs_.o)
 .comment       0x00000000000001ad       0x22 hw_include/libdriver.a(sysctl_pulxtals_.o)
 .comment       0x00000000000001cf       0x22 hw_include/libdriver.a(timer_configure_.o)
 .comment       0x00000000000001f1       0x22 hw_include/libdriver.a(timer_enable_.o)
 .comment       0x0000000000000213       0x22 hw_include/libdriver.a(timer_intclear_.o)
 .comment       0x0000000000000235       0x22 hw_include/libdriver.a(timer_intenable_.o)
 .comment       0x0000000000000257       0x22 hw_include/libdriver.a(timer_intregister_.o)
 .comment       0x0000000000000279       0x22 hw_include/libdriver.a(timer_loadset_.o)
 .comment       0x000000000000029b       0x22 hw_include/libdriver.a(uart_charnonblockingget_.o)
 .comment       0x00000000000002bd       0x22 hw_include/libdriver.a(uart_charput_.o)
 .comment       0x00000000000002df       0x22 hw_include/libdriver.a(uart_charsavail_.o)
 .comment       0x0000000000000301       0x22 hw_include/libdriver.a(uart_configset_.o)
 .comment       0x0000000000000323       0x22 hw_include/libdriver.a(uart_disable_.o)
 .comment       0x0000000000000345       0x22 hw_include/libdriver.a(uart_enable_.o)
 .comment       0x0000000000000367       0x22 hw_include/libdriver.a(gpio_dirmodeset_.o)
 .comment       0x0000000000000389       0x22 hw_include/libdriver.a(gpio_padconfigset_.o)
 .comment       0x00000000000003ab       0x22 hw_include/libdriver.a(i2c_masterenable_.o)
 .comment       0x00000000000003cd       0x22 hw_include/libdriver.a(interrupt_enable_.o)
 .comment       0x00000000000003ef       0x22 hw_include/libdriver.a(interrupt_register_.o)
 .comment       0x0000000000000411       0x22 hw_include/libdriver.a(interrupt_vtable_.o)
 .comment       0x0000000000000433       0x4e /usr/lib/gcc/arm-none-eabi/9.2.1/../../../arm-none-eabi/lib/thumb/nofp/libc.a(lib_a-memcpy-stub.o)
                                         0x4f (size before relaxing)
 .comment       0x0000000000000481       0x4f /usr/lib/gcc/arm-none-eabi/9.2.1/../../../arm-none-eabi/lib/thumb/nofp/libc.a(lib_a-memset.o)
 .comment       0x0000000000000481       0x4f /usr/lib/gcc/arm-none-eabi/9.2.1/../../../arm-none-eabi/lib/thumb/nofp/libc.a(lib_a-utoa.o)

.ARM.attributes
                0x0000000000000000       0x2d
 .ARM.attributes
                0x0000000000000000       0x2d gcc/startup.o
 .ARM.attributes
                0x000000000000002d       0x2d gcc/main.o
 .ARM.attributes
                0x000000000000005a       0x2d gcc/list.o
 .ARM.attributes
                0x0000000000000087       0x2d gcc/queue.o
 .ARM.attributes
                0x00000000000000b4       0x2d gcc/tasks.o
 .ARM.attributes
                0x00000000000000e1       0x2d gcc/port.o
 .ARM.attributes
                0x000000000000010e       0x2d gcc/heap_1.o
 .ARM.attributes
                0x000000000000013b       0x2d gcc/BlockQ.o
 .ARM.attributes
                0x0000000000000168       0x2d gcc/PollQ.o
 .ARM.attributes
                0x0000000000000195       0x2d gcc/integer.o
 .ARM.attributes
                0x00000000000001c2       0x2d gcc/semtest.o
 .ARM.attributes
                0x00000000000001ef       0x2d gcc/osram96x16.o
 .ARM.attributes
                0x000000000000021c       0x31 hw_include/libdriver.a(gpio_pintypei2c_.o)
 .ARM.attributes
                0x000000000000024d       0x31 hw_include/libdriver.a(i2c_mastercontrol_.o)
 .ARM.attributes
                0x000000000000027e       0x31 hw_include/libdriver.a(i2c_masterdataput_.o)
 .ARM.attributes
                0x00000000000002af       0x31 hw_include/libdriver.a(i2c_masterinit_.o)
 .ARM.attributes
                0x00000000000002e0       0x31 hw_include/libdriver.a(i2c_masterintstatus_.o)
 .ARM.attributes
                0x0000000000000311       0x31 hw_include/libdriver.a(i2c_masterslaveaddrset_.o)
 .ARM.attributes
                0x0000000000000342       0x31 hw_include/libdriver.a(interrupt_masterenable_.o)
 .ARM.attributes
                0x0000000000000373       0x31 hw_include/libdriver.a(sysctl_clockget_.o)
 .ARM.attributes
                0x00000000000003a4       0x31 hw_include/libdriver.a(sysctl_peripheralenable_.o)
 .ARM.attributes
                0x00000000000003d5       0x2f hw_include/libdriver.a(sysctl_pulrcgcregs_.o)
 .ARM.attributes
                0x0000000000000404       0x2f hw_include/libdriver.a(sysctl_pulxtals_.o)
 .ARM.attributes
                0x0000000000000433       0x31 hw_include/libdriver.a(timer_configure_.o)
 .ARM.attributes
                0x0000000000000464       0x31 hw_include/libdriver.a(timer_enable_.o)
 .ARM.attributes
                0x0000000000000495       0x31 hw_include/libdriver.a(timer_intclear_.o)
 .ARM.attributes
                0x00000000000004c6       0x31 hw_include/libdriver.a(timer_intenable_.o)
 .ARM.attributes
                0x00000000000004f7       0x31 hw_include/libdriver.a(timer_intregister_.o)
 .ARM.attributes
                0x0000000000000528       0x31 hw_include/libdriver.a(timer_loadset_.o)
 .ARM.attributes
                0x0000000000000559       0x31 hw_include/libdriver.a(uart_charnonblockingget_.o)
 .ARM.attributes
                0x000000000000058a       0x31 hw_include/libdriver.a(uart_charput_.o)
 .ARM.attributes
                0x00000000000005bb       0x31 hw_include/libdriver.a(uart_charsavail_.o)
 .ARM.attributes
                0x00000000000005ec       0x31 hw_include/libdriver.a(uart_configset_.o)
 .ARM.attributes
                0x000000000000061d       0x31 hw_include/libdriver.a(uart_disable_.o)
 .ARM.attributes
                0x000000000000064e       0x31 hw_include/libdriver.a(uart_enable_.o)
 .ARM.attributes
                0x000000000000067f       0x21 hw_include/libdriver.a(cpu_cpsie_.o)
 .ARM.attributes
                0x00000000000006a0       0x31 hw_include/libdriver.a(gpio_dirmodeset_.o)
 .ARM.attributes
                0x00000000000006d1       0x31 hw_include/libdriver.a(gpio_padconfigset_.o)
 .ARM.attributes
                0x0000000000000702       0x31 hw_include/libdriver.a(i2c_masterenable_.o)
 .ARM.attributes
                0x0000000000000733       0x31 hw_include/libdriver.a(interrupt_enable_.o)
 .ARM.attributes
                0x0000000000000764       0x31 hw_include/libdriver.a(interrupt_register_.o)
 .ARM.attributes
                0x0000000000000795       0x2f hw_include/libdriver.a(interrupt_vtable_.o)
 .ARM.attributes
                0x00000000000007c4       0x2a /usr/lib/gcc/arm-none-eabi/9.2.1/../../../arm-none-eabi/lib/thumb/nofp/libc.a(lib_a-memcpy-stub.o)
 .ARM.attributes
                0x00000000000007ee       0x2a /usr/lib/gcc/arm-none-eabi/9.2.1/../../../arm-none-eabi/lib/thumb/nofp/libc.a(lib_a-memset.o)
 .ARM.attributes
                0x0000000000000818       0x2a /usr/lib/gcc/arm-none-eabi/9.2.1/../../../arm-none-eabi/lib/thumb/nofp/libc.a(lib_a-utoa.o)
 .ARM.attributes
                0x0000000000000842       0x1c /usr/lib/gcc/arm-none-eabi/9.2.1/thumb/nofp/libgcc.a(_udivsi3.o)
 .ARM.attributes
                0x000000000000085e       0x1c /usr/lib/gcc/arm-none-eabi/9.2.1/thumb/nofp/libgcc.a(_dvmd_tls.o)

.debug_frame    0x0000000000000000      0xf88
 .debug_frame   0x0000000000000000       0x50 gcc/startup.o
 .debug_frame   0x0000000000000050      0x218 gcc/main.o
 .debug_frame   0x0000000000000268       0x88 gcc/list.o
 .debug_frame   0x00000000000002f0      0x29c gcc/queue.o
 .debug_frame   0x000000000000058c      0x454 gcc/tasks.o
 .debug_frame   0x00000000000009e0       0xf8 gcc/port.o
 .debug_frame   0x0000000000000ad8       0x58 gcc/heap_1.o
 .debug_frame   0x0000000000000b30       0x9c gcc/BlockQ.o
 .debug_frame   0x0000000000000bcc       0x84 gcc/PollQ.o
 .debug_frame   0x0000000000000c50       0x60 gcc/integer.o
 .debug_frame   0x0000000000000cb0       0x7c gcc/semtest.o
 .debug_frame   0x0000000000000d2c      0x188 gcc/osram96x16.o
 .debug_frame   0x0000000000000eb4       0x34 /usr/lib/gcc/arm-none-eabi/9.2.1/../../../arm-none-eabi/lib/thumb/nofp/libc.a(lib_a-memcpy-stub.o)
 .debug_frame   0x0000000000000ee8       0x30 /usr/lib/gcc/arm-none-eabi/9.2.1/../../../arm-none-eabi/lib/thumb/nofp/libc.a(lib_a-memset.o)
 .debug_frame   0x0000000000000f18       0x50 /usr/lib/gcc/arm-none-eabi/9.2.1/../../../arm-none-eabi/lib/thumb/nofp/libc.a(lib_a-utoa.o)
 .debug_frame   0x0000000000000f68       0x20 /usr/lib/gcc/arm-none-eabi/9.2.1/thumb/nofp/libgcc.a(_udivsi3.o)

.debug_ranges   0x0000000000000000      0xb18
 .debug_ranges  0x0000000000000000      0x1c8 gcc/main.o
 .debug_ranges  0x00000000000001c8      0x2e0 gcc/queue.o
 .debug_ranges  0x00000000000004a8      0x658 gcc/tasks.o
 .debug_ranges  0x0000000000000b00       0x18 gcc/port.o
