Archive member included to satisfy reference by file (symbol)

hw_include/libdriver.a(gpio_pintypei2c_.o)
                              gcc/osram96x16.o (GPIOPinTypeI2C)
hw_include/libdriver.a(i2c_mastercontrol_.o)
                              gcc/osram96x16.o (I2CMasterControl)
hw_include/libdriver.a(i2c_masterdataput_.o)
                              gcc/osram96x16.o (I2CMasterDataPut)
hw_include/libdriver.a(i2c_masterinit_.o)
                              gcc/osram96x16.o (I2CMasterInit)
hw_include/libdriver.a(i2c_masterintstatus_.o)
                              gcc/osram96x16.o (I2CMasterIntStatus)
hw_include/libdriver.a(i2c_masterslaveaddrset_.o)
                              gcc/osram96x16.o (I2CMasterSlaveAddrSet)
hw_include/libdriver.a(interrupt_enable_.o)
                              gcc/main.o (IntEnable)
hw_include/libdriver.a(interrupt_masterenable_.o)
                              gcc/main.o (IntMasterEnable)
hw_include/libdriver.a(interrupt_priorityset_.o)
                              gcc/main.o (IntPrioritySet)
hw_include/libdriver.a(interrupt_pulregs_.o)
                              hw_include/libdriver.a(interrupt_priorityset_.o) (g_pulRegs)
hw_include/libdriver.a(sysctl_clockget_.o)
                              hw_include/libdriver.a(i2c_masterinit_.o) (SysCtlClockGet)
hw_include/libdriver.a(sysctl_peripheralenable_.o)
                              gcc/main.o (SysCtlPeripheralEnable)
hw_include/libdriver.a(sysctl_pulrcgcregs_.o)
                              hw_include/libdriver.a(sysctl_peripheralenable_.o) (g_pulRCGCRegs)
hw_include/libdriver.a(sysctl_pulxtals_.o)
                              hw_include/libdriver.a(sysctl_clockget_.o) (g_pulXtals)
hw_include/libdriver.a(timer_configure_.o)
                              gcc/main.o (TimerConfigure)
hw_include/libdriver.a(timer_enable_.o)
                              gcc/main.o (TimerEnable)
hw_include/libdriver.a(timer_intclear_.o)
                              gcc/main.o (TimerIntClear)
hw_include/libdriver.a(timer_intenable_.o)
                              gcc/main.o (TimerIntEnable)
hw_include/libdriver.a(timer_intregister_.o)
                              gcc/main.o (TimerIntRegister)
hw_include/libdriver.a(timer_loadset_.o)
                              gcc/main.o (TimerLoadSet)
hw_include/libdriver.a(uart_charget_.o)
                              gcc/main.o (UARTCharGet)
hw_include/libdriver.a(uart_charput_.o)
                              gcc/main.o (UARTCharPut)
hw_include/libdriver.a(uart_configset_.o)
                              gcc/main.o (UARTConfigSet)
hw_include/libdriver.a(uart_disable_.o)
                              hw_include/libdriver.a(uart_configset_.o) (UARTDisable)
hw_include/libdriver.a(uart_enable_.o)
                              hw_include/libdriver.a(uart_configset_.o) (UARTEnable)
hw_include/libdriver.a(uart_intclear_.o)
                              gcc/main.o (UARTIntClear)
hw_include/libdriver.a(uart_intenable_.o)
                              gcc/main.o (UARTIntEnable)
hw_include/libdriver.a(uart_intstatus_.o)
                              gcc/main.o (UARTIntStatus)
hw_include/libdriver.a(cpu_cpsie_.o)
                              hw_include/libdriver.a(interrupt_masterenable_.o) (CPUcpsie)
hw_include/libdriver.a(gpio_dirmodeset_.o)
                              hw_include/libdriver.a(gpio_pintypei2c_.o) (GPIODirModeSet)
hw_include/libdriver.a(gpio_padconfigset_.o)
                              hw_include/libdriver.a(gpio_pintypei2c_.o) (GPIOPadConfigSet)
hw_include/libdriver.a(i2c_masterenable_.o)
                              hw_include/libdriver.a(i2c_masterinit_.o) (I2CMasterEnable)
hw_include/libdriver.a(interrupt_register_.o)
                              hw_include/libdriver.a(timer_intregister_.o) (IntRegister)
hw_include/libdriver.a(interrupt_vtable_.o)
                              hw_include/libdriver.a(interrupt_register_.o) (g_pfnRAMVectors)
/usr/lib/gcc/arm-none-eabi/9.2.1/../../../arm-none-eabi/lib/thumb/nofp/libc.a(lib_a-memcpy-stub.o)
                              gcc/queue.o (memcpy)
/usr/lib/gcc/arm-none-eabi/9.2.1/../../../arm-none-eabi/lib/thumb/nofp/libc.a(lib_a-memset.o)
                              gcc/main.o (memset)

Allocating common symbols
Common symbol       size              file

colaSensor          0x4               gcc/main.o
pxTaskStatusArray   0x4               gcc/main.o
ulHighFrequencyTimerTicks
                    0x4               gcc/main.o
colaUART            0x4               gcc/main.o
colaPromedio        0x4               gcc/main.o

Memory Configuration

Name             Origin             Length             Attributes
FLASH            0x0000000000000000 0x0000000000010000 xr
SRAM             0x0000000020000000 0x0000000000002000 xrw
*default*        0x0000000000000000 0xffffffffffffffff

Linker script and memory map


.text           0x0000000000000000     0x369c
 *(.isr_vector)
 .isr_vector    0x0000000000000000       0xb8 gcc/startup.o
                0x0000000000000000                g_pfnVectors
 *(.text*)
 .text          0x00000000000000b8       0x10 gcc/startup.o
                0x00000000000000c4                ResetISR
 .text          0x00000000000000c8      0x6d4 gcc/main.o
                0x000000000000014c                Timer0IntHandler
                0x0000000000000208                iniciarDisplay
                0x0000000000000210                iniciarUART
                0x0000000000000248                vUART_ISR
                0x00000000000002a4                dibujarEjes
                0x0000000000000334                configurarTimer0
                0x0000000000000380                enviarCadenaUART0
                0x00000000000003b0                actualizarArregloCircular
                0x00000000000003e4                numeroAleatorio
                0x000000000000040c                calcularPromedio
                0x000000000000043c                convertirCadenaAEntero
                0x0000000000000468                obtenerValor
                0x0000000000000474                obtenerCaracterEquivalente
                0x00000000000005b0                utoa
                0x0000000000000640                imprimirEstadisticas
 .text.startup  0x000000000000079c       0xe0 gcc/main.o
                0x000000000000079c                main
 .text          0x000000000000087c       0x90 gcc/list.o
                0x000000000000087c                vListInitialise
                0x0000000000000894                vListInitialiseItem
                0x000000000000089c                vListInsertEnd
                0x00000000000008b8                vListInsert
                0x00000000000008e8                uxListRemove
 .text          0x000000000000090c      0x82c gcc/queue.o
                0x0000000000000a24                xQueueGenericReset
                0x0000000000000aa8                xQueueGenericCreate
                0x0000000000000af4                xQueueGenericSend
                0x0000000000000c08                xQueueGenericSendFromISR
                0x0000000000000c80                xQueueGiveFromISR
                0x0000000000000cf4                xQueueReceive
                0x0000000000000e10                xQueueSemaphoreTake
                0x0000000000000f18                xQueuePeek
                0x0000000000001028                xQueueReceiveFromISR
                0x00000000000010a4                xQueuePeekFromISR
                0x00000000000010d8                uxQueueMessagesWaiting
                0x00000000000010ec                uxQueueSpacesAvailable
                0x0000000000001104                uxQueueMessagesWaitingFromISR
                0x0000000000001108                vQueueDelete
                0x000000000000110c                uxQueueGetQueueNumber
                0x0000000000001110                vQueueSetQueueNumber
                0x0000000000001114                ucQueueGetQueueType
                0x000000000000111c                xQueueIsQueueEmptyFromISR
                0x0000000000001128                xQueueIsQueueFullFromISR
 .text          0x0000000000001138      0xff0 gcc/tasks.o
                0x00000000000012cc                xTaskCreate
                0x000000000000148c                eTaskGetState
                0x00000000000014c0                vTaskStartScheduler
                0x0000000000001524                vTaskEndScheduler
                0x0000000000001544                vTaskSuspendAll
                0x0000000000001558                xTaskResumeAll
                0x00000000000016a0                xTaskDelayUntil
                0x00000000000016f8                vTaskDelay
                0x0000000000001730                xTaskGetTickCount
                0x000000000000173c                xTaskGetTickCountFromISR
                0x0000000000001748                uxTaskGetNumberOfTasks
                0x0000000000001754                pcTaskGetName
                0x0000000000001768                xTaskCatchUpTicks
                0x0000000000001798                xTaskIncrementTick
                0x00000000000017b4                vTaskSwitchContext
                0x0000000000001830                vTaskPlaceOnEventList
                0x000000000000184c                vTaskPlaceOnUnorderedEventList
                0x000000000000188c                xTaskRemoveFromEventList
                0x000000000000194c                vTaskRemoveFromUnorderedEventList
                0x00000000000019e4                vTaskSetTimeOutState
                0x0000000000001a04                vTaskInternalSetTimeOutState
                0x0000000000001a14                xTaskCheckForTimeOut
                0x0000000000001a64                vTaskMissedYield
                0x0000000000001a74                uxTaskGetTaskNumber
                0x0000000000001a7c                vTaskSetTaskNumber
                0x0000000000001a84                vTaskGetInfo
                0x0000000000001b7c                uxTaskGetSystemState
                0x0000000000001c18                uxTaskGetStackHighWaterMark
                0x0000000000001c4c                xTaskGetCurrentTaskHandle
                0x0000000000001c58                uxTaskResetEventItemValue
                0x0000000000001c70                ulTaskGenericNotifyTake
                0x0000000000001cfc                xTaskGenericNotifyWait
                0x0000000000001da4                xTaskGenericNotify
                0x0000000000001eac                xTaskGenericNotifyFromISR
                0x0000000000001fd4                vTaskGenericNotifyGiveFromISR
                0x00000000000020c4                xTaskGenericNotifyStateClear
                0x00000000000020f8                ulTaskGenericNotifyValueClear
 *fill*         0x0000000000002128        0x8 
 .text          0x0000000000002130      0x1b8 gcc/port.o
                0x0000000000002170                pxPortInitialiseStack
                0x0000000000002198                vPortSVCHandler
                0x00000000000021c4                vPortEndScheduler
                0x00000000000021c8                vPortEnterCritical
                0x00000000000021e8                vPortExitCritical
                0x00000000000021fc                xPortPendSVHandler
                0x0000000000002244                xPortSysTickHandler
                0x0000000000002270                vPortSetupTimerInterrupt
                0x0000000000002298                xPortStartScheduler
 .text          0x00000000000022e8       0x8c gcc/heap_1.o
                0x00000000000022e8                pvPortMalloc
                0x0000000000002354                vPortFree
                0x0000000000002358                vPortInitialiseBlocks
                0x0000000000002364                xPortGetFreeHeapSize
 .text          0x0000000000002374      0x1f8 gcc/BlockQ.o
                0x00000000000023ec                vStartBlockingQueueTasks
                0x000000000000251c                xAreBlockingQueuesStillRunning
 .text          0x000000000000256c      0x128 gcc/PollQ.o
                0x0000000000002624                vStartPolledQueueTasks
                0x0000000000002678                xArePollingQueuesStillRunning
 .text          0x0000000000002694       0x9c gcc/integer.o
                0x00000000000026f4                vStartIntegerMathTasks
                0x000000000000271c                xAreIntegerMathsTaskStillRunning
 .text          0x0000000000002730      0x1d0 gcc/semtest.o
                0x0000000000002804                vStartSemaphoreTasks
                0x00000000000028cc                xAreSemaphoreTasksStillRunning
 .text          0x0000000000002900      0x350 gcc/osram96x16.o
                0x00000000000029ec                OSRAMClear
                0x0000000000002a38                OSRAMStringDraw
                0x0000000000002af0                OSRAMImageDraw
                0x0000000000002b60                OSRAMInit
                0x0000000000002be8                OSRAMDisplayOn
                0x0000000000002c28                OSRAMDisplayOff
 .text          0x0000000000002c50       0x20 hw_include/libdriver.a(gpio_pintypei2c_.o)
                0x0000000000002c50                GPIOPinTypeI2C
 .text          0x0000000000002c70        0x4 hw_include/libdriver.a(i2c_mastercontrol_.o)
                0x0000000000002c70                I2CMasterControl
 .text          0x0000000000002c74        0x4 hw_include/libdriver.a(i2c_masterdataput_.o)
                0x0000000000002c74                I2CMasterDataPut
 .text          0x0000000000002c78       0x34 hw_include/libdriver.a(i2c_masterinit_.o)
                0x0000000000002c78                I2CMasterInit
 .text          0x0000000000002cac       0x18 hw_include/libdriver.a(i2c_masterintstatus_.o)
                0x0000000000002cac                I2CMasterIntStatus
 .text          0x0000000000002cc4        0x8 hw_include/libdriver.a(i2c_masterslaveaddrset_.o)
                0x0000000000002cc4                I2CMasterSlaveAddrSet
 .text          0x0000000000002ccc       0x5c hw_include/libdriver.a(interrupt_enable_.o)
                0x0000000000002ccc                IntEnable
 .text          0x0000000000002d28        0xc hw_include/libdriver.a(interrupt_masterenable_.o)
                0x0000000000002d28                IntMasterEnable
 .text          0x0000000000002d34       0x30 hw_include/libdriver.a(interrupt_priorityset_.o)
                0x0000000000002d34                IntPrioritySet
 .text          0x0000000000002d64        0x0 hw_include/libdriver.a(interrupt_pulregs_.o)
 .text          0x0000000000002d64       0x90 hw_include/libdriver.a(sysctl_clockget_.o)
                0x0000000000002d64                SysCtlClockGet
 .text          0x0000000000002df4       0x1c hw_include/libdriver.a(sysctl_peripheralenable_.o)
                0x0000000000002df4                SysCtlPeripheralEnable
 .text          0x0000000000002e10        0x0 hw_include/libdriver.a(sysctl_pulrcgcregs_.o)
 .text          0x0000000000002e10        0x0 hw_include/libdriver.a(sysctl_pulxtals_.o)
 .text          0x0000000000002e10       0x20 hw_include/libdriver.a(timer_configure_.o)
                0x0000000000002e10                TimerConfigure
 .text          0x0000000000002e30       0x10 hw_include/libdriver.a(timer_enable_.o)
                0x0000000000002e30                TimerEnable
 .text          0x0000000000002e40        0x4 hw_include/libdriver.a(timer_intclear_.o)
                0x0000000000002e40                TimerIntClear
 .text          0x0000000000002e44        0x8 hw_include/libdriver.a(timer_intenable_.o)
                0x0000000000002e44                TimerIntEnable
 .text          0x0000000000002e4c       0x50 hw_include/libdriver.a(timer_intregister_.o)
                0x0000000000002e4c                TimerIntRegister
 .text          0x0000000000002e9c       0x14 hw_include/libdriver.a(timer_loadset_.o)
                0x0000000000002e9c                TimerLoadSet
 .text          0x0000000000002eb0       0x10 hw_include/libdriver.a(uart_charget_.o)
                0x0000000000002eb0                UARTCharGet
 .text          0x0000000000002ec0       0x10 hw_include/libdriver.a(uart_charput_.o)
                0x0000000000002ec0                UARTCharPut
 .text          0x0000000000002ed0       0x38 hw_include/libdriver.a(uart_configset_.o)
                0x0000000000002ed0                UARTConfigSet
 .text          0x0000000000002f08       0x24 hw_include/libdriver.a(uart_disable_.o)
                0x0000000000002f08                UARTDisable
 .text          0x0000000000002f2c       0x18 hw_include/libdriver.a(uart_enable_.o)
                0x0000000000002f2c                UARTEnable
 .text          0x0000000000002f44        0x4 hw_include/libdriver.a(uart_intclear_.o)
                0x0000000000002f44                UARTIntClear
 .text          0x0000000000002f48        0x8 hw_include/libdriver.a(uart_intenable_.o)
                0x0000000000002f48                UARTIntEnable
 .text          0x0000000000002f50        0xc hw_include/libdriver.a(uart_intstatus_.o)
                0x0000000000002f50                UARTIntStatus
 .text          0x0000000000002f5c        0x4 hw_include/libdriver.a(cpu_cpsie_.o)
                0x0000000000002f5c                CPUcpsie
 .text          0x0000000000002f60       0x48 hw_include/libdriver.a(gpio_dirmodeset_.o)
                0x0000000000002f60                GPIODirModeSet
 .text          0x0000000000002fa8      0x11c hw_include/libdriver.a(gpio_padconfigset_.o)
                0x0000000000002fa8                GPIOPadConfigSet
 .text          0x00000000000030c4        0xc hw_include/libdriver.a(i2c_masterenable_.o)
                0x00000000000030c4                I2CMasterEnable
 .text          0x00000000000030d0       0x3c hw_include/libdriver.a(interrupt_register_.o)
                0x00000000000030d0                IntRegister
 .text          0x000000000000310c        0x0 hw_include/libdriver.a(interrupt_vtable_.o)
 .text          0x000000000000310c       0xac /usr/lib/gcc/arm-none-eabi/9.2.1/../../../arm-none-eabi/lib/thumb/nofp/libc.a(lib_a-memcpy-stub.o)
                0x000000000000310c                memcpy
 .text          0x00000000000031b8       0xb0 /usr/lib/gcc/arm-none-eabi/9.2.1/../../../arm-none-eabi/lib/thumb/nofp/libc.a(lib_a-memset.o)
                0x00000000000031b8                memset
 *(.rodata*)
 .rodata.str1.4
                0x0000000000003268       0xf5 gcc/main.o
 *fill*         0x000000000000335d        0x3 
 .rodata.str1.4
                0x0000000000003360        0x5 gcc/tasks.o
 *fill*         0x0000000000003365        0x3 
 .rodata.str1.4
                0x0000000000003368       0x30 gcc/BlockQ.o
 .rodata.str1.4
                0x0000000000003398       0x10 gcc/PollQ.o
 .rodata.str1.4
                0x00000000000033a8        0x8 gcc/integer.o
 .rodata.str1.4
                0x00000000000033b0       0x20 gcc/semtest.o
 .rodata        0x00000000000033d0      0x25d gcc/osram96x16.o
 *fill*         0x000000000000362d        0x3 
 .rodata        0x0000000000003630       0x30 hw_include/libdriver.a(interrupt_pulregs_.o)
                0x0000000000003630                g_pulRegs
 .rodata        0x0000000000003660        0xc hw_include/libdriver.a(sysctl_pulrcgcregs_.o)
                0x0000000000003660                g_pulRCGCRegs
 .rodata        0x000000000000366c       0x30 hw_include/libdriver.a(sysctl_pulxtals_.o)
                0x000000000000366c                g_pulXtals
                0x000000000000369c                _etext = .

.glue_7         0x000000000000369c        0x0
 .glue_7        0x000000000000369c        0x0 linker stubs

.glue_7t        0x000000000000369c        0x0
 .glue_7t       0x000000000000369c        0x0 linker stubs

.vfp11_veneer   0x000000000000369c        0x0
 .vfp11_veneer  0x000000000000369c        0x0 linker stubs

.v4_bx          0x000000000000369c        0x0
 .v4_bx         0x000000000000369c        0x0 linker stubs

.iplt           0x000000000000369c        0x0
 .iplt          0x000000000000369c        0x0 gcc/startup.o

.rel.dyn        0x000000000000369c        0x0
 .rel.iplt      0x000000000000369c        0x0 gcc/startup.o

.data           0x0000000020000000       0xc0 load address 0x000000000000369c
                0x0000000020000000                _data = .
 *(vtable)
 vtable         0x0000000020000000       0xb8 hw_include/libdriver.a(interrupt_vtable_.o)
                0x0000000020000000                g_pfnRAMVectors
 *(.data)
 .data          0x00000000200000b8        0x0 gcc/startup.o
 .data          0x00000000200000b8        0x0 gcc/main.o
 .data          0x00000000200000b8        0x0 gcc/list.o
 .data          0x00000000200000b8        0x0 gcc/queue.o
 .data          0x00000000200000b8        0x4 gcc/tasks.o
                0x00000000200000b8                uxTopUsedPriority
 .data          0x00000000200000bc        0x4 gcc/port.o
 .data          0x00000000200000c0        0x0 gcc/heap_1.o
 .data          0x00000000200000c0        0x0 gcc/BlockQ.o
 .data          0x00000000200000c0        0x0 gcc/PollQ.o
 .data          0x00000000200000c0        0x0 gcc/integer.o
 .data          0x00000000200000c0        0x0 gcc/semtest.o
 .data          0x00000000200000c0        0x0 gcc/osram96x16.o
 .data          0x00000000200000c0        0x0 hw_include/libdriver.a(gpio_pintypei2c_.o)
 .data          0x00000000200000c0        0x0 hw_include/libdriver.a(i2c_mastercontrol_.o)
 .data          0x00000000200000c0        0x0 hw_include/libdriver.a(i2c_masterdataput_.o)
 .data          0x00000000200000c0        0x0 hw_include/libdriver.a(i2c_masterinit_.o)
 .data          0x00000000200000c0        0x0 hw_include/libdriver.a(i2c_masterintstatus_.o)
 .data          0x00000000200000c0        0x0 hw_include/libdriver.a(i2c_masterslaveaddrset_.o)
 .data          0x00000000200000c0        0x0 hw_include/libdriver.a(interrupt_enable_.o)
 .data          0x00000000200000c0        0x0 hw_include/libdriver.a(interrupt_masterenable_.o)
 .data          0x00000000200000c0        0x0 hw_include/libdriver.a(interrupt_priorityset_.o)
 .data          0x00000000200000c0        0x0 hw_include/libdriver.a(interrupt_pulregs_.o)
 .data          0x00000000200000c0        0x0 hw_include/libdriver.a(sysctl_clockget_.o)
 .data          0x00000000200000c0        0x0 hw_include/libdriver.a(sysctl_peripheralenable_.o)
 .data          0x00000000200000c0        0x0 hw_include/libdriver.a(sysctl_pulrcgcregs_.o)
 .data          0x00000000200000c0        0x0 hw_include/libdriver.a(sysctl_pulxtals_.o)
 .data          0x00000000200000c0        0x0 hw_include/libdriver.a(timer_configure_.o)
 .data          0x00000000200000c0        0x0 hw_include/libdriver.a(timer_enable_.o)
 .data          0x00000000200000c0        0x0 hw_include/libdriver.a(timer_intclear_.o)
 .data          0x00000000200000c0        0x0 hw_include/libdriver.a(timer_intenable_.o)
 .data          0x00000000200000c0        0x0 hw_include/libdriver.a(timer_intregister_.o)
 .data          0x00000000200000c0        0x0 hw_include/libdriver.a(timer_loadset_.o)
 .data          0x00000000200000c0        0x0 hw_include/libdriver.a(uart_charget_.o)
 .data          0x00000000200000c0        0x0 hw_include/libdriver.a(uart_charput_.o)
 .data          0x00000000200000c0        0x0 hw_include/libdriver.a(uart_configset_.o)
 .data          0x00000000200000c0        0x0 hw_include/libdriver.a(uart_disable_.o)
 .data          0x00000000200000c0        0x0 hw_include/libdriver.a(uart_enable_.o)
 .data          0x00000000200000c0        0x0 hw_include/libdriver.a(uart_intclear_.o)
 .data          0x00000000200000c0        0x0 hw_include/libdriver.a(uart_intenable_.o)
 .data          0x00000000200000c0        0x0 hw_include/libdriver.a(uart_intstatus_.o)
 .data          0x00000000200000c0        0x0 hw_include/libdriver.a(cpu_cpsie_.o)
 .data          0x00000000200000c0        0x0 hw_include/libdriver.a(gpio_dirmodeset_.o)
 .data          0x00000000200000c0        0x0 hw_include/libdriver.a(gpio_padconfigset_.o)
 .data          0x00000000200000c0        0x0 hw_include/libdriver.a(i2c_masterenable_.o)
 .data          0x00000000200000c0        0x0 hw_include/libdriver.a(interrupt_register_.o)
 .data          0x00000000200000c0        0x0 hw_include/libdriver.a(interrupt_vtable_.o)
 .data          0x00000000200000c0        0x0 /usr/lib/gcc/arm-none-eabi/9.2.1/../../../arm-none-eabi/lib/thumb/nofp/libc.a(lib_a-memcpy-stub.o)
 .data          0x00000000200000c0        0x0 /usr/lib/gcc/arm-none-eabi/9.2.1/../../../arm-none-eabi/lib/thumb/nofp/libc.a(lib_a-memset.o)
                0x00000000200000c0                _edata = .

.igot.plt       0x00000000200000c0        0x0 load address 0x000000000000375c
 .igot.plt      0x00000000200000c0        0x0 gcc/startup.o

.bss            0x00000000200000c0     0x15d8 load address 0x000000000000375c
                0x00000000200000c0                _bss = .
 *(.bss)
 .bss           0x00000000200000c0      0x100 gcc/startup.o
 .bss           0x00000000200001c0        0xc gcc/main.o
 .bss           0x00000000200001cc        0x0 gcc/list.o
 .bss           0x00000000200001cc        0x0 gcc/queue.o
 .bss           0x00000000200001cc       0xe0 gcc/tasks.o
                0x00000000200001d0                pxCurrentTCB
 .bss           0x00000000200002ac        0x0 gcc/port.o
 .bss           0x00000000200002ac     0x1390 gcc/heap_1.o
 .bss           0x000000002000163c       0x1e gcc/BlockQ.o
 *fill*         0x000000002000165a        0x2 
 .bss           0x000000002000165c        0xc gcc/PollQ.o
 .bss           0x0000000020001668        0x4 gcc/integer.o
 .bss           0x000000002000166c       0x14 gcc/semtest.o
 .bss           0x0000000020001680        0x4 gcc/osram96x16.o
 .bss           0x0000000020001684        0x0 hw_include/libdriver.a(gpio_pintypei2c_.o)
 .bss           0x0000000020001684        0x0 hw_include/libdriver.a(i2c_mastercontrol_.o)
 .bss           0x0000000020001684        0x0 hw_include/libdriver.a(i2c_masterdataput_.o)
 .bss           0x0000000020001684        0x0 hw_include/libdriver.a(i2c_masterinit_.o)
 .bss           0x0000000020001684        0x0 hw_include/libdriver.a(i2c_masterintstatus_.o)
 .bss           0x0000000020001684        0x0 hw_include/libdriver.a(i2c_masterslaveaddrset_.o)
 .bss           0x0000000020001684        0x0 hw_include/libdriver.a(interrupt_enable_.o)
 .bss           0x0000000020001684        0x0 hw_include/libdriver.a(interrupt_masterenable_.o)
 .bss           0x0000000020001684        0x0 hw_include/libdriver.a(interrupt_priorityset_.o)
 .bss           0x0000000020001684        0x0 hw_include/libdriver.a(interrupt_pulregs_.o)
 .bss           0x0000000020001684        0x0 hw_include/libdriver.a(sysctl_clockget_.o)
 .bss           0x0000000020001684        0x0 hw_include/libdriver.a(sysctl_peripheralenable_.o)
 .bss           0x0000000020001684        0x0 hw_include/libdriver.a(sysctl_pulrcgcregs_.o)
 .bss           0x0000000020001684        0x0 hw_include/libdriver.a(sysctl_pulxtals_.o)
 .bss           0x0000000020001684        0x0 hw_include/libdriver.a(timer_configure_.o)
 .bss           0x0000000020001684        0x0 hw_include/libdriver.a(timer_enable_.o)
 .bss           0x0000000020001684        0x0 hw_include/libdriver.a(timer_intclear_.o)
 .bss           0x0000000020001684        0x0 hw_include/libdriver.a(timer_intenable_.o)
 .bss           0x0000000020001684        0x0 hw_include/libdriver.a(timer_intregister_.o)
 .bss           0x0000000020001684        0x0 hw_include/libdriver.a(timer_loadset_.o)
 .bss           0x0000000020001684        0x0 hw_include/libdriver.a(uart_charget_.o)
 .bss           0x0000000020001684        0x0 hw_include/libdriver.a(uart_charput_.o)
 .bss           0x0000000020001684        0x0 hw_include/libdriver.a(uart_configset_.o)
 .bss           0x0000000020001684        0x0 hw_include/libdriver.a(uart_disable_.o)
 .bss           0x0000000020001684        0x0 hw_include/libdriver.a(uart_enable_.o)
 .bss           0x0000000020001684        0x0 hw_include/libdriver.a(uart_intclear_.o)
 .bss           0x0000000020001684        0x0 hw_include/libdriver.a(uart_intenable_.o)
 .bss           0x0000000020001684        0x0 hw_include/libdriver.a(uart_intstatus_.o)
 .bss           0x0000000020001684        0x0 hw_include/libdriver.a(cpu_cpsie_.o)
 .bss           0x0000000020001684        0x0 hw_include/libdriver.a(gpio_dirmodeset_.o)
 .bss           0x0000000020001684        0x0 hw_include/libdriver.a(gpio_padconfigset_.o)
 .bss           0x0000000020001684        0x0 hw_include/libdriver.a(i2c_masterenable_.o)
 .bss           0x0000000020001684        0x0 hw_include/libdriver.a(interrupt_register_.o)
 .bss           0x0000000020001684        0x0 hw_include/libdriver.a(interrupt_vtable_.o)
 .bss           0x0000000020001684        0x0 /usr/lib/gcc/arm-none-eabi/9.2.1/../../../arm-none-eabi/lib/thumb/nofp/libc.a(lib_a-memcpy-stub.o)
 .bss           0x0000000020001684        0x0 /usr/lib/gcc/arm-none-eabi/9.2.1/../../../arm-none-eabi/lib/thumb/nofp/libc.a(lib_a-memset.o)
 *(COMMON)
 COMMON         0x0000000020001684       0x14 gcc/main.o
                0x0000000020001684                colaSensor
                0x0000000020001688                pxTaskStatusArray
                0x000000002000168c                ulHighFrequencyTimerTicks
                0x0000000020001690                colaUART
                0x0000000020001694                colaPromedio
                0x0000000020001698                _ebss = .
LOAD gcc/startup.o
LOAD gcc/main.o
LOAD gcc/list.o
LOAD gcc/queue.o
LOAD gcc/tasks.o
LOAD gcc/port.o
LOAD gcc/heap_1.o
LOAD gcc/BlockQ.o
LOAD gcc/PollQ.o
LOAD gcc/integer.o
LOAD gcc/semtest.o
LOAD gcc/osram96x16.o
LOAD hw_include/libdriver.a
LOAD /usr/lib/gcc/arm-none-eabi/9.2.1/../../../arm-none-eabi/lib/thumb/nofp/libc.a
LOAD /usr/lib/gcc/arm-none-eabi/9.2.1/thumb/nofp/libgcc.a
OUTPUT(gcc/RTOSDemo.axf elf32-littlearm)
LOAD linker stubs

.debug_info     0x0000000000000000     0xdaf1
 .debug_info    0x0000000000000000      0x145 gcc/startup.o
 .debug_info    0x0000000000000145     0x1388 gcc/main.o
 .debug_info    0x00000000000014cd      0xb6e gcc/list.o
 .debug_info    0x000000000000203b     0x230b gcc/queue.o
 .debug_info    0x0000000000004346     0x2f2e gcc/tasks.o
 .debug_info    0x0000000000007274      0x38f gcc/port.o
 .debug_info    0x0000000000007603      0xa54 gcc/heap_1.o
 .debug_info    0x0000000000008057      0xeac gcc/BlockQ.o
 .debug_info    0x0000000000008f03      0xc6d gcc/PollQ.o
 .debug_info    0x0000000000009b70      0xacb gcc/integer.o
 .debug_info    0x000000000000a63b      0xdda gcc/semtest.o
 .debug_info    0x000000000000b415      0x886 gcc/osram96x16.o
 .debug_info    0x000000000000bc9b      0xf35 /usr/lib/gcc/arm-none-eabi/9.2.1/../../../arm-none-eabi/lib/thumb/nofp/libc.a(lib_a-memcpy-stub.o)
 .debug_info    0x000000000000cbd0      0xf21 /usr/lib/gcc/arm-none-eabi/9.2.1/../../../arm-none-eabi/lib/thumb/nofp/libc.a(lib_a-memset.o)

.debug_abbrev   0x0000000000000000     0x2606
 .debug_abbrev  0x0000000000000000       0xe3 gcc/startup.o
 .debug_abbrev  0x00000000000000e3      0x3f0 gcc/main.o
 .debug_abbrev  0x00000000000004d3      0x249 gcc/list.o
 .debug_abbrev  0x000000000000071c      0x427 gcc/queue.o
 .debug_abbrev  0x0000000000000b43      0x5ab gcc/tasks.o
 .debug_abbrev  0x00000000000010ee      0x218 gcc/port.o
 .debug_abbrev  0x0000000000001306      0x296 gcc/heap_1.o
 .debug_abbrev  0x000000000000159c      0x2da gcc/BlockQ.o
 .debug_abbrev  0x0000000000001876      0x29e gcc/PollQ.o
 .debug_abbrev  0x0000000000001b14      0x291 gcc/integer.o
 .debug_abbrev  0x0000000000001da5      0x2d4 gcc/semtest.o
 .debug_abbrev  0x0000000000002079      0x153 gcc/osram96x16.o
 .debug_abbrev  0x00000000000021cc      0x223 /usr/lib/gcc/arm-none-eabi/9.2.1/../../../arm-none-eabi/lib/thumb/nofp/libc.a(lib_a-memcpy-stub.o)
 .debug_abbrev  0x00000000000023ef      0x217 /usr/lib/gcc/arm-none-eabi/9.2.1/../../../arm-none-eabi/lib/thumb/nofp/libc.a(lib_a-memset.o)

.debug_aranges  0x0000000000000000      0x1c8
 .debug_aranges
                0x0000000000000000       0x20 gcc/startup.o
 .debug_aranges
                0x0000000000000020       0x28 gcc/main.o
 .debug_aranges
                0x0000000000000048       0x20 gcc/list.o
 .debug_aranges
                0x0000000000000068       0x20 gcc/queue.o
 .debug_aranges
                0x0000000000000088       0x20 gcc/tasks.o
 .debug_aranges
                0x00000000000000a8       0x20 gcc/port.o
 .debug_aranges
                0x00000000000000c8       0x20 gcc/heap_1.o
 .debug_aranges
                0x00000000000000e8       0x20 gcc/BlockQ.o
 .debug_aranges
                0x0000000000000108       0x20 gcc/PollQ.o
 .debug_aranges
                0x0000000000000128       0x20 gcc/integer.o
 .debug_aranges
                0x0000000000000148       0x20 gcc/semtest.o
 .debug_aranges
                0x0000000000000168       0x20 gcc/osram96x16.o
 .debug_aranges
                0x0000000000000188       0x20 /usr/lib/gcc/arm-none-eabi/9.2.1/../../../arm-none-eabi/lib/thumb/nofp/libc.a(lib_a-memcpy-stub.o)
 .debug_aranges
                0x00000000000001a8       0x20 /usr/lib/gcc/arm-none-eabi/9.2.1/../../../arm-none-eabi/lib/thumb/nofp/libc.a(lib_a-memset.o)

.debug_line     0x0000000000000000     0x54da
 .debug_line    0x0000000000000000       0xa5 gcc/startup.o
 .debug_line    0x00000000000000a5      0xcb7 gcc/main.o
 .debug_line    0x0000000000000d5c      0x2e0 gcc/list.o
 .debug_line    0x000000000000103c     0x109d gcc/queue.o
 .debug_line    0x00000000000020d9     0x19df gcc/tasks.o
 .debug_line    0x0000000000003ab8      0x330 gcc/port.o
 .debug_line    0x0000000000003de8      0x1f6 gcc/heap_1.o
 .debug_line    0x0000000000003fde      0x38a gcc/BlockQ.o
 .debug_line    0x0000000000004368      0x2ce gcc/PollQ.o
 .debug_line    0x0000000000004636      0x20e gcc/integer.o
 .debug_line    0x0000000000004844      0x3b0 gcc/semtest.o
 .debug_line    0x0000000000004bf4      0x424 gcc/osram96x16.o
 .debug_line    0x0000000000005018      0x247 /usr/lib/gcc/arm-none-eabi/9.2.1/../../../arm-none-eabi/lib/thumb/nofp/libc.a(lib_a-memcpy-stub.o)
 .debug_line    0x000000000000525f      0x27b /usr/lib/gcc/arm-none-eabi/9.2.1/../../../arm-none-eabi/lib/thumb/nofp/libc.a(lib_a-memset.o)

.debug_str      0x0000000000000000     0x26ad
 .debug_str     0x0000000000000000      0x157 gcc/startup.o
                                        0x176 (size before relaxing)
 .debug_str     0x0000000000000157      0x623 gcc/main.o
                                        0x784 (size before relaxing)
 .debug_str     0x000000000000077a      0x4ed gcc/list.o
                                        0x6af (size before relaxing)
 .debug_str     0x0000000000000c67      0x55d gcc/queue.o
                                        0xc5b (size before relaxing)
 .debug_str     0x00000000000011c4      0x90d gcc/tasks.o
                                       0x1348 (size before relaxing)
 .debug_str     0x0000000000001ad1       0xc1 gcc/port.o
                                        0x350 (size before relaxing)
 .debug_str     0x0000000000001b92       0x8b gcc/heap_1.o
                                        0x62c (size before relaxing)
 .debug_str     0x0000000000001c1d      0x215 gcc/BlockQ.o
                                        0x836 (size before relaxing)
 .debug_str     0x0000000000001e32       0xbf gcc/PollQ.o
                                        0x753 (size before relaxing)
 .debug_str     0x0000000000001ef1       0x95 gcc/integer.o
                                        0x678 (size before relaxing)
 .debug_str     0x0000000000001f86      0x158 gcc/semtest.o
                                        0x7e3 (size before relaxing)
 .debug_str     0x00000000000020de      0x172 gcc/osram96x16.o
                                        0x2bc (size before relaxing)
 .debug_str     0x0000000000002250      0x3c4 /usr/lib/gcc/arm-none-eabi/9.2.1/../../../arm-none-eabi/lib/thumb/nofp/libc.a(lib_a-memcpy-stub.o)
                                        0x8f0 (size before relaxing)
 .debug_str     0x0000000000002614       0x99 /usr/lib/gcc/arm-none-eabi/9.2.1/../../../arm-none-eabi/lib/thumb/nofp/libc.a(lib_a-memset.o)
                                        0x8cb (size before relaxing)

.comment        0x0000000000000000      0x509
 .comment       0x0000000000000000       0x59 gcc/startup.o
                                         0x5a (size before relaxing)
 .comment       0x0000000000000059       0x5a gcc/main.o
 .comment       0x0000000000000059       0x5a gcc/list.o
 .comment       0x0000000000000059       0x5a gcc/queue.o
 .comment       0x0000000000000059       0x5a gcc/tasks.o
 .comment       0x0000000000000059       0x5a gcc/port.o
 .comment       0x0000000000000059       0x5a gcc/heap_1.o
 .comment       0x0000000000000059       0x5a gcc/BlockQ.o
 .comment       0x0000000000000059       0x5a gcc/PollQ.o
 .comment       0x0000000000000059       0x5a gcc/integer.o
 .comment       0x0000000000000059       0x5a gcc/semtest.o
 .comment       0x0000000000000059       0x5a gcc/osram96x16.o
 .comment       0x0000000000000059       0x22 hw_include/libdriver.a(gpio_pintypei2c_.o)
 .comment       0x000000000000007b       0x22 hw_include/libdriver.a(i2c_mastercontrol_.o)
 .comment       0x000000000000009d       0x22 hw_include/libdriver.a(i2c_masterdataput_.o)
 .comment       0x00000000000000bf       0x22 hw_include/libdriver.a(i2c_masterinit_.o)
 .comment       0x00000000000000e1       0x22 hw_include/libdriver.a(i2c_masterintstatus_.o)
 .comment       0x0000000000000103       0x22 hw_include/libdriver.a(i2c_masterslaveaddrset_.o)
 .comment       0x0000000000000125       0x22 hw_include/libdriver.a(interrupt_enable_.o)
 .comment       0x0000000000000147       0x22 hw_include/libdriver.a(interrupt_masterenable_.o)
 .comment       0x0000000000000169       0x22 hw_include/libdriver.a(interrupt_priorityset_.o)
 .comment       0x000000000000018b       0x22 hw_include/libdriver.a(interrupt_pulregs_.o)
 .comment       0x00000000000001ad       0x22 hw_include/libdriver.a(sysctl_clockget_.o)
 .comment       0x00000000000001cf       0x22 hw_include/libdriver.a(sysctl_peripheralenable_.o)
 .comment       0x00000000000001f1       0x22 hw_include/libdriver.a(sysctl_pulrcgcregs_.o)
 .comment       0x0000000000000213       0x22 hw_include/libdriver.a(sysctl_pulxtals_.o)
 .comment       0x0000000000000235       0x22 hw_include/libdriver.a(timer_configure_.o)
 .comment       0x0000000000000257       0x22 hw_include/libdriver.a(timer_enable_.o)
 .comment       0x0000000000000279       0x22 hw_include/libdriver.a(timer_intclear_.o)
 .comment       0x000000000000029b       0x22 hw_include/libdriver.a(timer_intenable_.o)
 .comment       0x00000000000002bd       0x22 hw_include/libdriver.a(timer_intregister_.o)
 .comment       0x00000000000002df       0x22 hw_include/libdriver.a(timer_loadset_.o)
 .comment       0x0000000000000301       0x22 hw_include/libdriver.a(uart_charget_.o)
 .comment       0x0000000000000323       0x22 hw_include/libdriver.a(uart_charput_.o)
 .comment       0x0000000000000345       0x22 hw_include/libdriver.a(uart_configset_.o)
 .comment       0x0000000000000367       0x22 hw_include/libdriver.a(uart_disable_.o)
 .comment       0x0000000000000389       0x22 hw_include/libdriver.a(uart_enable_.o)
 .comment       0x00000000000003ab       0x22 hw_include/libdriver.a(uart_intclear_.o)
 .comment       0x00000000000003cd       0x22 hw_include/libdriver.a(uart_intenable_.o)
 .comment       0x00000000000003ef       0x22 hw_include/libdriver.a(uart_intstatus_.o)
 .comment       0x0000000000000411       0x22 hw_include/libdriver.a(gpio_dirmodeset_.o)
 .comment       0x0000000000000433       0x22 hw_include/libdriver.a(gpio_padconfigset_.o)
 .comment       0x0000000000000455       0x22 hw_include/libdriver.a(i2c_masterenable_.o)
 .comment       0x0000000000000477       0x22 hw_include/libdriver.a(interrupt_register_.o)
 .comment       0x0000000000000499       0x22 hw_include/libdriver.a(interrupt_vtable_.o)
 .comment       0x00000000000004bb       0x4e /usr/lib/gcc/arm-none-eabi/9.2.1/../../../arm-none-eabi/lib/thumb/nofp/libc.a(lib_a-memcpy-stub.o)
                                         0x4f (size before relaxing)
 .comment       0x0000000000000509       0x4f /usr/lib/gcc/arm-none-eabi/9.2.1/../../../arm-none-eabi/lib/thumb/nofp/libc.a(lib_a-memset.o)

.ARM.attributes
                0x0000000000000000       0x2d
 .ARM.attributes
                0x0000000000000000       0x2d gcc/startup.o
 .ARM.attributes
                0x000000000000002d       0x2d gcc/main.o
 .ARM.attributes
                0x000000000000005a       0x2d gcc/list.o
 .ARM.attributes
                0x0000000000000087       0x2d gcc/queue.o
 .ARM.attributes
                0x00000000000000b4       0x2d gcc/tasks.o
 .ARM.attributes
                0x00000000000000e1       0x2d gcc/port.o
 .ARM.attributes
                0x000000000000010e       0x2d gcc/heap_1.o
 .ARM.attributes
                0x000000000000013b       0x2d gcc/BlockQ.o
 .ARM.attributes
                0x0000000000000168       0x2d gcc/PollQ.o
 .ARM.attributes
                0x0000000000000195       0x2d gcc/integer.o
 .ARM.attributes
                0x00000000000001c2       0x2d gcc/semtest.o
 .ARM.attributes
                0x00000000000001ef       0x2d gcc/osram96x16.o
 .ARM.attributes
                0x000000000000021c       0x31 hw_include/libdriver.a(gpio_pintypei2c_.o)
 .ARM.attributes
                0x000000000000024d       0x31 hw_include/libdriver.a(i2c_mastercontrol_.o)
 .ARM.attributes
                0x000000000000027e       0x31 hw_include/libdriver.a(i2c_masterdataput_.o)
 .ARM.attributes
                0x00000000000002af       0x31 hw_include/libdriver.a(i2c_masterinit_.o)
 .ARM.attributes
                0x00000000000002e0       0x31 hw_include/libdriver.a(i2c_masterintstatus_.o)
 .ARM.attributes
                0x0000000000000311       0x31 hw_include/libdriver.a(i2c_masterslaveaddrset_.o)
 .ARM.attributes
                0x0000000000000342       0x31 hw_include/libdriver.a(interrupt_enable_.o)
 .ARM.attributes
                0x0000000000000373       0x31 hw_include/libdriver.a(interrupt_masterenable_.o)
 .ARM.attributes
                0x00000000000003a4       0x31 hw_include/libdriver.a(interrupt_priorityset_.o)
 .ARM.attributes
                0x00000000000003d5       0x2f hw_include/libdriver.a(interrupt_pulregs_.o)
 .ARM.attributes
                0x0000000000000404       0x31 hw_include/libdriver.a(sysctl_clockget_.o)
 .ARM.attributes
                0x0000000000000435       0x31 hw_include/libdriver.a(sysctl_peripheralenable_.o)
 .ARM.attributes
                0x0000000000000466       0x2f hw_include/libdriver.a(sysctl_pulrcgcregs_.o)
 .ARM.attributes
                0x0000000000000495       0x2f hw_include/libdriver.a(sysctl_pulxtals_.o)
 .ARM.attributes
                0x00000000000004c4       0x31 hw_include/libdriver.a(timer_configure_.o)
 .ARM.attributes
                0x00000000000004f5       0x31 hw_include/libdriver.a(timer_enable_.o)
 .ARM.attributes
                0x0000000000000526       0x31 hw_include/libdriver.a(timer_intclear_.o)
 .ARM.attributes
                0x0000000000000557       0x31 hw_include/libdriver.a(timer_intenable_.o)
 .ARM.attributes
                0x0000000000000588       0x31 hw_include/libdriver.a(timer_intregister_.o)
 .ARM.attributes
                0x00000000000005b9       0x31 hw_include/libdriver.a(timer_loadset_.o)
 .ARM.attributes
                0x00000000000005ea       0x31 hw_include/libdriver.a(uart_charget_.o)
 .ARM.attributes
                0x000000000000061b       0x31 hw_include/libdriver.a(uart_charput_.o)
 .ARM.attributes
                0x000000000000064c       0x31 hw_include/libdriver.a(uart_configset_.o)
 .ARM.attributes
                0x000000000000067d       0x31 hw_include/libdriver.a(uart_disable_.o)
 .ARM.attributes
                0x00000000000006ae       0x31 hw_include/libdriver.a(uart_enable_.o)
 .ARM.attributes
                0x00000000000006df       0x31 hw_include/libdriver.a(uart_intclear_.o)
 .ARM.attributes
                0x0000000000000710       0x31 hw_include/libdriver.a(uart_intenable_.o)
 .ARM.attributes
                0x0000000000000741       0x31 hw_include/libdriver.a(uart_intstatus_.o)
 .ARM.attributes
                0x0000000000000772       0x21 hw_include/libdriver.a(cpu_cpsie_.o)
 .ARM.attributes
                0x0000000000000793       0x31 hw_include/libdriver.a(gpio_dirmodeset_.o)
 .ARM.attributes
                0x00000000000007c4       0x31 hw_include/libdriver.a(gpio_padconfigset_.o)
 .ARM.attributes
                0x00000000000007f5       0x31 hw_include/libdriver.a(i2c_masterenable_.o)
 .ARM.attributes
                0x0000000000000826       0x31 hw_include/libdriver.a(interrupt_register_.o)
 .ARM.attributes
                0x0000000000000857       0x2f hw_include/libdriver.a(interrupt_vtable_.o)
 .ARM.attributes
                0x0000000000000886       0x2a /usr/lib/gcc/arm-none-eabi/9.2.1/../../../arm-none-eabi/lib/thumb/nofp/libc.a(lib_a-memcpy-stub.o)
 .ARM.attributes
                0x00000000000008b0       0x2a /usr/lib/gcc/arm-none-eabi/9.2.1/../../../arm-none-eabi/lib/thumb/nofp/libc.a(lib_a-memset.o)

.debug_frame    0x0000000000000000      0xf50
 .debug_frame   0x0000000000000000       0x50 gcc/startup.o
 .debug_frame   0x0000000000000050      0x250 gcc/main.o
 .debug_frame   0x00000000000002a0       0x88 gcc/list.o
 .debug_frame   0x0000000000000328      0x29c gcc/queue.o
 .debug_frame   0x00000000000005c4      0x454 gcc/tasks.o
 .debug_frame   0x0000000000000a18       0xf8 gcc/port.o
 .debug_frame   0x0000000000000b10       0x58 gcc/heap_1.o
 .debug_frame   0x0000000000000b68       0x9c gcc/BlockQ.o
 .debug_frame   0x0000000000000c04       0x84 gcc/PollQ.o
 .debug_frame   0x0000000000000c88       0x60 gcc/integer.o
 .debug_frame   0x0000000000000ce8       0x7c gcc/semtest.o
 .debug_frame   0x0000000000000d64      0x188 gcc/osram96x16.o
 .debug_frame   0x0000000000000eec       0x34 /usr/lib/gcc/arm-none-eabi/9.2.1/../../../arm-none-eabi/lib/thumb/nofp/libc.a(lib_a-memcpy-stub.o)
 .debug_frame   0x0000000000000f20       0x30 /usr/lib/gcc/arm-none-eabi/9.2.1/../../../arm-none-eabi/lib/thumb/nofp/libc.a(lib_a-memset.o)

.debug_loc      0x0000000000000000     0x5546
 .debug_loc     0x0000000000000000      0x9da gcc/main.o
 .debug_loc     0x00000000000009da       0xbc gcc/list.o
 .debug_loc     0x0000000000000a96     0x159c gcc/queue.o
 .debug_loc     0x0000000000002032     0x21d4 gcc/tasks.o
 .debug_loc     0x0000000000004206       0xbe gcc/port.o
 .debug_loc     0x00000000000042c4       0x97 gcc/heap_1.o
 .debug_loc     0x000000000000435b      0x244 gcc/BlockQ.o
 .debug_loc     0x000000000000459f      0x163 gcc/PollQ.o
 .debug_loc     0x0000000000004702      0x124 gcc/integer.o
 .debug_loc     0x0000000000004826      0x1ac gcc/semtest.o
 .debug_loc     0x00000000000049d2      0x414 gcc/osram96x16.o
 .debug_loc     0x0000000000004de6      0x481 /usr/lib/gcc/arm-none-eabi/9.2.1/../../../arm-none-eabi/lib/thumb/nofp/libc.a(lib_a-memcpy-stub.o)
 .debug_loc     0x0000000000005267      0x2df /usr/lib/gcc/arm-none-eabi/9.2.1/../../../arm-none-eabi/lib/thumb/nofp/libc.a(lib_a-memset.o)

.debug_ranges   0x0000000000000000      0xab8
 .debug_ranges  0x0000000000000000      0x168 gcc/main.o
 .debug_ranges  0x0000000000000168      0x2e0 gcc/queue.o
 .debug_ranges  0x0000000000000448      0x658 gcc/tasks.o
 .debug_ranges  0x0000000000000aa0       0x18 gcc/port.o
